Archive member included to satisfy reference by file (symbol)

/home/anirban/ccs_workspace2/1_WashingMachine/libdriver.a(gpio.o)
                              ./servo_init.o (GPIOPinTypePWM)
/home/anirban/ccs_workspace2/1_WashingMachine/libdriver.a(interrupt.o)
                              /home/anirban/ccs_workspace2/1_WashingMachine/libdriver.a(gpio.o) (IntRegister)
/home/anirban/ccs_workspace2/1_WashingMachine/libdriver.a(pwm.o)
                              ./servo_init.o (PWMGenConfigure)
/home/anirban/ccs_workspace2/1_WashingMachine/libdriver.a(sysctl.o)
                              ./servo_init.o (SysCtlPeripheralEnable)
/home/anirban/ccs_workspace2/1_WashingMachine/libdriver.a(cpu.o)
                              /home/anirban/ccs_workspace2/1_WashingMachine/libdriver.a(interrupt.o) (CPUcpsid)
/home/anirban/ti/ccs1020/ccs/tools/compiler/gcc-arm-none-eabi-7-2017-q4-major/bin/../lib/gcc/arm-none-eabi/7.2.1/thumb/v7e-m/libgcc.a(_arm_addsubdf3.o)
                              ./main.o (__aeabi_i2d)
/home/anirban/ti/ccs1020/ccs/tools/compiler/gcc-arm-none-eabi-7-2017-q4-major/bin/../lib/gcc/arm-none-eabi/7.2.1/thumb/v7e-m/libgcc.a(_arm_muldivdf3.o)
                              ./main.o (__aeabi_dmul)
/home/anirban/ti/ccs1020/ccs/tools/compiler/gcc-arm-none-eabi-7-2017-q4-major/bin/../lib/gcc/arm-none-eabi/7.2.1/thumb/v7e-m/libgcc.a(_arm_truncdfsf2.o)
                              ./main.o (__aeabi_d2f)
/home/anirban/ti/ccs1020/ccs/tools/compiler/gcc-arm-none-eabi-7-2017-q4-major/bin/../lib/gcc/arm-none-eabi/7.2.1/thumb/v7e-m/libgcc.a(_arm_addsubsf3.o)
                              ./servo_init.o (__aeabi_fadd)
/home/anirban/ti/ccs1020/ccs/tools/compiler/gcc-arm-none-eabi-7-2017-q4-major/bin/../lib/gcc/arm-none-eabi/7.2.1/thumb/v7e-m/libgcc.a(_arm_fixsfsi.o)
                              ./main.o (__aeabi_f2iz)
/home/anirban/ti/ccs1020/ccs/tools/compiler/gcc-arm-none-eabi-7-2017-q4-major/bin/../lib/gcc/arm-none-eabi/7.2.1/../../../../arm-none-eabi/lib/thumb/v7e-m/libg.a(lib_a-exit.o)
                              /home/anirban/ti/ccs1020/ccs/tools/compiler/gcc-arm-none-eabi-7-2017-q4-major/bin/../lib/gcc/arm-none-eabi/7.2.1/../../../../arm-none-eabi/lib/thumb/v7e-m/crt0.o (exit)
/home/anirban/ti/ccs1020/ccs/tools/compiler/gcc-arm-none-eabi-7-2017-q4-major/bin/../lib/gcc/arm-none-eabi/7.2.1/../../../../arm-none-eabi/lib/thumb/v7e-m/libg.a(lib_a-impure.o)
                              /home/anirban/ti/ccs1020/ccs/tools/compiler/gcc-arm-none-eabi-7-2017-q4-major/bin/../lib/gcc/arm-none-eabi/7.2.1/../../../../arm-none-eabi/lib/thumb/v7e-m/libg.a(lib_a-exit.o) (_global_impure_ptr)
/home/anirban/ti/ccs1020/ccs/tools/compiler/gcc-arm-none-eabi-7-2017-q4-major/bin/../lib/gcc/arm-none-eabi/7.2.1/../../../../arm-none-eabi/lib/thumb/v7e-m/libg.a(lib_a-init.o)
                              /home/anirban/ti/ccs1020/ccs/tools/compiler/gcc-arm-none-eabi-7-2017-q4-major/bin/../lib/gcc/arm-none-eabi/7.2.1/../../../../arm-none-eabi/lib/thumb/v7e-m/crt0.o (__libc_init_array)
/home/anirban/ti/ccs1020/ccs/tools/compiler/gcc-arm-none-eabi-7-2017-q4-major/bin/../lib/gcc/arm-none-eabi/7.2.1/../../../../arm-none-eabi/lib/thumb/v7e-m/libg.a(lib_a-memset.o)
                              /home/anirban/ti/ccs1020/ccs/tools/compiler/gcc-arm-none-eabi-7-2017-q4-major/bin/../lib/gcc/arm-none-eabi/7.2.1/../../../../arm-none-eabi/lib/thumb/v7e-m/crt0.o (memset)
/home/anirban/ti/ccs1020/ccs/tools/compiler/gcc-arm-none-eabi-7-2017-q4-major/bin/../lib/gcc/arm-none-eabi/7.2.1/../../../../arm-none-eabi/lib/thumb/v7e-m/libg.a(lib_a-__call_atexit.o)
                              /home/anirban/ti/ccs1020/ccs/tools/compiler/gcc-arm-none-eabi-7-2017-q4-major/bin/../lib/gcc/arm-none-eabi/7.2.1/../../../../arm-none-eabi/lib/thumb/v7e-m/libg.a(lib_a-exit.o) (__call_exitprocs)
/home/anirban/ti/ccs1020/ccs/tools/compiler/gcc-arm-none-eabi-7-2017-q4-major/bin/../lib/gcc/arm-none-eabi/7.2.1/../../../../arm-none-eabi/lib/thumb/v7e-m/libg.a(lib_a-atexit.o)
                              /home/anirban/ti/ccs1020/ccs/tools/compiler/gcc-arm-none-eabi-7-2017-q4-major/bin/../lib/gcc/arm-none-eabi/7.2.1/../../../../arm-none-eabi/lib/thumb/v7e-m/libg.a(lib_a-__call_atexit.o) (atexit)
/home/anirban/ti/ccs1020/ccs/tools/compiler/gcc-arm-none-eabi-7-2017-q4-major/bin/../lib/gcc/arm-none-eabi/7.2.1/../../../../arm-none-eabi/lib/thumb/v7e-m/libg.a(lib_a-fini.o)
                              /home/anirban/ti/ccs1020/ccs/tools/compiler/gcc-arm-none-eabi-7-2017-q4-major/bin/../lib/gcc/arm-none-eabi/7.2.1/../../../../arm-none-eabi/lib/thumb/v7e-m/libg.a(lib_a-__call_atexit.o) (__libc_fini_array)
/home/anirban/ti/ccs1020/ccs/tools/compiler/gcc-arm-none-eabi-7-2017-q4-major/bin/../lib/gcc/arm-none-eabi/7.2.1/../../../../arm-none-eabi/lib/thumb/v7e-m/libg.a(lib_a-lock.o)
                              /home/anirban/ti/ccs1020/ccs/tools/compiler/gcc-arm-none-eabi-7-2017-q4-major/bin/../lib/gcc/arm-none-eabi/7.2.1/../../../../arm-none-eabi/lib/thumb/v7e-m/libg.a(lib_a-__call_atexit.o) (__retarget_lock_acquire_recursive)
/home/anirban/ti/ccs1020/ccs/tools/compiler/gcc-arm-none-eabi-7-2017-q4-major/bin/../lib/gcc/arm-none-eabi/7.2.1/../../../../arm-none-eabi/lib/thumb/v7e-m/libg.a(lib_a-__atexit.o)
                              /home/anirban/ti/ccs1020/ccs/tools/compiler/gcc-arm-none-eabi-7-2017-q4-major/bin/../lib/gcc/arm-none-eabi/7.2.1/../../../../arm-none-eabi/lib/thumb/v7e-m/libg.a(lib_a-atexit.o) (__register_exitproc)
/home/anirban/ti/ccs1020/ccs/tools/compiler/gcc-arm-none-eabi-7-2017-q4-major/bin/../lib/gcc/arm-none-eabi/7.2.1/../../../../arm-none-eabi/lib/thumb/v7e-m/libnosys.a(_exit.o)
                              /home/anirban/ti/ccs1020/ccs/tools/compiler/gcc-arm-none-eabi-7-2017-q4-major/bin/../lib/gcc/arm-none-eabi/7.2.1/../../../../arm-none-eabi/lib/thumb/v7e-m/libg.a(lib_a-exit.o) (_exit)

Allocating common symbols
Common symbol       size              file

__lock___atexit_recursive_mutex
                    0x1               /home/anirban/ti/ccs1020/ccs/tools/compiler/gcc-arm-none-eabi-7-2017-q4-major/bin/../lib/gcc/arm-none-eabi/7.2.1/../../../../arm-none-eabi/lib/thumb/v7e-m/libg.a(lib_a-lock.o)
__lock___arc4random_mutex
                    0x1               /home/anirban/ti/ccs1020/ccs/tools/compiler/gcc-arm-none-eabi-7-2017-q4-major/bin/../lib/gcc/arm-none-eabi/7.2.1/../../../../arm-none-eabi/lib/thumb/v7e-m/libg.a(lib_a-lock.o)
__lock___env_recursive_mutex
                    0x1               /home/anirban/ti/ccs1020/ccs/tools/compiler/gcc-arm-none-eabi-7-2017-q4-major/bin/../lib/gcc/arm-none-eabi/7.2.1/../../../../arm-none-eabi/lib/thumb/v7e-m/libg.a(lib_a-lock.o)
__lock___sinit_recursive_mutex
                    0x1               /home/anirban/ti/ccs1020/ccs/tools/compiler/gcc-arm-none-eabi-7-2017-q4-major/bin/../lib/gcc/arm-none-eabi/7.2.1/../../../../arm-none-eabi/lib/thumb/v7e-m/libg.a(lib_a-lock.o)
__lock___malloc_recursive_mutex
                    0x1               /home/anirban/ti/ccs1020/ccs/tools/compiler/gcc-arm-none-eabi-7-2017-q4-major/bin/../lib/gcc/arm-none-eabi/7.2.1/../../../../arm-none-eabi/lib/thumb/v7e-m/libg.a(lib_a-lock.o)
__lock___at_quick_exit_mutex
                    0x1               /home/anirban/ti/ccs1020/ccs/tools/compiler/gcc-arm-none-eabi-7-2017-q4-major/bin/../lib/gcc/arm-none-eabi/7.2.1/../../../../arm-none-eabi/lib/thumb/v7e-m/libg.a(lib_a-lock.o)
__lock___dd_hash_mutex
                    0x1               /home/anirban/ti/ccs1020/ccs/tools/compiler/gcc-arm-none-eabi-7-2017-q4-major/bin/../lib/gcc/arm-none-eabi/7.2.1/../../../../arm-none-eabi/lib/thumb/v7e-m/libg.a(lib_a-lock.o)
__lock___tz_mutex   0x1               /home/anirban/ti/ccs1020/ccs/tools/compiler/gcc-arm-none-eabi-7-2017-q4-major/bin/../lib/gcc/arm-none-eabi/7.2.1/../../../../arm-none-eabi/lib/thumb/v7e-m/libg.a(lib_a-lock.o)
__lock___sfp_recursive_mutex
                    0x1               /home/anirban/ti/ccs1020/ccs/tools/compiler/gcc-arm-none-eabi-7-2017-q4-major/bin/../lib/gcc/arm-none-eabi/7.2.1/../../../../arm-none-eabi/lib/thumb/v7e-m/libg.a(lib_a-lock.o)

Memory Configuration

Name             Origin             Length             Attributes
FLASH            0x0000000000000000 0x0000000000040000 xr
SRAM             0x0000000020000000 0x0000000000008000 xw
*default*        0x0000000000000000 0xffffffffffffffff

Linker script and memory map

LOAD /home/anirban/ti/ccs1020/ccs/tools/compiler/gcc-arm-none-eabi-7-2017-q4-major/bin/../lib/gcc/arm-none-eabi/7.2.1/thumb/v7e-m/crti.o
LOAD /home/anirban/ti/ccs1020/ccs/tools/compiler/gcc-arm-none-eabi-7-2017-q4-major/bin/../lib/gcc/arm-none-eabi/7.2.1/thumb/v7e-m/crtbegin.o
LOAD /home/anirban/ti/ccs1020/ccs/tools/compiler/gcc-arm-none-eabi-7-2017-q4-major/bin/../lib/gcc/arm-none-eabi/7.2.1/../../../../arm-none-eabi/lib/thumb/v7e-m/crt0.o
LOAD ./adc.o
LOAD ./main.o
LOAD ./servo_init.o
LOAD ./tm4c123gh6pm_startup_ccs_gcc.o
                0x0000000000000000                PROVIDE (_intvecs_base_address, 0x0)

.intvecs        0x0000000000000000      0x26c
 *(.intvecs)
 .intvecs       0x0000000000000000      0x26c ./tm4c123gh6pm_startup_ccs_gcc.o
                0x0000000000000000                g_pfnVectors
                0x0000000020000000                PROVIDE (_vtable_base_address, 0x20000000)

.vtable
 *(.vtable)

.text           0x0000000000000270     0x2bbc
 CREATE_OBJECT_SYMBOLS
 *(.text)
 .text          0x0000000000000270        0x0 /home/anirban/ti/ccs1020/ccs/tools/compiler/gcc-arm-none-eabi-7-2017-q4-major/bin/../lib/gcc/arm-none-eabi/7.2.1/thumb/v7e-m/crti.o
 .text          0x0000000000000270       0x40 /home/anirban/ti/ccs1020/ccs/tools/compiler/gcc-arm-none-eabi-7-2017-q4-major/bin/../lib/gcc/arm-none-eabi/7.2.1/thumb/v7e-m/crtbegin.o
 .text          0x00000000000002b0       0x74 /home/anirban/ti/ccs1020/ccs/tools/compiler/gcc-arm-none-eabi-7-2017-q4-major/bin/../lib/gcc/arm-none-eabi/7.2.1/../../../../arm-none-eabi/lib/thumb/v7e-m/crt0.o
                0x00000000000002b0                _mainCRTStartup
                0x00000000000002b0                _start
 .text          0x0000000000000324        0x0 ./adc.o
 .text          0x0000000000000324        0x0 ./main.o
 .text          0x0000000000000324        0x0 ./servo_init.o
 .text          0x0000000000000324        0x0 ./tm4c123gh6pm_startup_ccs_gcc.o
 .text          0x0000000000000324        0x0 /home/anirban/ccs_workspace2/1_WashingMachine/libdriver.a(gpio.o)
 .text          0x0000000000000324        0x0 /home/anirban/ccs_workspace2/1_WashingMachine/libdriver.a(interrupt.o)
 .text          0x0000000000000324        0x0 /home/anirban/ccs_workspace2/1_WashingMachine/libdriver.a(pwm.o)
 .text          0x0000000000000324        0x0 /home/anirban/ccs_workspace2/1_WashingMachine/libdriver.a(sysctl.o)
 .text          0x0000000000000324        0x0 /home/anirban/ccs_workspace2/1_WashingMachine/libdriver.a(cpu.o)
 .text          0x0000000000000324      0x378 /home/anirban/ti/ccs1020/ccs/tools/compiler/gcc-arm-none-eabi-7-2017-q4-major/bin/../lib/gcc/arm-none-eabi/7.2.1/thumb/v7e-m/libgcc.a(_arm_addsubdf3.o)
                0x0000000000000324                __aeabi_drsub
                0x000000000000032c                __aeabi_dsub
                0x000000000000032c                __subdf3
                0x0000000000000330                __adddf3
                0x0000000000000330                __aeabi_dadd
                0x00000000000005a8                __aeabi_ui2d
                0x00000000000005a8                __floatunsidf
                0x00000000000005c8                __floatsidf
                0x00000000000005c8                __aeabi_i2d
                0x00000000000005ec                __extendsfdf2
                0x00000000000005ec                __aeabi_f2d
                0x0000000000000630                __aeabi_ul2d
                0x0000000000000630                __floatundidf
                0x0000000000000640                __floatdidf
                0x0000000000000640                __aeabi_l2d
 .text          0x000000000000069c      0x424 /home/anirban/ti/ccs1020/ccs/tools/compiler/gcc-arm-none-eabi-7-2017-q4-major/bin/../lib/gcc/arm-none-eabi/7.2.1/thumb/v7e-m/libgcc.a(_arm_muldivdf3.o)
                0x000000000000069c                __aeabi_dmul
                0x000000000000069c                __muldf3
                0x00000000000008f0                __aeabi_ddiv
                0x00000000000008f0                __divdf3
 .text          0x0000000000000ac0       0xa0 /home/anirban/ti/ccs1020/ccs/tools/compiler/gcc-arm-none-eabi-7-2017-q4-major/bin/../lib/gcc/arm-none-eabi/7.2.1/thumb/v7e-m/libgcc.a(_arm_truncdfsf2.o)
                0x0000000000000ac0                __aeabi_d2f
                0x0000000000000ac0                __truncdfsf2
 .text          0x0000000000000b60      0x21c /home/anirban/ti/ccs1020/ccs/tools/compiler/gcc-arm-none-eabi-7-2017-q4-major/bin/../lib/gcc/arm-none-eabi/7.2.1/thumb/v7e-m/libgcc.a(_arm_addsubsf3.o)
                0x0000000000000b60                __aeabi_frsub
                0x0000000000000b68                __subsf3
                0x0000000000000b68                __aeabi_fsub
                0x0000000000000b6c                __aeabi_fadd
                0x0000000000000b6c                __addsf3
                0x0000000000000ccc                __aeabi_ui2f
                0x0000000000000ccc                __floatunsisf
                0x0000000000000cd4                __aeabi_i2f
                0x0000000000000cd4                __floatsisf
                0x0000000000000cf0                __floatundisf
                0x0000000000000cf0                __aeabi_ul2f
                0x0000000000000d00                __floatdisf
                0x0000000000000d00                __aeabi_l2f
 .text          0x0000000000000d7c       0x4c /home/anirban/ti/ccs1020/ccs/tools/compiler/gcc-arm-none-eabi-7-2017-q4-major/bin/../lib/gcc/arm-none-eabi/7.2.1/thumb/v7e-m/libgcc.a(_arm_fixsfsi.o)
                0x0000000000000d7c                __fixsfsi
                0x0000000000000d7c                __aeabi_f2iz
 .text          0x0000000000000dc8        0x0 /home/anirban/ti/ccs1020/ccs/tools/compiler/gcc-arm-none-eabi-7-2017-q4-major/bin/../lib/gcc/arm-none-eabi/7.2.1/../../../../arm-none-eabi/lib/thumb/v7e-m/libg.a(lib_a-exit.o)
 .text          0x0000000000000dc8        0x0 /home/anirban/ti/ccs1020/ccs/tools/compiler/gcc-arm-none-eabi-7-2017-q4-major/bin/../lib/gcc/arm-none-eabi/7.2.1/../../../../arm-none-eabi/lib/thumb/v7e-m/libg.a(lib_a-impure.o)
 .text          0x0000000000000dc8        0x0 /home/anirban/ti/ccs1020/ccs/tools/compiler/gcc-arm-none-eabi-7-2017-q4-major/bin/../lib/gcc/arm-none-eabi/7.2.1/../../../../arm-none-eabi/lib/thumb/v7e-m/libg.a(lib_a-init.o)
 .text          0x0000000000000dc8        0x0 /home/anirban/ti/ccs1020/ccs/tools/compiler/gcc-arm-none-eabi-7-2017-q4-major/bin/../lib/gcc/arm-none-eabi/7.2.1/../../../../arm-none-eabi/lib/thumb/v7e-m/libg.a(lib_a-memset.o)
 .text          0x0000000000000dc8        0x0 /home/anirban/ti/ccs1020/ccs/tools/compiler/gcc-arm-none-eabi-7-2017-q4-major/bin/../lib/gcc/arm-none-eabi/7.2.1/../../../../arm-none-eabi/lib/thumb/v7e-m/libg.a(lib_a-__call_atexit.o)
 .text          0x0000000000000dc8        0x0 /home/anirban/ti/ccs1020/ccs/tools/compiler/gcc-arm-none-eabi-7-2017-q4-major/bin/../lib/gcc/arm-none-eabi/7.2.1/../../../../arm-none-eabi/lib/thumb/v7e-m/libg.a(lib_a-atexit.o)
 .text          0x0000000000000dc8        0x0 /home/anirban/ti/ccs1020/ccs/tools/compiler/gcc-arm-none-eabi-7-2017-q4-major/bin/../lib/gcc/arm-none-eabi/7.2.1/../../../../arm-none-eabi/lib/thumb/v7e-m/libg.a(lib_a-fini.o)
 .text          0x0000000000000dc8        0x0 /home/anirban/ti/ccs1020/ccs/tools/compiler/gcc-arm-none-eabi-7-2017-q4-major/bin/../lib/gcc/arm-none-eabi/7.2.1/../../../../arm-none-eabi/lib/thumb/v7e-m/libg.a(lib_a-lock.o)
 .text          0x0000000000000dc8        0x0 /home/anirban/ti/ccs1020/ccs/tools/compiler/gcc-arm-none-eabi-7-2017-q4-major/bin/../lib/gcc/arm-none-eabi/7.2.1/../../../../arm-none-eabi/lib/thumb/v7e-m/libg.a(lib_a-__atexit.o)
 .text          0x0000000000000dc8        0x0 /home/anirban/ti/ccs1020/ccs/tools/compiler/gcc-arm-none-eabi-7-2017-q4-major/bin/../lib/gcc/arm-none-eabi/7.2.1/../../../../arm-none-eabi/lib/thumb/v7e-m/libnosys.a(_exit.o)
 .text          0x0000000000000dc8        0x0 /home/anirban/ti/ccs1020/ccs/tools/compiler/gcc-arm-none-eabi-7-2017-q4-major/bin/../lib/gcc/arm-none-eabi/7.2.1/thumb/v7e-m/crtend.o
 .text          0x0000000000000dc8        0x0 /home/anirban/ti/ccs1020/ccs/tools/compiler/gcc-arm-none-eabi-7-2017-q4-major/bin/../lib/gcc/arm-none-eabi/7.2.1/thumb/v7e-m/crtn.o
 *(.text.*)
 .text.adc_init
                0x0000000000000dc8      0x15c ./adc.o
                0x0000000000000dc8                adc_init
 *fill*         0x0000000000000f24        0x4 
 .text.main     0x0000000000000f28      0x254 ./main.o
                0x0000000000000f28                main
 *fill*         0x000000000000117c        0x4 
 .text.servo_rotate_C
                0x0000000000001180       0x68 ./servo_init.o
                0x0000000000001180                servo_rotate_C
 .text.servo_rotate_E
                0x00000000000011e8       0x68 ./servo_init.o
                0x00000000000011e8                servo_rotate_E
 .text.servo_rotate_F
                0x0000000000001250       0x68 ./servo_init.o
                0x0000000000001250                servo_rotate_F
 .text.PWM_PORTC
                0x00000000000012b8       0x78 ./servo_init.o
                0x00000000000012b8                PWM_PORTC
 .text.PWM_PORTE
                0x0000000000001330       0x70 ./servo_init.o
                0x0000000000001330                PWM_PORTE
 .text.PWM_PORTF
                0x00000000000013a0       0xa8 ./servo_init.o
                0x00000000000013a0                PWM_PORTF
 .text.delayMs  0x0000000000001448       0x3c ./servo_init.o
                0x0000000000001448                delayMs
 .text.ResetISR
                0x0000000000001484       0x6c ./tm4c123gh6pm_startup_ccs_gcc.o
                0x0000000000001484                ResetISR
 .text.NmiSR    0x00000000000014f0        0x6 ./tm4c123gh6pm_startup_ccs_gcc.o
 .text.FaultISR
                0x00000000000014f6        0x6 ./tm4c123gh6pm_startup_ccs_gcc.o
 .text.IntDefaultHandler
                0x00000000000014fc        0x6 ./tm4c123gh6pm_startup_ccs_gcc.o
 *fill*         0x0000000000001502        0x2 
 .text._GPIOIntNumberGet
                0x0000000000001504       0x44 /home/anirban/ccs_workspace2/1_WashingMachine/libdriver.a(gpio.o)
 .text.GPIODirModeSet
                0x0000000000001548       0x26 /home/anirban/ccs_workspace2/1_WashingMachine/libdriver.a(gpio.o)
                0x0000000000001548                GPIODirModeSet
 .text.GPIODirModeGet
                0x000000000000156e       0x26 /home/anirban/ccs_workspace2/1_WashingMachine/libdriver.a(gpio.o)
                0x000000000000156e                GPIODirModeGet
 .text.GPIOIntTypeSet
                0x0000000000001594       0x4e /home/anirban/ccs_workspace2/1_WashingMachine/libdriver.a(gpio.o)
                0x0000000000001594                GPIOIntTypeSet
 .text.GPIOIntTypeGet
                0x00000000000015e2       0x40 /home/anirban/ccs_workspace2/1_WashingMachine/libdriver.a(gpio.o)
                0x00000000000015e2                GPIOIntTypeGet
 .text.GPIOPadConfigSet
                0x0000000000001622      0x106 /home/anirban/ccs_workspace2/1_WashingMachine/libdriver.a(gpio.o)
                0x0000000000001622                GPIOPadConfigSet
 .text.GPIOPadConfigGet
                0x0000000000001728       0xd0 /home/anirban/ccs_workspace2/1_WashingMachine/libdriver.a(gpio.o)
                0x0000000000001728                GPIOPadConfigGet
 .text.GPIOIntEnable
                0x00000000000017f8        0xc /home/anirban/ccs_workspace2/1_WashingMachine/libdriver.a(gpio.o)
                0x00000000000017f8                GPIOIntEnable
 .text.GPIOIntDisable
                0x0000000000001804        0xe /home/anirban/ccs_workspace2/1_WashingMachine/libdriver.a(gpio.o)
                0x0000000000001804                GPIOIntDisable
 .text.GPIOIntStatus
                0x0000000000001812        0xe /home/anirban/ccs_workspace2/1_WashingMachine/libdriver.a(gpio.o)
                0x0000000000001812                GPIOIntStatus
 .text.GPIOIntClear
                0x0000000000001820        0x6 /home/anirban/ccs_workspace2/1_WashingMachine/libdriver.a(gpio.o)
                0x0000000000001820                GPIOIntClear
 .text.GPIOIntRegister
                0x0000000000001826       0x1c /home/anirban/ccs_workspace2/1_WashingMachine/libdriver.a(gpio.o)
                0x0000000000001826                GPIOIntRegister
 .text.GPIOIntUnregister
                0x0000000000001842       0x16 /home/anirban/ccs_workspace2/1_WashingMachine/libdriver.a(gpio.o)
                0x0000000000001842                GPIOIntUnregister
 .text.GPIOPinRead
                0x0000000000001858        0x6 /home/anirban/ccs_workspace2/1_WashingMachine/libdriver.a(gpio.o)
                0x0000000000001858                GPIOPinRead
 .text.GPIOPinWrite
                0x000000000000185e        0x6 /home/anirban/ccs_workspace2/1_WashingMachine/libdriver.a(gpio.o)
                0x000000000000185e                GPIOPinWrite
 .text.GPIOPinTypeADC
                0x0000000000001864       0x18 /home/anirban/ccs_workspace2/1_WashingMachine/libdriver.a(gpio.o)
                0x0000000000001864                GPIOPinTypeADC
 .text.GPIOPinTypeCAN
                0x000000000000187c       0x18 /home/anirban/ccs_workspace2/1_WashingMachine/libdriver.a(gpio.o)
                0x000000000000187c                GPIOPinTypeCAN
 .text.GPIOPinTypeComparator
                0x0000000000001894        0x4 /home/anirban/ccs_workspace2/1_WashingMachine/libdriver.a(gpio.o)
                0x0000000000001894                GPIOPinTypeComparator
 .text.GPIOPinTypeEPI
                0x0000000000001898        0x4 /home/anirban/ccs_workspace2/1_WashingMachine/libdriver.a(gpio.o)
                0x0000000000001898                GPIOPinTypeEPI
 .text.GPIOPinTypeEthernetLED
                0x000000000000189c        0x4 /home/anirban/ccs_workspace2/1_WashingMachine/libdriver.a(gpio.o)
                0x000000000000189c                GPIOPinTypeEthernetLED
 .text.GPIOPinTypeEthernetMII
                0x00000000000018a0        0x4 /home/anirban/ccs_workspace2/1_WashingMachine/libdriver.a(gpio.o)
                0x00000000000018a0                GPIOPinTypeEthernetMII
 .text.GPIOPinTypeGPIOInput
                0x00000000000018a4       0x18 /home/anirban/ccs_workspace2/1_WashingMachine/libdriver.a(gpio.o)
                0x00000000000018a4                GPIOPinTypeGPIOInput
 .text.GPIOPinTypeGPIOOutput
                0x00000000000018bc       0x18 /home/anirban/ccs_workspace2/1_WashingMachine/libdriver.a(gpio.o)
                0x00000000000018bc                GPIOPinTypeGPIOOutput
 .text.GPIOPinTypeGPIOOutputOD
                0x00000000000018d4       0x18 /home/anirban/ccs_workspace2/1_WashingMachine/libdriver.a(gpio.o)
                0x00000000000018d4                GPIOPinTypeGPIOOutputOD
 .text.GPIOPinTypeI2C
                0x00000000000018ec       0x18 /home/anirban/ccs_workspace2/1_WashingMachine/libdriver.a(gpio.o)
                0x00000000000018ec                GPIOPinTypeI2C
 .text.GPIOPinTypeI2CSCL
                0x0000000000001904       0x18 /home/anirban/ccs_workspace2/1_WashingMachine/libdriver.a(gpio.o)
                0x0000000000001904                GPIOPinTypeI2CSCL
 .text.GPIOPinTypeLCD
                0x000000000000191c        0x4 /home/anirban/ccs_workspace2/1_WashingMachine/libdriver.a(gpio.o)
                0x000000000000191c                GPIOPinTypeLCD
 .text.GPIOPinTypeLPC
                0x0000000000001920        0x4 /home/anirban/ccs_workspace2/1_WashingMachine/libdriver.a(gpio.o)
                0x0000000000001920                GPIOPinTypeLPC
 .text.GPIOPinTypePECIRx
                0x0000000000001924        0x4 /home/anirban/ccs_workspace2/1_WashingMachine/libdriver.a(gpio.o)
                0x0000000000001924                GPIOPinTypePECIRx
 .text.GPIOPinTypePECITx
                0x0000000000001928        0x4 /home/anirban/ccs_workspace2/1_WashingMachine/libdriver.a(gpio.o)
                0x0000000000001928                GPIOPinTypePECITx
 .text.GPIOPinTypePWM
                0x000000000000192c        0x4 /home/anirban/ccs_workspace2/1_WashingMachine/libdriver.a(gpio.o)
                0x000000000000192c                GPIOPinTypePWM
 .text.GPIOPinTypeQEI
                0x0000000000001930       0x18 /home/anirban/ccs_workspace2/1_WashingMachine/libdriver.a(gpio.o)
                0x0000000000001930                GPIOPinTypeQEI
 .text.GPIOPinTypeSSI
                0x0000000000001948        0x4 /home/anirban/ccs_workspace2/1_WashingMachine/libdriver.a(gpio.o)
                0x0000000000001948                GPIOPinTypeSSI
 .text.GPIOPinTypeTimer
                0x000000000000194c        0x4 /home/anirban/ccs_workspace2/1_WashingMachine/libdriver.a(gpio.o)
                0x000000000000194c                GPIOPinTypeTimer
 .text.GPIOPinTypeUART
                0x0000000000001950        0x4 /home/anirban/ccs_workspace2/1_WashingMachine/libdriver.a(gpio.o)
                0x0000000000001950                GPIOPinTypeUART
 .text.GPIOPinTypeUSBAnalog
                0x0000000000001954        0x4 /home/anirban/ccs_workspace2/1_WashingMachine/libdriver.a(gpio.o)
                0x0000000000001954                GPIOPinTypeUSBAnalog
 .text.GPIOPinTypeUSBDigital
                0x0000000000001958        0x4 /home/anirban/ccs_workspace2/1_WashingMachine/libdriver.a(gpio.o)
                0x0000000000001958                GPIOPinTypeUSBDigital
 .text.GPIOPinTypeWakeHigh
                0x000000000000195c       0x1a /home/anirban/ccs_workspace2/1_WashingMachine/libdriver.a(gpio.o)
                0x000000000000195c                GPIOPinTypeWakeHigh
 .text.GPIOPinTypeWakeLow
                0x0000000000001976       0x1a /home/anirban/ccs_workspace2/1_WashingMachine/libdriver.a(gpio.o)
                0x0000000000001976                GPIOPinTypeWakeLow
 .text.GPIOPinTypeKBRow
                0x0000000000001990        0x4 /home/anirban/ccs_workspace2/1_WashingMachine/libdriver.a(gpio.o)
                0x0000000000001990                GPIOPinTypeKBRow
 .text.GPIOPinTypeKBColumn
                0x0000000000001994        0x4 /home/anirban/ccs_workspace2/1_WashingMachine/libdriver.a(gpio.o)
                0x0000000000001994                GPIOPinTypeKBColumn
 .text.GPIOPinTypeLEDSeq
                0x0000000000001998        0x4 /home/anirban/ccs_workspace2/1_WashingMachine/libdriver.a(gpio.o)
                0x0000000000001998                GPIOPinTypeLEDSeq
 .text.GPIOPinTypeCIR
                0x000000000000199c        0x4 /home/anirban/ccs_workspace2/1_WashingMachine/libdriver.a(gpio.o)
                0x000000000000199c                GPIOPinTypeCIR
 .text.GPIOPinWakeStatus
                0x00000000000019a0        0x6 /home/anirban/ccs_workspace2/1_WashingMachine/libdriver.a(gpio.o)
                0x00000000000019a0                GPIOPinWakeStatus
 *fill*         0x00000000000019a6        0x2 
 .text.GPIOPinConfigure
                0x00000000000019a8       0x44 /home/anirban/ccs_workspace2/1_WashingMachine/libdriver.a(gpio.o)
                0x00000000000019a8                GPIOPinConfigure
 .text.GPIODMATriggerEnable
                0x00000000000019ec        0xc /home/anirban/ccs_workspace2/1_WashingMachine/libdriver.a(gpio.o)
                0x00000000000019ec                GPIODMATriggerEnable
 .text.GPIODMATriggerDisable
                0x00000000000019f8        0xe /home/anirban/ccs_workspace2/1_WashingMachine/libdriver.a(gpio.o)
                0x00000000000019f8                GPIODMATriggerDisable
 .text.GPIOADCTriggerEnable
                0x0000000000001a06        0xc /home/anirban/ccs_workspace2/1_WashingMachine/libdriver.a(gpio.o)
                0x0000000000001a06                GPIOADCTriggerEnable
 .text.GPIOADCTriggerDisable
                0x0000000000001a12        0xe /home/anirban/ccs_workspace2/1_WashingMachine/libdriver.a(gpio.o)
                0x0000000000001a12                GPIOADCTriggerDisable
 .text._IntDefaultHandler
                0x0000000000001a20        0x2 /home/anirban/ccs_workspace2/1_WashingMachine/libdriver.a(interrupt.o)
 .text.IntMasterEnable
                0x0000000000001a22        0xe /home/anirban/ccs_workspace2/1_WashingMachine/libdriver.a(interrupt.o)
                0x0000000000001a22                IntMasterEnable
 .text.IntMasterDisable
                0x0000000000001a30        0xe /home/anirban/ccs_workspace2/1_WashingMachine/libdriver.a(interrupt.o)
                0x0000000000001a30                IntMasterDisable
 *fill*         0x0000000000001a3e        0x2 
 .text.IntRegister
                0x0000000000001a40       0x38 /home/anirban/ccs_workspace2/1_WashingMachine/libdriver.a(interrupt.o)
                0x0000000000001a40                IntRegister
 .text.IntUnregister
                0x0000000000001a78       0x14 /home/anirban/ccs_workspace2/1_WashingMachine/libdriver.a(interrupt.o)
                0x0000000000001a78                IntUnregister
 .text.IntPriorityGroupingSet
                0x0000000000001a8c       0x1c /home/anirban/ccs_workspace2/1_WashingMachine/libdriver.a(interrupt.o)
                0x0000000000001a8c                IntPriorityGroupingSet
 .text.IntPriorityGroupingGet
                0x0000000000001aa8       0x24 /home/anirban/ccs_workspace2/1_WashingMachine/libdriver.a(interrupt.o)
                0x0000000000001aa8                IntPriorityGroupingGet
 .text.IntPrioritySet
                0x0000000000001acc       0x28 /home/anirban/ccs_workspace2/1_WashingMachine/libdriver.a(interrupt.o)
                0x0000000000001acc                IntPrioritySet
 .text.IntPriorityGet
                0x0000000000001af4       0x1c /home/anirban/ccs_workspace2/1_WashingMachine/libdriver.a(interrupt.o)
                0x0000000000001af4                IntPriorityGet
 .text.IntEnable
                0x0000000000001b10       0x60 /home/anirban/ccs_workspace2/1_WashingMachine/libdriver.a(interrupt.o)
                0x0000000000001b10                IntEnable
 .text.IntDisable
                0x0000000000001b70       0x60 /home/anirban/ccs_workspace2/1_WashingMachine/libdriver.a(interrupt.o)
                0x0000000000001b70                IntDisable
 .text.IntIsEnabled
                0x0000000000001bd0       0x64 /home/anirban/ccs_workspace2/1_WashingMachine/libdriver.a(interrupt.o)
                0x0000000000001bd0                IntIsEnabled
 .text.IntPendSet
                0x0000000000001c34       0x50 /home/anirban/ccs_workspace2/1_WashingMachine/libdriver.a(interrupt.o)
                0x0000000000001c34                IntPendSet
 .text.IntPendClear
                0x0000000000001c84       0x40 /home/anirban/ccs_workspace2/1_WashingMachine/libdriver.a(interrupt.o)
                0x0000000000001c84                IntPendClear
 .text.IntPriorityMaskSet
                0x0000000000001cc4        0x4 /home/anirban/ccs_workspace2/1_WashingMachine/libdriver.a(interrupt.o)
                0x0000000000001cc4                IntPriorityMaskSet
 .text.IntPriorityMaskGet
                0x0000000000001cc8        0x4 /home/anirban/ccs_workspace2/1_WashingMachine/libdriver.a(interrupt.o)
                0x0000000000001cc8                IntPriorityMaskGet
 .text.IntTrigger
                0x0000000000001ccc        0xc /home/anirban/ccs_workspace2/1_WashingMachine/libdriver.a(interrupt.o)
                0x0000000000001ccc                IntTrigger
 .text._PWMGenIntNumberGet
                0x0000000000001cd8      0x108 /home/anirban/ccs_workspace2/1_WashingMachine/libdriver.a(pwm.o)
 .text._PWMFaultIntNumberGet
                0x0000000000001de0       0x4c /home/anirban/ccs_workspace2/1_WashingMachine/libdriver.a(pwm.o)
 .text.PWMGenConfigure
                0x0000000000001e2c       0x2c /home/anirban/ccs_workspace2/1_WashingMachine/libdriver.a(pwm.o)
                0x0000000000001e2c                PWMGenConfigure
 .text.PWMGenPeriodSet
                0x0000000000001e58       0x12 /home/anirban/ccs_workspace2/1_WashingMachine/libdriver.a(pwm.o)
                0x0000000000001e58                PWMGenPeriodSet
 .text.PWMGenPeriodGet
                0x0000000000001e6a       0x10 /home/anirban/ccs_workspace2/1_WashingMachine/libdriver.a(pwm.o)
                0x0000000000001e6a                PWMGenPeriodGet
 .text.PWMGenEnable
                0x0000000000001e7a        0xa /home/anirban/ccs_workspace2/1_WashingMachine/libdriver.a(pwm.o)
                0x0000000000001e7a                PWMGenEnable
 .text.PWMGenDisable
                0x0000000000001e84        0xa /home/anirban/ccs_workspace2/1_WashingMachine/libdriver.a(pwm.o)
                0x0000000000001e84                PWMGenDisable
 .text.PWMPulseWidthSet
                0x0000000000001e8e       0x1e /home/anirban/ccs_workspace2/1_WashingMachine/libdriver.a(pwm.o)
                0x0000000000001e8e                PWMPulseWidthSet
 .text.PWMPulseWidthGet
                0x0000000000001eac       0x20 /home/anirban/ccs_workspace2/1_WashingMachine/libdriver.a(pwm.o)
                0x0000000000001eac                PWMPulseWidthGet
 .text.PWMDeadBandEnable
                0x0000000000001ecc       0x10 /home/anirban/ccs_workspace2/1_WashingMachine/libdriver.a(pwm.o)
                0x0000000000001ecc                PWMDeadBandEnable
 .text.PWMDeadBandDisable
                0x0000000000001edc        0xc /home/anirban/ccs_workspace2/1_WashingMachine/libdriver.a(pwm.o)
                0x0000000000001edc                PWMDeadBandDisable
 .text.PWMSyncUpdate
                0x0000000000001ee8        0x4 /home/anirban/ccs_workspace2/1_WashingMachine/libdriver.a(pwm.o)
                0x0000000000001ee8                PWMSyncUpdate
 .text.PWMSyncTimeBase
                0x0000000000001eec        0x4 /home/anirban/ccs_workspace2/1_WashingMachine/libdriver.a(pwm.o)
                0x0000000000001eec                PWMSyncTimeBase
 .text.PWMOutputState
                0x0000000000001ef0       0x10 /home/anirban/ccs_workspace2/1_WashingMachine/libdriver.a(pwm.o)
                0x0000000000001ef0                PWMOutputState
 .text.PWMOutputInvert
                0x0000000000001f00       0x10 /home/anirban/ccs_workspace2/1_WashingMachine/libdriver.a(pwm.o)
                0x0000000000001f00                PWMOutputInvert
 .text.PWMOutputFaultLevel
                0x0000000000001f10       0x10 /home/anirban/ccs_workspace2/1_WashingMachine/libdriver.a(pwm.o)
                0x0000000000001f10                PWMOutputFaultLevel
 .text.PWMOutputFault
                0x0000000000001f20       0x10 /home/anirban/ccs_workspace2/1_WashingMachine/libdriver.a(pwm.o)
                0x0000000000001f20                PWMOutputFault
 .text.PWMGenIntRegister
                0x0000000000001f30       0x1a /home/anirban/ccs_workspace2/1_WashingMachine/libdriver.a(pwm.o)
                0x0000000000001f30                PWMGenIntRegister
 .text.PWMGenIntUnregister
                0x0000000000001f4a       0x16 /home/anirban/ccs_workspace2/1_WashingMachine/libdriver.a(pwm.o)
                0x0000000000001f4a                PWMGenIntUnregister
 .text.PWMFaultIntRegister
                0x0000000000001f60       0x1c /home/anirban/ccs_workspace2/1_WashingMachine/libdriver.a(pwm.o)
                0x0000000000001f60                PWMFaultIntRegister
 .text.PWMFaultIntUnregister
                0x0000000000001f7c       0x16 /home/anirban/ccs_workspace2/1_WashingMachine/libdriver.a(pwm.o)
                0x0000000000001f7c                PWMFaultIntUnregister
 .text.PWMGenIntTrigEnable
                0x0000000000001f92        0xa /home/anirban/ccs_workspace2/1_WashingMachine/libdriver.a(pwm.o)
                0x0000000000001f92                PWMGenIntTrigEnable
 .text.PWMGenIntTrigDisable
                0x0000000000001f9c        0xc /home/anirban/ccs_workspace2/1_WashingMachine/libdriver.a(pwm.o)
                0x0000000000001f9c                PWMGenIntTrigDisable
 .text.PWMGenIntStatus
                0x0000000000001fa8        0xc /home/anirban/ccs_workspace2/1_WashingMachine/libdriver.a(pwm.o)
                0x0000000000001fa8                PWMGenIntStatus
 .text.PWMGenIntClear
                0x0000000000001fb4        0x6 /home/anirban/ccs_workspace2/1_WashingMachine/libdriver.a(pwm.o)
                0x0000000000001fb4                PWMGenIntClear
 .text.PWMIntEnable
                0x0000000000001fba        0x8 /home/anirban/ccs_workspace2/1_WashingMachine/libdriver.a(pwm.o)
                0x0000000000001fba                PWMIntEnable
 .text.PWMIntDisable
                0x0000000000001fc2        0xa /home/anirban/ccs_workspace2/1_WashingMachine/libdriver.a(pwm.o)
                0x0000000000001fc2                PWMIntDisable
 .text.PWMFaultIntClear
                0x0000000000001fcc        0x8 /home/anirban/ccs_workspace2/1_WashingMachine/libdriver.a(pwm.o)
                0x0000000000001fcc                PWMFaultIntClear
 .text.PWMIntStatus
                0x0000000000001fd4        0xa /home/anirban/ccs_workspace2/1_WashingMachine/libdriver.a(pwm.o)
                0x0000000000001fd4                PWMIntStatus
 .text.PWMFaultIntClearExt
                0x0000000000001fde        0x4 /home/anirban/ccs_workspace2/1_WashingMachine/libdriver.a(pwm.o)
                0x0000000000001fde                PWMFaultIntClearExt
 .text.PWMGenFaultConfigure
                0x0000000000001fe2       0x14 /home/anirban/ccs_workspace2/1_WashingMachine/libdriver.a(pwm.o)
                0x0000000000001fe2                PWMGenFaultConfigure
 .text.PWMGenFaultTriggerSet
                0x0000000000001ff6        0xc /home/anirban/ccs_workspace2/1_WashingMachine/libdriver.a(pwm.o)
                0x0000000000001ff6                PWMGenFaultTriggerSet
 .text.PWMGenFaultTriggerGet
                0x0000000000002002        0xc /home/anirban/ccs_workspace2/1_WashingMachine/libdriver.a(pwm.o)
                0x0000000000002002                PWMGenFaultTriggerGet
 .text.PWMGenFaultStatus
                0x000000000000200e       0x14 /home/anirban/ccs_workspace2/1_WashingMachine/libdriver.a(pwm.o)
                0x000000000000200e                PWMGenFaultStatus
 .text.PWMGenFaultClear
                0x0000000000002022       0x14 /home/anirban/ccs_workspace2/1_WashingMachine/libdriver.a(pwm.o)
                0x0000000000002022                PWMGenFaultClear
 .text.PWMClockSet
                0x0000000000002036       0x14 /home/anirban/ccs_workspace2/1_WashingMachine/libdriver.a(pwm.o)
                0x0000000000002036                PWMClockSet
 .text.PWMClockGet
                0x000000000000204a       0x1a /home/anirban/ccs_workspace2/1_WashingMachine/libdriver.a(pwm.o)
                0x000000000000204a                PWMClockGet
 .text.PWMOutputUpdateMode
                0x0000000000002064       0x38 /home/anirban/ccs_workspace2/1_WashingMachine/libdriver.a(pwm.o)
                0x0000000000002064                PWMOutputUpdateMode
 .text._SysCtlMemTimingGet
                0x000000000000209c       0x64 /home/anirban/ccs_workspace2/1_WashingMachine/libdriver.a(sysctl.o)
 .text.SysCtlSRAMSizeGet
                0x0000000000002100       0x10 /home/anirban/ccs_workspace2/1_WashingMachine/libdriver.a(sysctl.o)
                0x0000000000002100                SysCtlSRAMSizeGet
 .text.SysCtlFlashSizeGet
                0x0000000000002110       0x44 /home/anirban/ccs_workspace2/1_WashingMachine/libdriver.a(sysctl.o)
                0x0000000000002110                SysCtlFlashSizeGet
 .text.SysCtlFlashSectorSizeGet
                0x0000000000002154       0x38 /home/anirban/ccs_workspace2/1_WashingMachine/libdriver.a(sysctl.o)
                0x0000000000002154                SysCtlFlashSectorSizeGet
 .text.SysCtlPeripheralPresent
                0x000000000000218c       0x24 /home/anirban/ccs_workspace2/1_WashingMachine/libdriver.a(sysctl.o)
                0x000000000000218c                SysCtlPeripheralPresent
 .text.SysCtlPeripheralReady
                0x00000000000021b0       0x24 /home/anirban/ccs_workspace2/1_WashingMachine/libdriver.a(sysctl.o)
                0x00000000000021b0                SysCtlPeripheralReady
 .text.SysCtlPeripheralPowerOn
                0x00000000000021d4       0x20 /home/anirban/ccs_workspace2/1_WashingMachine/libdriver.a(sysctl.o)
                0x00000000000021d4                SysCtlPeripheralPowerOn
 .text.SysCtlPeripheralPowerOff
                0x00000000000021f4       0x20 /home/anirban/ccs_workspace2/1_WashingMachine/libdriver.a(sysctl.o)
                0x00000000000021f4                SysCtlPeripheralPowerOff
 .text.SysCtlPeripheralReset
                0x0000000000002214       0x38 /home/anirban/ccs_workspace2/1_WashingMachine/libdriver.a(sysctl.o)
                0x0000000000002214                SysCtlPeripheralReset
 .text.SysCtlPeripheralEnable
                0x000000000000224c       0x20 /home/anirban/ccs_workspace2/1_WashingMachine/libdriver.a(sysctl.o)
                0x000000000000224c                SysCtlPeripheralEnable
 .text.SysCtlPeripheralDisable
                0x000000000000226c       0x20 /home/anirban/ccs_workspace2/1_WashingMachine/libdriver.a(sysctl.o)
                0x000000000000226c                SysCtlPeripheralDisable
 .text.SysCtlPeripheralSleepEnable
                0x000000000000228c       0x20 /home/anirban/ccs_workspace2/1_WashingMachine/libdriver.a(sysctl.o)
                0x000000000000228c                SysCtlPeripheralSleepEnable
 .text.SysCtlPeripheralSleepDisable
                0x00000000000022ac       0x20 /home/anirban/ccs_workspace2/1_WashingMachine/libdriver.a(sysctl.o)
                0x00000000000022ac                SysCtlPeripheralSleepDisable
 .text.SysCtlPeripheralDeepSleepEnable
                0x00000000000022cc       0x20 /home/anirban/ccs_workspace2/1_WashingMachine/libdriver.a(sysctl.o)
                0x00000000000022cc                SysCtlPeripheralDeepSleepEnable
 .text.SysCtlPeripheralDeepSleepDisable
                0x00000000000022ec       0x20 /home/anirban/ccs_workspace2/1_WashingMachine/libdriver.a(sysctl.o)
                0x00000000000022ec                SysCtlPeripheralDeepSleepDisable
 .text.SysCtlPeripheralClockGating
                0x000000000000230c       0x48 /home/anirban/ccs_workspace2/1_WashingMachine/libdriver.a(sysctl.o)
                0x000000000000230c                SysCtlPeripheralClockGating
 .text.SysCtlIntRegister
                0x0000000000002354       0x14 /home/anirban/ccs_workspace2/1_WashingMachine/libdriver.a(sysctl.o)
                0x0000000000002354                SysCtlIntRegister
 .text.SysCtlIntUnregister
                0x0000000000002368       0x12 /home/anirban/ccs_workspace2/1_WashingMachine/libdriver.a(sysctl.o)
                0x0000000000002368                SysCtlIntUnregister
 *fill*         0x000000000000237a        0x2 
 .text.SysCtlIntEnable
                0x000000000000237c       0x10 /home/anirban/ccs_workspace2/1_WashingMachine/libdriver.a(sysctl.o)
                0x000000000000237c                SysCtlIntEnable
 .text.SysCtlIntDisable
                0x000000000000238c       0x10 /home/anirban/ccs_workspace2/1_WashingMachine/libdriver.a(sysctl.o)
                0x000000000000238c                SysCtlIntDisable
 .text.SysCtlIntClear
                0x000000000000239c        0xc /home/anirban/ccs_workspace2/1_WashingMachine/libdriver.a(sysctl.o)
                0x000000000000239c                SysCtlIntClear
 .text.SysCtlIntStatus
                0x00000000000023a8       0x14 /home/anirban/ccs_workspace2/1_WashingMachine/libdriver.a(sysctl.o)
                0x00000000000023a8                SysCtlIntStatus
 .text.SysCtlLDOSleepSet
                0x00000000000023bc        0xc /home/anirban/ccs_workspace2/1_WashingMachine/libdriver.a(sysctl.o)
                0x00000000000023bc                SysCtlLDOSleepSet
 .text.SysCtlLDOSleepGet
                0x00000000000023c8        0xc /home/anirban/ccs_workspace2/1_WashingMachine/libdriver.a(sysctl.o)
                0x00000000000023c8                SysCtlLDOSleepGet
 .text.SysCtlLDODeepSleepSet
                0x00000000000023d4        0xc /home/anirban/ccs_workspace2/1_WashingMachine/libdriver.a(sysctl.o)
                0x00000000000023d4                SysCtlLDODeepSleepSet
 .text.SysCtlLDODeepSleepGet
                0x00000000000023e0        0xc /home/anirban/ccs_workspace2/1_WashingMachine/libdriver.a(sysctl.o)
                0x00000000000023e0                SysCtlLDODeepSleepGet
 .text.SysCtlSleepPowerSet
                0x00000000000023ec        0xc /home/anirban/ccs_workspace2/1_WashingMachine/libdriver.a(sysctl.o)
                0x00000000000023ec                SysCtlSleepPowerSet
 .text.SysCtlDeepSleepPowerSet
                0x00000000000023f8        0xc /home/anirban/ccs_workspace2/1_WashingMachine/libdriver.a(sysctl.o)
                0x00000000000023f8                SysCtlDeepSleepPowerSet
 .text.SysCtlReset
                0x0000000000002404       0x10 /home/anirban/ccs_workspace2/1_WashingMachine/libdriver.a(sysctl.o)
                0x0000000000002404                SysCtlReset
 .text.SysCtlSleep
                0x0000000000002414        0x4 /home/anirban/ccs_workspace2/1_WashingMachine/libdriver.a(sysctl.o)
                0x0000000000002414                SysCtlSleep
 .text.SysCtlDeepSleep
                0x0000000000002418       0x20 /home/anirban/ccs_workspace2/1_WashingMachine/libdriver.a(sysctl.o)
                0x0000000000002418                SysCtlDeepSleep
 .text.SysCtlResetCauseGet
                0x0000000000002438        0xc /home/anirban/ccs_workspace2/1_WashingMachine/libdriver.a(sysctl.o)
                0x0000000000002438                SysCtlResetCauseGet
 .text.SysCtlResetCauseClear
                0x0000000000002444       0x10 /home/anirban/ccs_workspace2/1_WashingMachine/libdriver.a(sysctl.o)
                0x0000000000002444                SysCtlResetCauseClear
 .text.SysCtlDelay
                0x0000000000002454        0x8 /home/anirban/ccs_workspace2/1_WashingMachine/libdriver.a(sysctl.o)
                0x0000000000002454                SysCtlDelay
 .text.SysCtlMOSCConfigSet
                0x000000000000245c        0xc /home/anirban/ccs_workspace2/1_WashingMachine/libdriver.a(sysctl.o)
                0x000000000000245c                SysCtlMOSCConfigSet
 .text.SysCtlPIOSCCalibrate
                0x0000000000002468       0x48 /home/anirban/ccs_workspace2/1_WashingMachine/libdriver.a(sysctl.o)
                0x0000000000002468                SysCtlPIOSCCalibrate
 .text.SysCtlResetBehaviorSet
                0x00000000000024b0        0xc /home/anirban/ccs_workspace2/1_WashingMachine/libdriver.a(sysctl.o)
                0x00000000000024b0                SysCtlResetBehaviorSet
 .text.SysCtlResetBehaviorGet
                0x00000000000024bc        0xc /home/anirban/ccs_workspace2/1_WashingMachine/libdriver.a(sysctl.o)
                0x00000000000024bc                SysCtlResetBehaviorGet
 .text.SysCtlClockFreqSet
                0x00000000000024c8      0x234 /home/anirban/ccs_workspace2/1_WashingMachine/libdriver.a(sysctl.o)
                0x00000000000024c8                SysCtlClockFreqSet
 .text.SysCtlClockSet
                0x00000000000026fc      0x114 /home/anirban/ccs_workspace2/1_WashingMachine/libdriver.a(sysctl.o)
                0x00000000000026fc                SysCtlClockSet
 .text.SysCtlClockGet
                0x0000000000002810      0x160 /home/anirban/ccs_workspace2/1_WashingMachine/libdriver.a(sysctl.o)
                0x0000000000002810                SysCtlClockGet
 .text.SysCtlDeepSleepClockSet
                0x0000000000002970        0xc /home/anirban/ccs_workspace2/1_WashingMachine/libdriver.a(sysctl.o)
                0x0000000000002970                SysCtlDeepSleepClockSet
 .text.SysCtlDeepSleepClockConfigSet
                0x000000000000297c       0x60 /home/anirban/ccs_workspace2/1_WashingMachine/libdriver.a(sysctl.o)
                0x000000000000297c                SysCtlDeepSleepClockConfigSet
 .text.SysCtlPWMClockSet
                0x00000000000029dc       0x14 /home/anirban/ccs_workspace2/1_WashingMachine/libdriver.a(sysctl.o)
                0x00000000000029dc                SysCtlPWMClockSet
 .text.SysCtlPWMClockGet
                0x00000000000029f0       0x18 /home/anirban/ccs_workspace2/1_WashingMachine/libdriver.a(sysctl.o)
                0x00000000000029f0                SysCtlPWMClockGet
 .text.SysCtlGPIOAHBEnable
                0x0000000000002a08       0x18 /home/anirban/ccs_workspace2/1_WashingMachine/libdriver.a(sysctl.o)
                0x0000000000002a08                SysCtlGPIOAHBEnable
 .text.SysCtlGPIOAHBDisable
                0x0000000000002a20       0x1c /home/anirban/ccs_workspace2/1_WashingMachine/libdriver.a(sysctl.o)
                0x0000000000002a20                SysCtlGPIOAHBDisable
 .text.SysCtlUSBPLLEnable
                0x0000000000002a3c       0x10 /home/anirban/ccs_workspace2/1_WashingMachine/libdriver.a(sysctl.o)
                0x0000000000002a3c                SysCtlUSBPLLEnable
 .text.SysCtlUSBPLLDisable
                0x0000000000002a4c       0x10 /home/anirban/ccs_workspace2/1_WashingMachine/libdriver.a(sysctl.o)
                0x0000000000002a4c                SysCtlUSBPLLDisable
 .text.SysCtlVoltageEventConfig
                0x0000000000002a5c        0xc /home/anirban/ccs_workspace2/1_WashingMachine/libdriver.a(sysctl.o)
                0x0000000000002a5c                SysCtlVoltageEventConfig
 .text.SysCtlVoltageEventStatus
                0x0000000000002a68        0xc /home/anirban/ccs_workspace2/1_WashingMachine/libdriver.a(sysctl.o)
                0x0000000000002a68                SysCtlVoltageEventStatus
 .text.SysCtlVoltageEventClear
                0x0000000000002a74       0x10 /home/anirban/ccs_workspace2/1_WashingMachine/libdriver.a(sysctl.o)
                0x0000000000002a74                SysCtlVoltageEventClear
 .text.SysCtlNMIStatus
                0x0000000000002a84        0xc /home/anirban/ccs_workspace2/1_WashingMachine/libdriver.a(sysctl.o)
                0x0000000000002a84                SysCtlNMIStatus
 .text.SysCtlNMIClear
                0x0000000000002a90       0x10 /home/anirban/ccs_workspace2/1_WashingMachine/libdriver.a(sysctl.o)
                0x0000000000002a90                SysCtlNMIClear
 .text.SysCtlClockOutConfig
                0x0000000000002aa0       0x10 /home/anirban/ccs_workspace2/1_WashingMachine/libdriver.a(sysctl.o)
                0x0000000000002aa0                SysCtlClockOutConfig
 .text.SysCtlAltClkConfig
                0x0000000000002ab0        0xc /home/anirban/ccs_workspace2/1_WashingMachine/libdriver.a(sysctl.o)
                0x0000000000002ab0                SysCtlAltClkConfig
 .text.CPUcpsid
                0x0000000000002abc        0x8 /home/anirban/ccs_workspace2/1_WashingMachine/libdriver.a(cpu.o)
                0x0000000000002abc                CPUcpsid
 .text.CPUprimask
                0x0000000000002ac4        0x6 /home/anirban/ccs_workspace2/1_WashingMachine/libdriver.a(cpu.o)
                0x0000000000002ac4                CPUprimask
 .text.CPUcpsie
                0x0000000000002aca        0x8 /home/anirban/ccs_workspace2/1_WashingMachine/libdriver.a(cpu.o)
                0x0000000000002aca                CPUcpsie
 .text.CPUwfi   0x0000000000002ad2        0x4 /home/anirban/ccs_workspace2/1_WashingMachine/libdriver.a(cpu.o)
                0x0000000000002ad2                CPUwfi
 .text.CPUbasepriSet
                0x0000000000002ad6        0x6 /home/anirban/ccs_workspace2/1_WashingMachine/libdriver.a(cpu.o)
                0x0000000000002ad6                CPUbasepriSet
 .text.CPUbasepriGet
                0x0000000000002adc        0x6 /home/anirban/ccs_workspace2/1_WashingMachine/libdriver.a(cpu.o)
                0x0000000000002adc                CPUbasepriGet
 *fill*         0x0000000000002ae2        0x2 
 .text.exit     0x0000000000002ae4       0x20 /home/anirban/ti/ccs1020/ccs/tools/compiler/gcc-arm-none-eabi-7-2017-q4-major/bin/../lib/gcc/arm-none-eabi/7.2.1/../../../../arm-none-eabi/lib/thumb/v7e-m/libg.a(lib_a-exit.o)
                0x0000000000002ae4                exit
 .text.__libc_init_array
                0x0000000000002b04       0x48 /home/anirban/ti/ccs1020/ccs/tools/compiler/gcc-arm-none-eabi-7-2017-q4-major/bin/../lib/gcc/arm-none-eabi/7.2.1/../../../../arm-none-eabi/lib/thumb/v7e-m/libg.a(lib_a-init.o)
                0x0000000000002b04                __libc_init_array
 .text.memset   0x0000000000002b4c       0x94 /home/anirban/ti/ccs1020/ccs/tools/compiler/gcc-arm-none-eabi-7-2017-q4-major/bin/../lib/gcc/arm-none-eabi/7.2.1/../../../../arm-none-eabi/lib/thumb/v7e-m/libg.a(lib_a-memset.o)
                0x0000000000002b4c                memset
 .text.startup.register_fini
                0x0000000000002be0       0x14 /home/anirban/ti/ccs1020/ccs/tools/compiler/gcc-arm-none-eabi-7-2017-q4-major/bin/../lib/gcc/arm-none-eabi/7.2.1/../../../../arm-none-eabi/lib/thumb/v7e-m/libg.a(lib_a-__call_atexit.o)
 .text.__call_exitprocs
                0x0000000000002bf4       0xe8 /home/anirban/ti/ccs1020/ccs/tools/compiler/gcc-arm-none-eabi-7-2017-q4-major/bin/../lib/gcc/arm-none-eabi/7.2.1/../../../../arm-none-eabi/lib/thumb/v7e-m/libg.a(lib_a-__call_atexit.o)
                0x0000000000002bf4                __call_exitprocs
 .text.atexit   0x0000000000002cdc        0xc /home/anirban/ti/ccs1020/ccs/tools/compiler/gcc-arm-none-eabi-7-2017-q4-major/bin/../lib/gcc/arm-none-eabi/7.2.1/../../../../arm-none-eabi/lib/thumb/v7e-m/libg.a(lib_a-atexit.o)
                0x0000000000002cdc                atexit
 .text.__libc_fini_array
                0x0000000000002ce8       0x34 /home/anirban/ti/ccs1020/ccs/tools/compiler/gcc-arm-none-eabi-7-2017-q4-major/bin/../lib/gcc/arm-none-eabi/7.2.1/../../../../arm-none-eabi/lib/thumb/v7e-m/libg.a(lib_a-fini.o)
                0x0000000000002ce8                __libc_fini_array
 .text.__retarget_lock_init
                0x0000000000002d1c        0x4 /home/anirban/ti/ccs1020/ccs/tools/compiler/gcc-arm-none-eabi-7-2017-q4-major/bin/../lib/gcc/arm-none-eabi/7.2.1/../../../../arm-none-eabi/lib/thumb/v7e-m/libg.a(lib_a-lock.o)
                0x0000000000002d1c                __retarget_lock_init
 .text.__retarget_lock_init_recursive
                0x0000000000002d20        0x4 /home/anirban/ti/ccs1020/ccs/tools/compiler/gcc-arm-none-eabi-7-2017-q4-major/bin/../lib/gcc/arm-none-eabi/7.2.1/../../../../arm-none-eabi/lib/thumb/v7e-m/libg.a(lib_a-lock.o)
                0x0000000000002d20                __retarget_lock_init_recursive
 .text.__retarget_lock_close
                0x0000000000002d24        0x4 /home/anirban/ti/ccs1020/ccs/tools/compiler/gcc-arm-none-eabi-7-2017-q4-major/bin/../lib/gcc/arm-none-eabi/7.2.1/../../../../arm-none-eabi/lib/thumb/v7e-m/libg.a(lib_a-lock.o)
                0x0000000000002d24                __retarget_lock_close
 .text.__retarget_lock_close_recursive
                0x0000000000002d28        0x4 /home/anirban/ti/ccs1020/ccs/tools/compiler/gcc-arm-none-eabi-7-2017-q4-major/bin/../lib/gcc/arm-none-eabi/7.2.1/../../../../arm-none-eabi/lib/thumb/v7e-m/libg.a(lib_a-lock.o)
                0x0000000000002d28                __retarget_lock_close_recursive
 .text.__retarget_lock_acquire
                0x0000000000002d2c        0x4 /home/anirban/ti/ccs1020/ccs/tools/compiler/gcc-arm-none-eabi-7-2017-q4-major/bin/../lib/gcc/arm-none-eabi/7.2.1/../../../../arm-none-eabi/lib/thumb/v7e-m/libg.a(lib_a-lock.o)
                0x0000000000002d2c                __retarget_lock_acquire
 .text.__retarget_lock_acquire_recursive
                0x0000000000002d30        0x4 /home/anirban/ti/ccs1020/ccs/tools/compiler/gcc-arm-none-eabi-7-2017-q4-major/bin/../lib/gcc/arm-none-eabi/7.2.1/../../../../arm-none-eabi/lib/thumb/v7e-m/libg.a(lib_a-lock.o)
                0x0000000000002d30                __retarget_lock_acquire_recursive
 .text.__retarget_lock_try_acquire
                0x0000000000002d34        0x4 /home/anirban/ti/ccs1020/ccs/tools/compiler/gcc-arm-none-eabi-7-2017-q4-major/bin/../lib/gcc/arm-none-eabi/7.2.1/../../../../arm-none-eabi/lib/thumb/v7e-m/libg.a(lib_a-lock.o)
                0x0000000000002d34                __retarget_lock_try_acquire
 .text.__retarget_lock_try_acquire_recursive
                0x0000000000002d38        0x4 /home/anirban/ti/ccs1020/ccs/tools/compiler/gcc-arm-none-eabi-7-2017-q4-major/bin/../lib/gcc/arm-none-eabi/7.2.1/../../../../arm-none-eabi/lib/thumb/v7e-m/libg.a(lib_a-lock.o)
                0x0000000000002d38                __retarget_lock_try_acquire_recursive
 .text.__retarget_lock_release
                0x0000000000002d3c        0x4 /home/anirban/ti/ccs1020/ccs/tools/compiler/gcc-arm-none-eabi-7-2017-q4-major/bin/../lib/gcc/arm-none-eabi/7.2.1/../../../../arm-none-eabi/lib/thumb/v7e-m/libg.a(lib_a-lock.o)
                0x0000000000002d3c                __retarget_lock_release
 .text.__retarget_lock_release_recursive
                0x0000000000002d40        0x4 /home/anirban/ti/ccs1020/ccs/tools/compiler/gcc-arm-none-eabi-7-2017-q4-major/bin/../lib/gcc/arm-none-eabi/7.2.1/../../../../arm-none-eabi/lib/thumb/v7e-m/libg.a(lib_a-lock.o)
                0x0000000000002d40                __retarget_lock_release_recursive
 .text.__register_exitproc
                0x0000000000002d44       0xc0 /home/anirban/ti/ccs1020/ccs/tools/compiler/gcc-arm-none-eabi-7-2017-q4-major/bin/../lib/gcc/arm-none-eabi/7.2.1/../../../../arm-none-eabi/lib/thumb/v7e-m/libg.a(lib_a-__atexit.o)
                0x0000000000002d44                __register_exitproc
 .text._exit    0x0000000000002e04        0x4 /home/anirban/ti/ccs1020/ccs/tools/compiler/gcc-arm-none-eabi-7-2017-q4-major/bin/../lib/gcc/arm-none-eabi/7.2.1/../../../../arm-none-eabi/lib/thumb/v7e-m/libnosys.a(_exit.o)
                0x0000000000002e04                _exit
                0x0000000000002e08                . = ALIGN (0x4)
 *(.ctors)
                0x0000000000002e08                . = ALIGN (0x4)
 *(.dtors)
                0x0000000000002e08                . = ALIGN (0x4)
                0x0000000000002e08                __init_array_start = .
 *(.init_array*)
 .init_array    0x0000000000002e08        0x4 /home/anirban/ti/ccs1020/ccs/tools/compiler/gcc-arm-none-eabi-7-2017-q4-major/bin/../lib/gcc/arm-none-eabi/7.2.1/thumb/v7e-m/crtbegin.o
 .init_array.00000
                0x0000000000002e0c        0x4 /home/anirban/ti/ccs1020/ccs/tools/compiler/gcc-arm-none-eabi-7-2017-q4-major/bin/../lib/gcc/arm-none-eabi/7.2.1/../../../../arm-none-eabi/lib/thumb/v7e-m/libg.a(lib_a-__call_atexit.o)
                0x0000000000002e10                __init_array_end = .
 *(.init)
 .init          0x0000000000002e10        0x4 /home/anirban/ti/ccs1020/ccs/tools/compiler/gcc-arm-none-eabi-7-2017-q4-major/bin/../lib/gcc/arm-none-eabi/7.2.1/thumb/v7e-m/crti.o
                0x0000000000002e10                _init
 .init          0x0000000000002e14        0x8 /home/anirban/ti/ccs1020/ccs/tools/compiler/gcc-arm-none-eabi-7-2017-q4-major/bin/../lib/gcc/arm-none-eabi/7.2.1/thumb/v7e-m/crtn.o
 *(.fini*)
 .fini          0x0000000000002e1c        0x4 /home/anirban/ti/ccs1020/ccs/tools/compiler/gcc-arm-none-eabi-7-2017-q4-major/bin/../lib/gcc/arm-none-eabi/7.2.1/thumb/v7e-m/crti.o
                0x0000000000002e1c                _fini
 .fini_array    0x0000000000002e20        0x4 /home/anirban/ti/ccs1020/ccs/tools/compiler/gcc-arm-none-eabi-7-2017-q4-major/bin/../lib/gcc/arm-none-eabi/7.2.1/thumb/v7e-m/crtbegin.o
 .fini          0x0000000000002e24        0x8 /home/anirban/ti/ccs1020/ccs/tools/compiler/gcc-arm-none-eabi-7-2017-q4-major/bin/../lib/gcc/arm-none-eabi/7.2.1/thumb/v7e-m/crtn.o
                [!provide]                        PROVIDE (__etext, .)
                [!provide]                        PROVIDE (_etext, .)
                [!provide]                        PROVIDE (etext, .)

.glue_7         0x0000000000002e2c        0x0
 .glue_7        0x0000000000002e2c        0x0 linker stubs

.glue_7t        0x0000000000002e2c        0x0
 .glue_7t       0x0000000000002e2c        0x0 linker stubs

.vfp11_veneer   0x0000000000002e2c        0x0
 .vfp11_veneer  0x0000000000002e2c        0x0 linker stubs

.v4_bx          0x0000000000002e2c        0x0
 .v4_bx         0x0000000000002e2c        0x0 linker stubs

.iplt           0x0000000000002e2c        0x0
 .iplt          0x0000000000002e2c        0x0 /home/anirban/ti/ccs1020/ccs/tools/compiler/gcc-arm-none-eabi-7-2017-q4-major/bin/../lib/gcc/arm-none-eabi/7.2.1/thumb/v7e-m/crtbegin.o

.rodata         0x0000000000002e2c      0x4e4
 *(.rodata)
 *(.rodata*)
 .rodata.g_ppui32GPIOIntMapBlizzard
                0x0000000000002e2c       0xc0 /home/anirban/ccs_workspace2/1_WashingMachine/libdriver.a(gpio.o)
 .rodata.g_ppui32GPIOIntMapSnowflake
                0x0000000000002eec       0xc0 /home/anirban/ccs_workspace2/1_WashingMachine/libdriver.a(gpio.o)
 .rodata.g_pui32GPIOBaseAddrs
                0x0000000000002fac       0x90 /home/anirban/ccs_workspace2/1_WashingMachine/libdriver.a(gpio.o)
 .rodata.g_pui32Dii16Regs
                0x000000000000303c       0x14 /home/anirban/ccs_workspace2/1_WashingMachine/libdriver.a(interrupt.o)
 .rodata.g_pui32EnRegs
                0x0000000000003050       0x14 /home/anirban/ccs_workspace2/1_WashingMachine/libdriver.a(interrupt.o)
 .rodata.g_pui32PendRegs
                0x0000000000003064       0x14 /home/anirban/ccs_workspace2/1_WashingMachine/libdriver.a(interrupt.o)
 .rodata.g_pui32Priority
                0x0000000000003078       0x20 /home/anirban/ccs_workspace2/1_WashingMachine/libdriver.a(interrupt.o)
 .rodata.g_pui32Regs
                0x0000000000003098       0x9c /home/anirban/ccs_workspace2/1_WashingMachine/libdriver.a(interrupt.o)
 .rodata.g_pui32UnpendRegs
                0x0000000000003134       0x14 /home/anirban/ccs_workspace2/1_WashingMachine/libdriver.a(interrupt.o)
 .rodata.g_pppui32XTALtoVCO
                0x0000000000003148      0x120 /home/anirban/ccs_workspace2/1_WashingMachine/libdriver.a(sysctl.o)
 .rodata.g_pui32VCOFrequencies
                0x0000000000003268        0x8 /home/anirban/ccs_workspace2/1_WashingMachine/libdriver.a(sysctl.o)
 .rodata.g_pui32Xtals
                0x0000000000003270       0x6c /home/anirban/ccs_workspace2/1_WashingMachine/libdriver.a(sysctl.o)
 .rodata.g_sXTALtoMEMTIM
                0x00000000000032dc       0x30 /home/anirban/ccs_workspace2/1_WashingMachine/libdriver.a(sysctl.o)
 .rodata._global_impure_ptr
                0x000000000000330c        0x4 /home/anirban/ti/ccs1020/ccs/tools/compiler/gcc-arm-none-eabi-7-2017-q4-major/bin/../lib/gcc/arm-none-eabi/7.2.1/../../../../arm-none-eabi/lib/thumb/v7e-m/libg.a(lib_a-impure.o)
                0x000000000000330c                _global_impure_ptr

.eh_frame       0x0000000000003310        0x4
 .eh_frame      0x0000000000003310        0x0 /home/anirban/ti/ccs1020/ccs/tools/compiler/gcc-arm-none-eabi-7-2017-q4-major/bin/../lib/gcc/arm-none-eabi/7.2.1/thumb/v7e-m/crtbegin.o
 .eh_frame      0x0000000000003310        0x4 /home/anirban/ti/ccs1020/ccs/tools/compiler/gcc-arm-none-eabi-7-2017-q4-major/bin/../lib/gcc/arm-none-eabi/7.2.1/thumb/v7e-m/crtend.o

.data           0x0000000020000000      0x45c load address 0x0000000000003314
                0x0000000000003314                __data_load__ = LOADADDR (.data)
                0x0000000020000000                __data_start__ = .
 *(.data)
 .data          0x0000000020000000        0x0 /home/anirban/ti/ccs1020/ccs/tools/compiler/gcc-arm-none-eabi-7-2017-q4-major/bin/../lib/gcc/arm-none-eabi/7.2.1/thumb/v7e-m/crti.o
 .data          0x0000000020000000        0x4 /home/anirban/ti/ccs1020/ccs/tools/compiler/gcc-arm-none-eabi-7-2017-q4-major/bin/../lib/gcc/arm-none-eabi/7.2.1/thumb/v7e-m/crtbegin.o
                0x0000000020000000                __dso_handle
 .data          0x0000000020000004        0x0 /home/anirban/ti/ccs1020/ccs/tools/compiler/gcc-arm-none-eabi-7-2017-q4-major/bin/../lib/gcc/arm-none-eabi/7.2.1/../../../../arm-none-eabi/lib/thumb/v7e-m/crt0.o
 .data          0x0000000020000004        0x0 ./adc.o
 .data          0x0000000020000004        0x0 ./main.o
 .data          0x0000000020000004        0x0 ./servo_init.o
 .data          0x0000000020000004        0x0 ./tm4c123gh6pm_startup_ccs_gcc.o
 .data          0x0000000020000004        0x0 /home/anirban/ccs_workspace2/1_WashingMachine/libdriver.a(gpio.o)
 .data          0x0000000020000004        0x0 /home/anirban/ccs_workspace2/1_WashingMachine/libdriver.a(interrupt.o)
 .data          0x0000000020000004        0x0 /home/anirban/ccs_workspace2/1_WashingMachine/libdriver.a(pwm.o)
 .data          0x0000000020000004        0x0 /home/anirban/ccs_workspace2/1_WashingMachine/libdriver.a(sysctl.o)
 .data          0x0000000020000004        0x0 /home/anirban/ccs_workspace2/1_WashingMachine/libdriver.a(cpu.o)
 .data          0x0000000020000004        0x0 /home/anirban/ti/ccs1020/ccs/tools/compiler/gcc-arm-none-eabi-7-2017-q4-major/bin/../lib/gcc/arm-none-eabi/7.2.1/thumb/v7e-m/libgcc.a(_arm_addsubdf3.o)
 .data          0x0000000020000004        0x0 /home/anirban/ti/ccs1020/ccs/tools/compiler/gcc-arm-none-eabi-7-2017-q4-major/bin/../lib/gcc/arm-none-eabi/7.2.1/thumb/v7e-m/libgcc.a(_arm_muldivdf3.o)
 .data          0x0000000020000004        0x0 /home/anirban/ti/ccs1020/ccs/tools/compiler/gcc-arm-none-eabi-7-2017-q4-major/bin/../lib/gcc/arm-none-eabi/7.2.1/thumb/v7e-m/libgcc.a(_arm_truncdfsf2.o)
 .data          0x0000000020000004        0x0 /home/anirban/ti/ccs1020/ccs/tools/compiler/gcc-arm-none-eabi-7-2017-q4-major/bin/../lib/gcc/arm-none-eabi/7.2.1/thumb/v7e-m/libgcc.a(_arm_addsubsf3.o)
 .data          0x0000000020000004        0x0 /home/anirban/ti/ccs1020/ccs/tools/compiler/gcc-arm-none-eabi-7-2017-q4-major/bin/../lib/gcc/arm-none-eabi/7.2.1/thumb/v7e-m/libgcc.a(_arm_fixsfsi.o)
 .data          0x0000000020000004        0x0 /home/anirban/ti/ccs1020/ccs/tools/compiler/gcc-arm-none-eabi-7-2017-q4-major/bin/../lib/gcc/arm-none-eabi/7.2.1/../../../../arm-none-eabi/lib/thumb/v7e-m/libg.a(lib_a-exit.o)
 .data          0x0000000020000004        0x0 /home/anirban/ti/ccs1020/ccs/tools/compiler/gcc-arm-none-eabi-7-2017-q4-major/bin/../lib/gcc/arm-none-eabi/7.2.1/../../../../arm-none-eabi/lib/thumb/v7e-m/libg.a(lib_a-impure.o)
 .data          0x0000000020000004        0x0 /home/anirban/ti/ccs1020/ccs/tools/compiler/gcc-arm-none-eabi-7-2017-q4-major/bin/../lib/gcc/arm-none-eabi/7.2.1/../../../../arm-none-eabi/lib/thumb/v7e-m/libg.a(lib_a-init.o)
 .data          0x0000000020000004        0x0 /home/anirban/ti/ccs1020/ccs/tools/compiler/gcc-arm-none-eabi-7-2017-q4-major/bin/../lib/gcc/arm-none-eabi/7.2.1/../../../../arm-none-eabi/lib/thumb/v7e-m/libg.a(lib_a-memset.o)
 .data          0x0000000020000004        0x0 /home/anirban/ti/ccs1020/ccs/tools/compiler/gcc-arm-none-eabi-7-2017-q4-major/bin/../lib/gcc/arm-none-eabi/7.2.1/../../../../arm-none-eabi/lib/thumb/v7e-m/libg.a(lib_a-__call_atexit.o)
 .data          0x0000000020000004        0x0 /home/anirban/ti/ccs1020/ccs/tools/compiler/gcc-arm-none-eabi-7-2017-q4-major/bin/../lib/gcc/arm-none-eabi/7.2.1/../../../../arm-none-eabi/lib/thumb/v7e-m/libg.a(lib_a-atexit.o)
 .data          0x0000000020000004        0x0 /home/anirban/ti/ccs1020/ccs/tools/compiler/gcc-arm-none-eabi-7-2017-q4-major/bin/../lib/gcc/arm-none-eabi/7.2.1/../../../../arm-none-eabi/lib/thumb/v7e-m/libg.a(lib_a-fini.o)
 .data          0x0000000020000004        0x0 /home/anirban/ti/ccs1020/ccs/tools/compiler/gcc-arm-none-eabi-7-2017-q4-major/bin/../lib/gcc/arm-none-eabi/7.2.1/../../../../arm-none-eabi/lib/thumb/v7e-m/libg.a(lib_a-lock.o)
 .data          0x0000000020000004        0x0 /home/anirban/ti/ccs1020/ccs/tools/compiler/gcc-arm-none-eabi-7-2017-q4-major/bin/../lib/gcc/arm-none-eabi/7.2.1/../../../../arm-none-eabi/lib/thumb/v7e-m/libg.a(lib_a-__atexit.o)
 .data          0x0000000020000004        0x0 /home/anirban/ti/ccs1020/ccs/tools/compiler/gcc-arm-none-eabi-7-2017-q4-major/bin/../lib/gcc/arm-none-eabi/7.2.1/../../../../arm-none-eabi/lib/thumb/v7e-m/libnosys.a(_exit.o)
 .data          0x0000000020000004        0x0 /home/anirban/ti/ccs1020/ccs/tools/compiler/gcc-arm-none-eabi-7-2017-q4-major/bin/../lib/gcc/arm-none-eabi/7.2.1/thumb/v7e-m/crtend.o
 .data          0x0000000020000004        0x0 /home/anirban/ti/ccs1020/ccs/tools/compiler/gcc-arm-none-eabi-7-2017-q4-major/bin/../lib/gcc/arm-none-eabi/7.2.1/thumb/v7e-m/crtn.o
 *(.data*)
 .data.count    0x0000000020000004       0x28 ./main.o
                0x0000000020000004                count
 .data._impure_ptr
                0x000000002000002c        0x4 /home/anirban/ti/ccs1020/ccs/tools/compiler/gcc-arm-none-eabi-7-2017-q4-major/bin/../lib/gcc/arm-none-eabi/7.2.1/../../../../arm-none-eabi/lib/thumb/v7e-m/libg.a(lib_a-impure.o)
                0x000000002000002c                _impure_ptr
 .data.impure_data
                0x0000000020000030      0x428 /home/anirban/ti/ccs1020/ccs/tools/compiler/gcc-arm-none-eabi-7-2017-q4-major/bin/../lib/gcc/arm-none-eabi/7.2.1/../../../../arm-none-eabi/lib/thumb/v7e-m/libg.a(lib_a-impure.o)
 .data.__atexit_recursive_mutex
                0x0000000020000458        0x4 /home/anirban/ti/ccs1020/ccs/tools/compiler/gcc-arm-none-eabi-7-2017-q4-major/bin/../lib/gcc/arm-none-eabi/7.2.1/../../../../arm-none-eabi/lib/thumb/v7e-m/libg.a(lib_a-__call_atexit.o)
                0x0000000020000458                __atexit_recursive_mutex
                0x000000002000045c                . = ALIGN (0x4)
                0x000000002000045c                __data_end__ = .

.igot.plt       0x000000002000045c        0x0 load address 0x0000000000003770
 .igot.plt      0x000000002000045c        0x0 /home/anirban/ti/ccs1020/ccs/tools/compiler/gcc-arm-none-eabi-7-2017-q4-major/bin/../lib/gcc/arm-none-eabi/7.2.1/thumb/v7e-m/crtbegin.o

vtable          0x0000000020000800      0x26c load address 0x0000000000003770
 vtable         0x0000000020000800      0x26c /home/anirban/ccs_workspace2/1_WashingMachine/libdriver.a(interrupt.o)

.ARM.exidx      0x00000000000039dc        0x8
                0x00000000000039dc                __exidx_start = .
 *(.ARM.exidx* .gnu.linkonce.armexidx.*)
 .ARM.exidx     0x00000000000039dc        0x8 /home/anirban/ti/ccs1020/ccs/tools/compiler/gcc-arm-none-eabi-7-2017-q4-major/bin/../lib/gcc/arm-none-eabi/7.2.1/../../../../arm-none-eabi/lib/thumb/v7e-m/crt0.o
                0x00000000000039e4                __exidx_end = .

.ARM.extab      0x00000000000039e4        0x0
 *(.ARM.extab* .gnu.linkonce.armextab.*)
 .ARM.extab     0x00000000000039e4        0x0 /home/anirban/ti/ccs1020/ccs/tools/compiler/gcc-arm-none-eabi-7-2017-q4-major/bin/../lib/gcc/arm-none-eabi/7.2.1/../../../../arm-none-eabi/lib/thumb/v7e-m/crt0.o

.rel.dyn        0x00000000000039e4        0x0
 .rel.iplt      0x00000000000039e4        0x0 /home/anirban/ti/ccs1020/ccs/tools/compiler/gcc-arm-none-eabi-7-2017-q4-major/bin/../lib/gcc/arm-none-eabi/7.2.1/thumb/v7e-m/crtbegin.o

.bss            0x0000000020000a6c      0x240
                0x0000000020000a6c                __bss_start__ = .
 *(.shbss)
 *(.bss)
 .bss           0x0000000020000a6c        0x0 /home/anirban/ti/ccs1020/ccs/tools/compiler/gcc-arm-none-eabi-7-2017-q4-major/bin/../lib/gcc/arm-none-eabi/7.2.1/thumb/v7e-m/crti.o
 .bss           0x0000000020000a6c       0x1c /home/anirban/ti/ccs1020/ccs/tools/compiler/gcc-arm-none-eabi-7-2017-q4-major/bin/../lib/gcc/arm-none-eabi/7.2.1/thumb/v7e-m/crtbegin.o
 .bss           0x0000000020000a88        0x0 /home/anirban/ti/ccs1020/ccs/tools/compiler/gcc-arm-none-eabi-7-2017-q4-major/bin/../lib/gcc/arm-none-eabi/7.2.1/../../../../arm-none-eabi/lib/thumb/v7e-m/crt0.o
 .bss           0x0000000020000a88        0x0 ./adc.o
 .bss           0x0000000020000a88        0x0 ./main.o
 .bss           0x0000000020000a88        0x0 ./servo_init.o
 .bss           0x0000000020000a88        0x0 ./tm4c123gh6pm_startup_ccs_gcc.o
 .bss           0x0000000020000a88        0x0 /home/anirban/ccs_workspace2/1_WashingMachine/libdriver.a(gpio.o)
 .bss           0x0000000020000a88        0x0 /home/anirban/ccs_workspace2/1_WashingMachine/libdriver.a(interrupt.o)
 .bss           0x0000000020000a88        0x0 /home/anirban/ccs_workspace2/1_WashingMachine/libdriver.a(pwm.o)
 .bss           0x0000000020000a88        0x0 /home/anirban/ccs_workspace2/1_WashingMachine/libdriver.a(sysctl.o)
 .bss           0x0000000020000a88        0x0 /home/anirban/ccs_workspace2/1_WashingMachine/libdriver.a(cpu.o)
 .bss           0x0000000020000a88        0x0 /home/anirban/ti/ccs1020/ccs/tools/compiler/gcc-arm-none-eabi-7-2017-q4-major/bin/../lib/gcc/arm-none-eabi/7.2.1/thumb/v7e-m/libgcc.a(_arm_addsubdf3.o)
 .bss           0x0000000020000a88        0x0 /home/anirban/ti/ccs1020/ccs/tools/compiler/gcc-arm-none-eabi-7-2017-q4-major/bin/../lib/gcc/arm-none-eabi/7.2.1/thumb/v7e-m/libgcc.a(_arm_muldivdf3.o)
 .bss           0x0000000020000a88        0x0 /home/anirban/ti/ccs1020/ccs/tools/compiler/gcc-arm-none-eabi-7-2017-q4-major/bin/../lib/gcc/arm-none-eabi/7.2.1/thumb/v7e-m/libgcc.a(_arm_truncdfsf2.o)
 .bss           0x0000000020000a88        0x0 /home/anirban/ti/ccs1020/ccs/tools/compiler/gcc-arm-none-eabi-7-2017-q4-major/bin/../lib/gcc/arm-none-eabi/7.2.1/thumb/v7e-m/libgcc.a(_arm_addsubsf3.o)
 .bss           0x0000000020000a88        0x0 /home/anirban/ti/ccs1020/ccs/tools/compiler/gcc-arm-none-eabi-7-2017-q4-major/bin/../lib/gcc/arm-none-eabi/7.2.1/thumb/v7e-m/libgcc.a(_arm_fixsfsi.o)
 .bss           0x0000000020000a88        0x0 /home/anirban/ti/ccs1020/ccs/tools/compiler/gcc-arm-none-eabi-7-2017-q4-major/bin/../lib/gcc/arm-none-eabi/7.2.1/../../../../arm-none-eabi/lib/thumb/v7e-m/libg.a(lib_a-exit.o)
 .bss           0x0000000020000a88        0x0 /home/anirban/ti/ccs1020/ccs/tools/compiler/gcc-arm-none-eabi-7-2017-q4-major/bin/../lib/gcc/arm-none-eabi/7.2.1/../../../../arm-none-eabi/lib/thumb/v7e-m/libg.a(lib_a-impure.o)
 .bss           0x0000000020000a88        0x0 /home/anirban/ti/ccs1020/ccs/tools/compiler/gcc-arm-none-eabi-7-2017-q4-major/bin/../lib/gcc/arm-none-eabi/7.2.1/../../../../arm-none-eabi/lib/thumb/v7e-m/libg.a(lib_a-init.o)
 .bss           0x0000000020000a88        0x0 /home/anirban/ti/ccs1020/ccs/tools/compiler/gcc-arm-none-eabi-7-2017-q4-major/bin/../lib/gcc/arm-none-eabi/7.2.1/../../../../arm-none-eabi/lib/thumb/v7e-m/libg.a(lib_a-memset.o)
 .bss           0x0000000020000a88        0x0 /home/anirban/ti/ccs1020/ccs/tools/compiler/gcc-arm-none-eabi-7-2017-q4-major/bin/../lib/gcc/arm-none-eabi/7.2.1/../../../../arm-none-eabi/lib/thumb/v7e-m/libg.a(lib_a-__call_atexit.o)
 .bss           0x0000000020000a88        0x0 /home/anirban/ti/ccs1020/ccs/tools/compiler/gcc-arm-none-eabi-7-2017-q4-major/bin/../lib/gcc/arm-none-eabi/7.2.1/../../../../arm-none-eabi/lib/thumb/v7e-m/libg.a(lib_a-atexit.o)
 .bss           0x0000000020000a88        0x0 /home/anirban/ti/ccs1020/ccs/tools/compiler/gcc-arm-none-eabi-7-2017-q4-major/bin/../lib/gcc/arm-none-eabi/7.2.1/../../../../arm-none-eabi/lib/thumb/v7e-m/libg.a(lib_a-fini.o)
 .bss           0x0000000020000a88        0x0 /home/anirban/ti/ccs1020/ccs/tools/compiler/gcc-arm-none-eabi-7-2017-q4-major/bin/../lib/gcc/arm-none-eabi/7.2.1/../../../../arm-none-eabi/lib/thumb/v7e-m/libg.a(lib_a-lock.o)
 .bss           0x0000000020000a88        0x0 /home/anirban/ti/ccs1020/ccs/tools/compiler/gcc-arm-none-eabi-7-2017-q4-major/bin/../lib/gcc/arm-none-eabi/7.2.1/../../../../arm-none-eabi/lib/thumb/v7e-m/libg.a(lib_a-__atexit.o)
 .bss           0x0000000020000a88        0x0 /home/anirban/ti/ccs1020/ccs/tools/compiler/gcc-arm-none-eabi-7-2017-q4-major/bin/../lib/gcc/arm-none-eabi/7.2.1/../../../../arm-none-eabi/lib/thumb/v7e-m/libnosys.a(_exit.o)
 .bss           0x0000000020000a88        0x0 /home/anirban/ti/ccs1020/ccs/tools/compiler/gcc-arm-none-eabi-7-2017-q4-major/bin/../lib/gcc/arm-none-eabi/7.2.1/thumb/v7e-m/crtend.o
 .bss           0x0000000020000a88        0x0 /home/anirban/ti/ccs1020/ccs/tools/compiler/gcc-arm-none-eabi-7-2017-q4-major/bin/../lib/gcc/arm-none-eabi/7.2.1/thumb/v7e-m/crtn.o
 *(.bss.*)
 .bss.pui32Stack
                0x0000000020000a88      0x200 ./tm4c123gh6pm_startup_ccs_gcc.o
 *(COMMON)
 COMMON         0x0000000020000c88       0x21 /home/anirban/ti/ccs1020/ccs/tools/compiler/gcc-arm-none-eabi-7-2017-q4-major/bin/../lib/gcc/arm-none-eabi/7.2.1/../../../../arm-none-eabi/lib/thumb/v7e-m/libg.a(lib_a-lock.o)
                0x0000000020000c88                __lock___atexit_recursive_mutex
                0x0000000020000c8c                __lock___arc4random_mutex
                0x0000000020000c90                __lock___env_recursive_mutex
                0x0000000020000c94                __lock___sinit_recursive_mutex
                0x0000000020000c98                __lock___malloc_recursive_mutex
                0x0000000020000c9c                __lock___at_quick_exit_mutex
                0x0000000020000ca0                __lock___dd_hash_mutex
                0x0000000020000ca4                __lock___tz_mutex
                0x0000000020000ca8                __lock___sfp_recursive_mutex
                0x0000000020000cac                . = ALIGN (0x4)
 *fill*         0x0000000020000ca9        0x3 
                0x0000000020000cac                __bss_end__ = .

.heap           0x0000000020000cac        0x0
                0x0000000020000cac                __heap_start__ = .
                0x0000000020000cac                end = __heap_start__
                0x0000000020000cac                _end = end
                0x0000000020000cac                __end = end
 *(.heap)
                0x0000000020000cac                __heap_end__ = .
                0x0000000020000cac                __HeapLimit = __heap_end__

.stack          0x0000000020000cb0        0x0
                0x0000000020000cb0                _stack = .
                0x0000000020000cb0                __stack = .
 *(.stack)
START GROUP
LOAD /home/anirban/ccs_workspace2/1_WashingMachine/libdriver.a
END GROUP
LOAD ../libdriver.a
START GROUP
LOAD /home/anirban/ti/ccs1020/ccs/tools/compiler/gcc-arm-none-eabi-7-2017-q4-major/bin/../lib/gcc/arm-none-eabi/7.2.1/thumb/v7e-m/libgcc.a
LOAD /home/anirban/ti/ccs1020/ccs/tools/compiler/gcc-arm-none-eabi-7-2017-q4-major/bin/../lib/gcc/arm-none-eabi/7.2.1/../../../../arm-none-eabi/lib/thumb/v7e-m/libg.a
LOAD /home/anirban/ti/ccs1020/ccs/tools/compiler/gcc-arm-none-eabi-7-2017-q4-major/bin/../lib/gcc/arm-none-eabi/7.2.1/../../../../arm-none-eabi/lib/thumb/v7e-m/libc.a
END GROUP
START GROUP
LOAD /home/anirban/ti/ccs1020/ccs/tools/compiler/gcc-arm-none-eabi-7-2017-q4-major/bin/../lib/gcc/arm-none-eabi/7.2.1/thumb/v7e-m/libgcc.a
LOAD /home/anirban/ti/ccs1020/ccs/tools/compiler/gcc-arm-none-eabi-7-2017-q4-major/bin/../lib/gcc/arm-none-eabi/7.2.1/../../../../arm-none-eabi/lib/thumb/v7e-m/libc.a
LOAD /home/anirban/ti/ccs1020/ccs/tools/compiler/gcc-arm-none-eabi-7-2017-q4-major/bin/../lib/gcc/arm-none-eabi/7.2.1/../../../../arm-none-eabi/lib/thumb/v7e-m/libnosys.a
END GROUP
LOAD /home/anirban/ti/ccs1020/ccs/tools/compiler/gcc-arm-none-eabi-7-2017-q4-major/bin/../lib/gcc/arm-none-eabi/7.2.1/thumb/v7e-m/crtend.o
LOAD /home/anirban/ti/ccs1020/ccs/tools/compiler/gcc-arm-none-eabi-7-2017-q4-major/bin/../lib/gcc/arm-none-eabi/7.2.1/thumb/v7e-m/crtn.o
OUTPUT(ADC mapped 3DOF robotic arm.out elf32-littlearm)

.ARM.attributes
                0x0000000000000000       0x2e
 .ARM.attributes
                0x0000000000000000       0x1e /home/anirban/ti/ccs1020/ccs/tools/compiler/gcc-arm-none-eabi-7-2017-q4-major/bin/../lib/gcc/arm-none-eabi/7.2.1/thumb/v7e-m/crti.o
 .ARM.attributes
                0x000000000000001e       0x2e /home/anirban/ti/ccs1020/ccs/tools/compiler/gcc-arm-none-eabi-7-2017-q4-major/bin/../lib/gcc/arm-none-eabi/7.2.1/thumb/v7e-m/crtbegin.o
 .ARM.attributes
                0x000000000000004c       0x1c /home/anirban/ti/ccs1020/ccs/tools/compiler/gcc-arm-none-eabi-7-2017-q4-major/bin/../lib/gcc/arm-none-eabi/7.2.1/../../../../arm-none-eabi/lib/thumb/v7e-m/crt0.o
 .ARM.attributes
                0x0000000000000068       0x33 ./adc.o
 .ARM.attributes
                0x000000000000009b       0x33 ./main.o
 .ARM.attributes
                0x00000000000000ce       0x33 ./servo_init.o
 .ARM.attributes
                0x0000000000000101       0x33 ./tm4c123gh6pm_startup_ccs_gcc.o
 .ARM.attributes
                0x0000000000000134       0x32 /home/anirban/ccs_workspace2/1_WashingMachine/libdriver.a(gpio.o)
 .ARM.attributes
                0x0000000000000166       0x32 /home/anirban/ccs_workspace2/1_WashingMachine/libdriver.a(interrupt.o)
 .ARM.attributes
                0x0000000000000198       0x32 /home/anirban/ccs_workspace2/1_WashingMachine/libdriver.a(pwm.o)
 .ARM.attributes
                0x00000000000001ca       0x32 /home/anirban/ccs_workspace2/1_WashingMachine/libdriver.a(sysctl.o)
 .ARM.attributes
                0x00000000000001fc       0x32 /home/anirban/ccs_workspace2/1_WashingMachine/libdriver.a(cpu.o)
 .ARM.attributes
                0x000000000000022e       0x1e /home/anirban/ti/ccs1020/ccs/tools/compiler/gcc-arm-none-eabi-7-2017-q4-major/bin/../lib/gcc/arm-none-eabi/7.2.1/thumb/v7e-m/libgcc.a(_arm_addsubdf3.o)
 .ARM.attributes
                0x000000000000024c       0x1e /home/anirban/ti/ccs1020/ccs/tools/compiler/gcc-arm-none-eabi-7-2017-q4-major/bin/../lib/gcc/arm-none-eabi/7.2.1/thumb/v7e-m/libgcc.a(_arm_muldivdf3.o)
 .ARM.attributes
                0x000000000000026a       0x1e /home/anirban/ti/ccs1020/ccs/tools/compiler/gcc-arm-none-eabi-7-2017-q4-major/bin/../lib/gcc/arm-none-eabi/7.2.1/thumb/v7e-m/libgcc.a(_arm_truncdfsf2.o)
 .ARM.attributes
                0x0000000000000288       0x1e /home/anirban/ti/ccs1020/ccs/tools/compiler/gcc-arm-none-eabi-7-2017-q4-major/bin/../lib/gcc/arm-none-eabi/7.2.1/thumb/v7e-m/libgcc.a(_arm_addsubsf3.o)
 .ARM.attributes
                0x00000000000002a6       0x1e /home/anirban/ti/ccs1020/ccs/tools/compiler/gcc-arm-none-eabi-7-2017-q4-major/bin/../lib/gcc/arm-none-eabi/7.2.1/thumb/v7e-m/libgcc.a(_arm_fixsfsi.o)
 .ARM.attributes
                0x00000000000002c4       0x2e /home/anirban/ti/ccs1020/ccs/tools/compiler/gcc-arm-none-eabi-7-2017-q4-major/bin/../lib/gcc/arm-none-eabi/7.2.1/../../../../arm-none-eabi/lib/thumb/v7e-m/libg.a(lib_a-exit.o)
 .ARM.attributes
                0x00000000000002f2       0x2e /home/anirban/ti/ccs1020/ccs/tools/compiler/gcc-arm-none-eabi-7-2017-q4-major/bin/../lib/gcc/arm-none-eabi/7.2.1/../../../../arm-none-eabi/lib/thumb/v7e-m/libg.a(lib_a-impure.o)
 .ARM.attributes
                0x0000000000000320       0x2e /home/anirban/ti/ccs1020/ccs/tools/compiler/gcc-arm-none-eabi-7-2017-q4-major/bin/../lib/gcc/arm-none-eabi/7.2.1/../../../../arm-none-eabi/lib/thumb/v7e-m/libg.a(lib_a-init.o)
 .ARM.attributes
                0x000000000000034e       0x2e /home/anirban/ti/ccs1020/ccs/tools/compiler/gcc-arm-none-eabi-7-2017-q4-major/bin/../lib/gcc/arm-none-eabi/7.2.1/../../../../arm-none-eabi/lib/thumb/v7e-m/libg.a(lib_a-memset.o)
 .ARM.attributes
                0x000000000000037c       0x2e /home/anirban/ti/ccs1020/ccs/tools/compiler/gcc-arm-none-eabi-7-2017-q4-major/bin/../lib/gcc/arm-none-eabi/7.2.1/../../../../arm-none-eabi/lib/thumb/v7e-m/libg.a(lib_a-__call_atexit.o)
 .ARM.attributes
                0x00000000000003aa       0x2e /home/anirban/ti/ccs1020/ccs/tools/compiler/gcc-arm-none-eabi-7-2017-q4-major/bin/../lib/gcc/arm-none-eabi/7.2.1/../../../../arm-none-eabi/lib/thumb/v7e-m/libg.a(lib_a-atexit.o)
 .ARM.attributes
                0x00000000000003d8       0x2e /home/anirban/ti/ccs1020/ccs/tools/compiler/gcc-arm-none-eabi-7-2017-q4-major/bin/../lib/gcc/arm-none-eabi/7.2.1/../../../../arm-none-eabi/lib/thumb/v7e-m/libg.a(lib_a-fini.o)
 .ARM.attributes
                0x0000000000000406       0x2e /home/anirban/ti/ccs1020/ccs/tools/compiler/gcc-arm-none-eabi-7-2017-q4-major/bin/../lib/gcc/arm-none-eabi/7.2.1/../../../../arm-none-eabi/lib/thumb/v7e-m/libg.a(lib_a-lock.o)
 .ARM.attributes
                0x0000000000000434       0x2e /home/anirban/ti/ccs1020/ccs/tools/compiler/gcc-arm-none-eabi-7-2017-q4-major/bin/../lib/gcc/arm-none-eabi/7.2.1/../../../../arm-none-eabi/lib/thumb/v7e-m/libg.a(lib_a-__atexit.o)
 .ARM.attributes
                0x0000000000000462       0x2e /home/anirban/ti/ccs1020/ccs/tools/compiler/gcc-arm-none-eabi-7-2017-q4-major/bin/../lib/gcc/arm-none-eabi/7.2.1/../../../../arm-none-eabi/lib/thumb/v7e-m/libnosys.a(_exit.o)
 .ARM.attributes
                0x0000000000000490       0x2e /home/anirban/ti/ccs1020/ccs/tools/compiler/gcc-arm-none-eabi-7-2017-q4-major/bin/../lib/gcc/arm-none-eabi/7.2.1/thumb/v7e-m/crtend.o
 .ARM.attributes
                0x00000000000004be       0x1e /home/anirban/ti/ccs1020/ccs/tools/compiler/gcc-arm-none-eabi-7-2017-q4-major/bin/../lib/gcc/arm-none-eabi/7.2.1/thumb/v7e-m/crtn.o

.comment        0x0000000000000000       0xf7
 .comment       0x0000000000000000       0x7e ./adc.o
                                         0x7f (size before relaxing)
 .comment       0x000000000000007e       0x7f ./main.o
 .comment       0x000000000000007e       0x7f ./servo_init.o
 .comment       0x000000000000007e       0x7f ./tm4c123gh6pm_startup_ccs_gcc.o
 .comment       0x000000000000007e       0x79 /home/anirban/ccs_workspace2/1_WashingMachine/libdriver.a(gpio.o)
                                         0x7a (size before relaxing)
 .comment       0x00000000000000f7       0x7a /home/anirban/ccs_workspace2/1_WashingMachine/libdriver.a(interrupt.o)
 .comment       0x00000000000000f7       0x7a /home/anirban/ccs_workspace2/1_WashingMachine/libdriver.a(pwm.o)
 .comment       0x00000000000000f7       0x7a /home/anirban/ccs_workspace2/1_WashingMachine/libdriver.a(sysctl.o)
 .comment       0x00000000000000f7       0x7a /home/anirban/ccs_workspace2/1_WashingMachine/libdriver.a(cpu.o)

.debug_info     0x0000000000000000      0xe26
 .debug_info    0x0000000000000000      0x927 ./adc.o
 .debug_info    0x0000000000000927      0x1cb ./main.o
 .debug_info    0x0000000000000af2      0x1a7 ./servo_init.o
 .debug_info    0x0000000000000c99      0x18d ./tm4c123gh6pm_startup_ccs_gcc.o

.debug_abbrev   0x0000000000000000      0x3ed
 .debug_abbrev  0x0000000000000000      0x1c3 ./adc.o
 .debug_abbrev  0x00000000000001c3       0xbb ./main.o
 .debug_abbrev  0x000000000000027e       0xa5 ./servo_init.o
 .debug_abbrev  0x0000000000000323       0xca ./tm4c123gh6pm_startup_ccs_gcc.o

.debug_aranges  0x0000000000000000       0xc8
 .debug_aranges
                0x0000000000000000       0x20 ./adc.o
 .debug_aranges
                0x0000000000000020       0x20 ./main.o
 .debug_aranges
                0x0000000000000040       0x50 ./servo_init.o
 .debug_aranges
                0x0000000000000090       0x38 ./tm4c123gh6pm_startup_ccs_gcc.o

.debug_ranges   0x0000000000000000       0x88
 .debug_ranges  0x0000000000000000       0x10 ./adc.o
 .debug_ranges  0x0000000000000010       0x10 ./main.o
 .debug_ranges  0x0000000000000020       0x40 ./servo_init.o
 .debug_ranges  0x0000000000000060       0x28 ./tm4c123gh6pm_startup_ccs_gcc.o

.debug_line     0x0000000000000000      0x641
 .debug_line    0x0000000000000000      0x256 ./adc.o
 .debug_line    0x0000000000000256      0x184 ./main.o
 .debug_line    0x00000000000003da       0xe4 ./servo_init.o
 .debug_line    0x00000000000004be      0x183 ./tm4c123gh6pm_startup_ccs_gcc.o

.debug_str      0x0000000000000000      0x6d8
 .debug_str     0x0000000000000000      0x551 ./adc.o
                                        0x5c9 (size before relaxing)
 .debug_str     0x0000000000000551       0x5d ./main.o
                                        0x22f (size before relaxing)
 .debug_str     0x00000000000005ae       0x6f ./servo_init.o
                                        0x1ff (size before relaxing)
 .debug_str     0x000000000000061d       0xbb ./tm4c123gh6pm_startup_ccs_gcc.o
                                        0x259 (size before relaxing)

.debug_frame    0x0000000000000000      0x5b8
 .debug_frame   0x0000000000000000       0x38 ./adc.o
 .debug_frame   0x0000000000000038       0x30 ./main.o
 .debug_frame   0x0000000000000068      0x104 ./servo_init.o
 .debug_frame   0x000000000000016c       0x7c ./tm4c123gh6pm_startup_ccs_gcc.o
 .debug_frame   0x00000000000001e8       0xac /home/anirban/ti/ccs1020/ccs/tools/compiler/gcc-arm-none-eabi-7-2017-q4-major/bin/../lib/gcc/arm-none-eabi/7.2.1/thumb/v7e-m/libgcc.a(_arm_addsubdf3.o)
 .debug_frame   0x0000000000000294       0x50 /home/anirban/ti/ccs1020/ccs/tools/compiler/gcc-arm-none-eabi-7-2017-q4-major/bin/../lib/gcc/arm-none-eabi/7.2.1/thumb/v7e-m/libgcc.a(_arm_muldivdf3.o)
 .debug_frame   0x00000000000002e4       0x24 /home/anirban/ti/ccs1020/ccs/tools/compiler/gcc-arm-none-eabi-7-2017-q4-major/bin/../lib/gcc/arm-none-eabi/7.2.1/thumb/v7e-m/libgcc.a(_arm_truncdfsf2.o)
 .debug_frame   0x0000000000000308       0x4c /home/anirban/ti/ccs1020/ccs/tools/compiler/gcc-arm-none-eabi-7-2017-q4-major/bin/../lib/gcc/arm-none-eabi/7.2.1/thumb/v7e-m/libgcc.a(_arm_addsubsf3.o)
 .debug_frame   0x0000000000000354       0x24 /home/anirban/ti/ccs1020/ccs/tools/compiler/gcc-arm-none-eabi-7-2017-q4-major/bin/../lib/gcc/arm-none-eabi/7.2.1/thumb/v7e-m/libgcc.a(_arm_fixsfsi.o)
 .debug_frame   0x0000000000000378       0x28 /home/anirban/ti/ccs1020/ccs/tools/compiler/gcc-arm-none-eabi-7-2017-q4-major/bin/../lib/gcc/arm-none-eabi/7.2.1/../../../../arm-none-eabi/lib/thumb/v7e-m/libg.a(lib_a-exit.o)
 .debug_frame   0x00000000000003a0       0x2c /home/anirban/ti/ccs1020/ccs/tools/compiler/gcc-arm-none-eabi-7-2017-q4-major/bin/../lib/gcc/arm-none-eabi/7.2.1/../../../../arm-none-eabi/lib/thumb/v7e-m/libg.a(lib_a-init.o)
 .debug_frame   0x00000000000003cc       0x38 /home/anirban/ti/ccs1020/ccs/tools/compiler/gcc-arm-none-eabi-7-2017-q4-major/bin/../lib/gcc/arm-none-eabi/7.2.1/../../../../arm-none-eabi/lib/thumb/v7e-m/libg.a(lib_a-memset.o)
 .debug_frame   0x0000000000000404       0x5c /home/anirban/ti/ccs1020/ccs/tools/compiler/gcc-arm-none-eabi-7-2017-q4-major/bin/../lib/gcc/arm-none-eabi/7.2.1/../../../../arm-none-eabi/lib/thumb/v7e-m/libg.a(lib_a-__call_atexit.o)
 .debug_frame   0x0000000000000460       0x20 /home/anirban/ti/ccs1020/ccs/tools/compiler/gcc-arm-none-eabi-7-2017-q4-major/bin/../lib/gcc/arm-none-eabi/7.2.1/../../../../arm-none-eabi/lib/thumb/v7e-m/libg.a(lib_a-atexit.o)
 .debug_frame   0x0000000000000480       0x34 /home/anirban/ti/ccs1020/ccs/tools/compiler/gcc-arm-none-eabi-7-2017-q4-major/bin/../lib/gcc/arm-none-eabi/7.2.1/../../../../arm-none-eabi/lib/thumb/v7e-m/libg.a(lib_a-fini.o)
 .debug_frame   0x00000000000004b4       0xb0 /home/anirban/ti/ccs1020/ccs/tools/compiler/gcc-arm-none-eabi-7-2017-q4-major/bin/../lib/gcc/arm-none-eabi/7.2.1/../../../../arm-none-eabi/lib/thumb/v7e-m/libg.a(lib_a-lock.o)
 .debug_frame   0x0000000000000564       0x34 /home/anirban/ti/ccs1020/ccs/tools/compiler/gcc-arm-none-eabi-7-2017-q4-major/bin/../lib/gcc/arm-none-eabi/7.2.1/../../../../arm-none-eabi/lib/thumb/v7e-m/libg.a(lib_a-__atexit.o)
 .debug_frame   0x0000000000000598       0x20 /home/anirban/ti/ccs1020/ccs/tools/compiler/gcc-arm-none-eabi-7-2017-q4-major/bin/../lib/gcc/arm-none-eabi/7.2.1/../../../../arm-none-eabi/lib/thumb/v7e-m/libnosys.a(_exit.o)
