Archive member included to satisfy reference by file (symbol)

/home/anirban/ccs_workspace2/Servo_motor/libdriver.a(gpio.o)
                              ./main.o (GPIOPinTypePWM)
/home/anirban/ccs_workspace2/Servo_motor/libdriver.a(interrupt.o)
                              /home/anirban/ccs_workspace2/Servo_motor/libdriver.a(gpio.o) (IntRegister)
/home/anirban/ccs_workspace2/Servo_motor/libdriver.a(pwm.o)
                              ./main.o (PWMGenConfigure)
/home/anirban/ccs_workspace2/Servo_motor/libdriver.a(sysctl.o)
                              ./main.o (SysCtlPeripheralEnable)
/home/anirban/ccs_workspace2/Servo_motor/libdriver.a(cpu.o)
                              /home/anirban/ccs_workspace2/Servo_motor/libdriver.a(interrupt.o) (CPUcpsid)
/home/anirban/ti/ccs1020/ccs/tools/compiler/gcc-arm-none-eabi-7-2017-q4-major/bin/../lib/gcc/arm-none-eabi/7.2.1/thumb/v7e-m/libgcc.a(_arm_addsubdf3.o)
                              ./main.o (__aeabi_i2d)
/home/anirban/ti/ccs1020/ccs/tools/compiler/gcc-arm-none-eabi-7-2017-q4-major/bin/../lib/gcc/arm-none-eabi/7.2.1/thumb/v7e-m/libgcc.a(_arm_muldivdf3.o)
                              ./main.o (__aeabi_dmul)
/home/anirban/ti/ccs1020/ccs/tools/compiler/gcc-arm-none-eabi-7-2017-q4-major/bin/../lib/gcc/arm-none-eabi/7.2.1/thumb/v7e-m/libgcc.a(_arm_truncdfsf2.o)
                              ./main.o (__aeabi_d2f)
/home/anirban/ti/ccs1020/ccs/tools/compiler/gcc-arm-none-eabi-7-2017-q4-major/bin/../lib/gcc/arm-none-eabi/7.2.1/thumb/v7e-m/libgcc.a(_arm_addsubsf3.o)
                              ./main.o (__aeabi_fadd)
/home/anirban/ti/ccs1020/ccs/tools/compiler/gcc-arm-none-eabi-7-2017-q4-major/bin/../lib/gcc/arm-none-eabi/7.2.1/thumb/v7e-m/libgcc.a(_arm_fixsfsi.o)
                              ./main.o (__aeabi_f2iz)
/home/anirban/ti/ccs1020/ccs/tools/compiler/gcc-arm-none-eabi-7-2017-q4-major/bin/../lib/gcc/arm-none-eabi/7.2.1/../../../../arm-none-eabi/lib/thumb/v7e-m/libg.a(lib_a-exit.o)
                              /home/anirban/ti/ccs1020/ccs/tools/compiler/gcc-arm-none-eabi-7-2017-q4-major/bin/../lib/gcc/arm-none-eabi/7.2.1/../../../../arm-none-eabi/lib/thumb/v7e-m/crt0.o (exit)
/home/anirban/ti/ccs1020/ccs/tools/compiler/gcc-arm-none-eabi-7-2017-q4-major/bin/../lib/gcc/arm-none-eabi/7.2.1/../../../../arm-none-eabi/lib/thumb/v7e-m/libg.a(lib_a-impure.o)
                              /home/anirban/ti/ccs1020/ccs/tools/compiler/gcc-arm-none-eabi-7-2017-q4-major/bin/../lib/gcc/arm-none-eabi/7.2.1/../../../../arm-none-eabi/lib/thumb/v7e-m/libg.a(lib_a-exit.o) (_global_impure_ptr)
/home/anirban/ti/ccs1020/ccs/tools/compiler/gcc-arm-none-eabi-7-2017-q4-major/bin/../lib/gcc/arm-none-eabi/7.2.1/../../../../arm-none-eabi/lib/thumb/v7e-m/libg.a(lib_a-init.o)
                              /home/anirban/ti/ccs1020/ccs/tools/compiler/gcc-arm-none-eabi-7-2017-q4-major/bin/../lib/gcc/arm-none-eabi/7.2.1/../../../../arm-none-eabi/lib/thumb/v7e-m/crt0.o (__libc_init_array)
/home/anirban/ti/ccs1020/ccs/tools/compiler/gcc-arm-none-eabi-7-2017-q4-major/bin/../lib/gcc/arm-none-eabi/7.2.1/../../../../arm-none-eabi/lib/thumb/v7e-m/libg.a(lib_a-memset.o)
                              /home/anirban/ti/ccs1020/ccs/tools/compiler/gcc-arm-none-eabi-7-2017-q4-major/bin/../lib/gcc/arm-none-eabi/7.2.1/../../../../arm-none-eabi/lib/thumb/v7e-m/crt0.o (memset)
/home/anirban/ti/ccs1020/ccs/tools/compiler/gcc-arm-none-eabi-7-2017-q4-major/bin/../lib/gcc/arm-none-eabi/7.2.1/../../../../arm-none-eabi/lib/thumb/v7e-m/libg.a(lib_a-__call_atexit.o)
                              /home/anirban/ti/ccs1020/ccs/tools/compiler/gcc-arm-none-eabi-7-2017-q4-major/bin/../lib/gcc/arm-none-eabi/7.2.1/../../../../arm-none-eabi/lib/thumb/v7e-m/libg.a(lib_a-exit.o) (__call_exitprocs)
/home/anirban/ti/ccs1020/ccs/tools/compiler/gcc-arm-none-eabi-7-2017-q4-major/bin/../lib/gcc/arm-none-eabi/7.2.1/../../../../arm-none-eabi/lib/thumb/v7e-m/libg.a(lib_a-atexit.o)
                              /home/anirban/ti/ccs1020/ccs/tools/compiler/gcc-arm-none-eabi-7-2017-q4-major/bin/../lib/gcc/arm-none-eabi/7.2.1/../../../../arm-none-eabi/lib/thumb/v7e-m/libg.a(lib_a-__call_atexit.o) (atexit)
/home/anirban/ti/ccs1020/ccs/tools/compiler/gcc-arm-none-eabi-7-2017-q4-major/bin/../lib/gcc/arm-none-eabi/7.2.1/../../../../arm-none-eabi/lib/thumb/v7e-m/libg.a(lib_a-fini.o)
                              /home/anirban/ti/ccs1020/ccs/tools/compiler/gcc-arm-none-eabi-7-2017-q4-major/bin/../lib/gcc/arm-none-eabi/7.2.1/../../../../arm-none-eabi/lib/thumb/v7e-m/libg.a(lib_a-__call_atexit.o) (__libc_fini_array)
/home/anirban/ti/ccs1020/ccs/tools/compiler/gcc-arm-none-eabi-7-2017-q4-major/bin/../lib/gcc/arm-none-eabi/7.2.1/../../../../arm-none-eabi/lib/thumb/v7e-m/libg.a(lib_a-lock.o)
                              /home/anirban/ti/ccs1020/ccs/tools/compiler/gcc-arm-none-eabi-7-2017-q4-major/bin/../lib/gcc/arm-none-eabi/7.2.1/../../../../arm-none-eabi/lib/thumb/v7e-m/libg.a(lib_a-__call_atexit.o) (__retarget_lock_acquire_recursive)
/home/anirban/ti/ccs1020/ccs/tools/compiler/gcc-arm-none-eabi-7-2017-q4-major/bin/../lib/gcc/arm-none-eabi/7.2.1/../../../../arm-none-eabi/lib/thumb/v7e-m/libg.a(lib_a-__atexit.o)
                              /home/anirban/ti/ccs1020/ccs/tools/compiler/gcc-arm-none-eabi-7-2017-q4-major/bin/../lib/gcc/arm-none-eabi/7.2.1/../../../../arm-none-eabi/lib/thumb/v7e-m/libg.a(lib_a-atexit.o) (__register_exitproc)
/home/anirban/ti/ccs1020/ccs/tools/compiler/gcc-arm-none-eabi-7-2017-q4-major/bin/../lib/gcc/arm-none-eabi/7.2.1/../../../../arm-none-eabi/lib/thumb/v7e-m/libnosys.a(_exit.o)
                              /home/anirban/ti/ccs1020/ccs/tools/compiler/gcc-arm-none-eabi-7-2017-q4-major/bin/../lib/gcc/arm-none-eabi/7.2.1/../../../../arm-none-eabi/lib/thumb/v7e-m/libg.a(lib_a-exit.o) (_exit)

Allocating common symbols
Common symbol       size              file

__lock___atexit_recursive_mutex
                    0x1               /home/anirban/ti/ccs1020/ccs/tools/compiler/gcc-arm-none-eabi-7-2017-q4-major/bin/../lib/gcc/arm-none-eabi/7.2.1/../../../../arm-none-eabi/lib/thumb/v7e-m/libg.a(lib_a-lock.o)
__lock___arc4random_mutex
                    0x1               /home/anirban/ti/ccs1020/ccs/tools/compiler/gcc-arm-none-eabi-7-2017-q4-major/bin/../lib/gcc/arm-none-eabi/7.2.1/../../../../arm-none-eabi/lib/thumb/v7e-m/libg.a(lib_a-lock.o)
__lock___env_recursive_mutex
                    0x1               /home/anirban/ti/ccs1020/ccs/tools/compiler/gcc-arm-none-eabi-7-2017-q4-major/bin/../lib/gcc/arm-none-eabi/7.2.1/../../../../arm-none-eabi/lib/thumb/v7e-m/libg.a(lib_a-lock.o)
__lock___sinit_recursive_mutex
                    0x1               /home/anirban/ti/ccs1020/ccs/tools/compiler/gcc-arm-none-eabi-7-2017-q4-major/bin/../lib/gcc/arm-none-eabi/7.2.1/../../../../arm-none-eabi/lib/thumb/v7e-m/libg.a(lib_a-lock.o)
__lock___malloc_recursive_mutex
                    0x1               /home/anirban/ti/ccs1020/ccs/tools/compiler/gcc-arm-none-eabi-7-2017-q4-major/bin/../lib/gcc/arm-none-eabi/7.2.1/../../../../arm-none-eabi/lib/thumb/v7e-m/libg.a(lib_a-lock.o)
__lock___at_quick_exit_mutex
                    0x1               /home/anirban/ti/ccs1020/ccs/tools/compiler/gcc-arm-none-eabi-7-2017-q4-major/bin/../lib/gcc/arm-none-eabi/7.2.1/../../../../arm-none-eabi/lib/thumb/v7e-m/libg.a(lib_a-lock.o)
__lock___dd_hash_mutex
                    0x1               /home/anirban/ti/ccs1020/ccs/tools/compiler/gcc-arm-none-eabi-7-2017-q4-major/bin/../lib/gcc/arm-none-eabi/7.2.1/../../../../arm-none-eabi/lib/thumb/v7e-m/libg.a(lib_a-lock.o)
__lock___tz_mutex   0x1               /home/anirban/ti/ccs1020/ccs/tools/compiler/gcc-arm-none-eabi-7-2017-q4-major/bin/../lib/gcc/arm-none-eabi/7.2.1/../../../../arm-none-eabi/lib/thumb/v7e-m/libg.a(lib_a-lock.o)
__lock___sfp_recursive_mutex
                    0x1               /home/anirban/ti/ccs1020/ccs/tools/compiler/gcc-arm-none-eabi-7-2017-q4-major/bin/../lib/gcc/arm-none-eabi/7.2.1/../../../../arm-none-eabi/lib/thumb/v7e-m/libg.a(lib_a-lock.o)

Memory Configuration

Name             Origin             Length             Attributes
FLASH            0x0000000000000000 0x0000000000040000 xr
SRAM             0x0000000020000000 0x0000000000008000 xw
*default*        0x0000000000000000 0xffffffffffffffff

Linker script and memory map

LOAD /home/anirban/ti/ccs1020/ccs/tools/compiler/gcc-arm-none-eabi-7-2017-q4-major/bin/../lib/gcc/arm-none-eabi/7.2.1/thumb/v7e-m/crti.o
LOAD /home/anirban/ti/ccs1020/ccs/tools/compiler/gcc-arm-none-eabi-7-2017-q4-major/bin/../lib/gcc/arm-none-eabi/7.2.1/thumb/v7e-m/crtbegin.o
LOAD /home/anirban/ti/ccs1020/ccs/tools/compiler/gcc-arm-none-eabi-7-2017-q4-major/bin/../lib/gcc/arm-none-eabi/7.2.1/../../../../arm-none-eabi/lib/thumb/v7e-m/crt0.o
LOAD ./main.o
LOAD ./tm4c123gh6pm_startup_ccs_gcc.o
                0x0000000000000000                PROVIDE (_intvecs_base_address, 0x0)

.intvecs        0x0000000000000000      0x26c
 *(.intvecs)
 .intvecs       0x0000000000000000      0x26c ./tm4c123gh6pm_startup_ccs_gcc.o
                0x0000000000000000                g_pfnVectors
                0x0000000020000000                PROVIDE (_vtable_base_address, 0x20000000)

.vtable
 *(.vtable)

.text           0x0000000000000270     0x26b4
 CREATE_OBJECT_SYMBOLS
 *(.text)
 .text          0x0000000000000270        0x0 /home/anirban/ti/ccs1020/ccs/tools/compiler/gcc-arm-none-eabi-7-2017-q4-major/bin/../lib/gcc/arm-none-eabi/7.2.1/thumb/v7e-m/crti.o
 .text          0x0000000000000270       0x40 /home/anirban/ti/ccs1020/ccs/tools/compiler/gcc-arm-none-eabi-7-2017-q4-major/bin/../lib/gcc/arm-none-eabi/7.2.1/thumb/v7e-m/crtbegin.o
 .text          0x00000000000002b0       0x74 /home/anirban/ti/ccs1020/ccs/tools/compiler/gcc-arm-none-eabi-7-2017-q4-major/bin/../lib/gcc/arm-none-eabi/7.2.1/../../../../arm-none-eabi/lib/thumb/v7e-m/crt0.o
                0x00000000000002b0                _mainCRTStartup
                0x00000000000002b0                _start
 .text          0x0000000000000324        0x0 ./main.o
 .text          0x0000000000000324        0x0 ./tm4c123gh6pm_startup_ccs_gcc.o
 .text          0x0000000000000324        0x0 /home/anirban/ccs_workspace2/Servo_motor/libdriver.a(gpio.o)
 .text          0x0000000000000324        0x0 /home/anirban/ccs_workspace2/Servo_motor/libdriver.a(interrupt.o)
 .text          0x0000000000000324        0x0 /home/anirban/ccs_workspace2/Servo_motor/libdriver.a(pwm.o)
 .text          0x0000000000000324        0x0 /home/anirban/ccs_workspace2/Servo_motor/libdriver.a(sysctl.o)
 .text          0x0000000000000324        0x0 /home/anirban/ccs_workspace2/Servo_motor/libdriver.a(cpu.o)
 .text          0x0000000000000324      0x378 /home/anirban/ti/ccs1020/ccs/tools/compiler/gcc-arm-none-eabi-7-2017-q4-major/bin/../lib/gcc/arm-none-eabi/7.2.1/thumb/v7e-m/libgcc.a(_arm_addsubdf3.o)
                0x0000000000000324                __aeabi_drsub
                0x000000000000032c                __aeabi_dsub
                0x000000000000032c                __subdf3
                0x0000000000000330                __adddf3
                0x0000000000000330                __aeabi_dadd
                0x00000000000005a8                __aeabi_ui2d
                0x00000000000005a8                __floatunsidf
                0x00000000000005c8                __floatsidf
                0x00000000000005c8                __aeabi_i2d
                0x00000000000005ec                __extendsfdf2
                0x00000000000005ec                __aeabi_f2d
                0x0000000000000630                __aeabi_ul2d
                0x0000000000000630                __floatundidf
                0x0000000000000640                __floatdidf
                0x0000000000000640                __aeabi_l2d
 .text          0x000000000000069c      0x424 /home/anirban/ti/ccs1020/ccs/tools/compiler/gcc-arm-none-eabi-7-2017-q4-major/bin/../lib/gcc/arm-none-eabi/7.2.1/thumb/v7e-m/libgcc.a(_arm_muldivdf3.o)
                0x000000000000069c                __aeabi_dmul
                0x000000000000069c                __muldf3
                0x00000000000008f0                __aeabi_ddiv
                0x00000000000008f0                __divdf3
 .text          0x0000000000000ac0       0xa0 /home/anirban/ti/ccs1020/ccs/tools/compiler/gcc-arm-none-eabi-7-2017-q4-major/bin/../lib/gcc/arm-none-eabi/7.2.1/thumb/v7e-m/libgcc.a(_arm_truncdfsf2.o)
                0x0000000000000ac0                __aeabi_d2f
                0x0000000000000ac0                __truncdfsf2
 .text          0x0000000000000b60      0x21c /home/anirban/ti/ccs1020/ccs/tools/compiler/gcc-arm-none-eabi-7-2017-q4-major/bin/../lib/gcc/arm-none-eabi/7.2.1/thumb/v7e-m/libgcc.a(_arm_addsubsf3.o)
                0x0000000000000b60                __aeabi_frsub
                0x0000000000000b68                __subsf3
                0x0000000000000b68                __aeabi_fsub
                0x0000000000000b6c                __aeabi_fadd
                0x0000000000000b6c                __addsf3
                0x0000000000000ccc                __aeabi_ui2f
                0x0000000000000ccc                __floatunsisf
                0x0000000000000cd4                __aeabi_i2f
                0x0000000000000cd4                __floatsisf
                0x0000000000000cf0                __floatundisf
                0x0000000000000cf0                __aeabi_ul2f
                0x0000000000000d00                __floatdisf
                0x0000000000000d00                __aeabi_l2f
 .text          0x0000000000000d7c       0x4c /home/anirban/ti/ccs1020/ccs/tools/compiler/gcc-arm-none-eabi-7-2017-q4-major/bin/../lib/gcc/arm-none-eabi/7.2.1/thumb/v7e-m/libgcc.a(_arm_fixsfsi.o)
                0x0000000000000d7c                __fixsfsi
                0x0000000000000d7c                __aeabi_f2iz
 .text          0x0000000000000dc8        0x0 /home/anirban/ti/ccs1020/ccs/tools/compiler/gcc-arm-none-eabi-7-2017-q4-major/bin/../lib/gcc/arm-none-eabi/7.2.1/../../../../arm-none-eabi/lib/thumb/v7e-m/libg.a(lib_a-exit.o)
 .text          0x0000000000000dc8        0x0 /home/anirban/ti/ccs1020/ccs/tools/compiler/gcc-arm-none-eabi-7-2017-q4-major/bin/../lib/gcc/arm-none-eabi/7.2.1/../../../../arm-none-eabi/lib/thumb/v7e-m/libg.a(lib_a-impure.o)
 .text          0x0000000000000dc8        0x0 /home/anirban/ti/ccs1020/ccs/tools/compiler/gcc-arm-none-eabi-7-2017-q4-major/bin/../lib/gcc/arm-none-eabi/7.2.1/../../../../arm-none-eabi/lib/thumb/v7e-m/libg.a(lib_a-init.o)
 .text          0x0000000000000dc8        0x0 /home/anirban/ti/ccs1020/ccs/tools/compiler/gcc-arm-none-eabi-7-2017-q4-major/bin/../lib/gcc/arm-none-eabi/7.2.1/../../../../arm-none-eabi/lib/thumb/v7e-m/libg.a(lib_a-memset.o)
 .text          0x0000000000000dc8        0x0 /home/anirban/ti/ccs1020/ccs/tools/compiler/gcc-arm-none-eabi-7-2017-q4-major/bin/../lib/gcc/arm-none-eabi/7.2.1/../../../../arm-none-eabi/lib/thumb/v7e-m/libg.a(lib_a-__call_atexit.o)
 .text          0x0000000000000dc8        0x0 /home/anirban/ti/ccs1020/ccs/tools/compiler/gcc-arm-none-eabi-7-2017-q4-major/bin/../lib/gcc/arm-none-eabi/7.2.1/../../../../arm-none-eabi/lib/thumb/v7e-m/libg.a(lib_a-atexit.o)
 .text          0x0000000000000dc8        0x0 /home/anirban/ti/ccs1020/ccs/tools/compiler/gcc-arm-none-eabi-7-2017-q4-major/bin/../lib/gcc/arm-none-eabi/7.2.1/../../../../arm-none-eabi/lib/thumb/v7e-m/libg.a(lib_a-fini.o)
 .text          0x0000000000000dc8        0x0 /home/anirban/ti/ccs1020/ccs/tools/compiler/gcc-arm-none-eabi-7-2017-q4-major/bin/../lib/gcc/arm-none-eabi/7.2.1/../../../../arm-none-eabi/lib/thumb/v7e-m/libg.a(lib_a-lock.o)
 .text          0x0000000000000dc8        0x0 /home/anirban/ti/ccs1020/ccs/tools/compiler/gcc-arm-none-eabi-7-2017-q4-major/bin/../lib/gcc/arm-none-eabi/7.2.1/../../../../arm-none-eabi/lib/thumb/v7e-m/libg.a(lib_a-__atexit.o)
 .text          0x0000000000000dc8        0x0 /home/anirban/ti/ccs1020/ccs/tools/compiler/gcc-arm-none-eabi-7-2017-q4-major/bin/../lib/gcc/arm-none-eabi/7.2.1/../../../../arm-none-eabi/lib/thumb/v7e-m/libnosys.a(_exit.o)
 .text          0x0000000000000dc8        0x0 /home/anirban/ti/ccs1020/ccs/tools/compiler/gcc-arm-none-eabi-7-2017-q4-major/bin/../lib/gcc/arm-none-eabi/7.2.1/thumb/v7e-m/crtend.o
 .text          0x0000000000000dc8        0x0 /home/anirban/ti/ccs1020/ccs/tools/compiler/gcc-arm-none-eabi-7-2017-q4-major/bin/../lib/gcc/arm-none-eabi/7.2.1/thumb/v7e-m/crtn.o
 *(.text.*)
 .text.main     0x0000000000000dc8       0x54 ./main.o
                0x0000000000000dc8                main
 *fill*         0x0000000000000e1c        0x4 
 .text.servo_rotate_F
                0x0000000000000e20       0x78 ./main.o
                0x0000000000000e20                servo_rotate_F
 .text.PWM3     0x0000000000000e98       0xa8 ./main.o
                0x0000000000000e98                PWM3
 .text.delayMs  0x0000000000000f40       0x3c ./main.o
                0x0000000000000f40                delayMs
 .text.ResetISR
                0x0000000000000f7c       0x6c ./tm4c123gh6pm_startup_ccs_gcc.o
                0x0000000000000f7c                ResetISR
 .text.NmiSR    0x0000000000000fe8        0x6 ./tm4c123gh6pm_startup_ccs_gcc.o
 .text.FaultISR
                0x0000000000000fee        0x6 ./tm4c123gh6pm_startup_ccs_gcc.o
 .text.IntDefaultHandler
                0x0000000000000ff4        0x6 ./tm4c123gh6pm_startup_ccs_gcc.o
 *fill*         0x0000000000000ffa        0x2 
 .text._GPIOIntNumberGet
                0x0000000000000ffc       0x44 /home/anirban/ccs_workspace2/Servo_motor/libdriver.a(gpio.o)
 .text.GPIODirModeSet
                0x0000000000001040       0x26 /home/anirban/ccs_workspace2/Servo_motor/libdriver.a(gpio.o)
                0x0000000000001040                GPIODirModeSet
 .text.GPIODirModeGet
                0x0000000000001066       0x26 /home/anirban/ccs_workspace2/Servo_motor/libdriver.a(gpio.o)
                0x0000000000001066                GPIODirModeGet
 .text.GPIOIntTypeSet
                0x000000000000108c       0x4e /home/anirban/ccs_workspace2/Servo_motor/libdriver.a(gpio.o)
                0x000000000000108c                GPIOIntTypeSet
 .text.GPIOIntTypeGet
                0x00000000000010da       0x40 /home/anirban/ccs_workspace2/Servo_motor/libdriver.a(gpio.o)
                0x00000000000010da                GPIOIntTypeGet
 .text.GPIOPadConfigSet
                0x000000000000111a      0x106 /home/anirban/ccs_workspace2/Servo_motor/libdriver.a(gpio.o)
                0x000000000000111a                GPIOPadConfigSet
 .text.GPIOPadConfigGet
                0x0000000000001220       0xd0 /home/anirban/ccs_workspace2/Servo_motor/libdriver.a(gpio.o)
                0x0000000000001220                GPIOPadConfigGet
 .text.GPIOIntEnable
                0x00000000000012f0        0xc /home/anirban/ccs_workspace2/Servo_motor/libdriver.a(gpio.o)
                0x00000000000012f0                GPIOIntEnable
 .text.GPIOIntDisable
                0x00000000000012fc        0xe /home/anirban/ccs_workspace2/Servo_motor/libdriver.a(gpio.o)
                0x00000000000012fc                GPIOIntDisable
 .text.GPIOIntStatus
                0x000000000000130a        0xe /home/anirban/ccs_workspace2/Servo_motor/libdriver.a(gpio.o)
                0x000000000000130a                GPIOIntStatus
 .text.GPIOIntClear
                0x0000000000001318        0x6 /home/anirban/ccs_workspace2/Servo_motor/libdriver.a(gpio.o)
                0x0000000000001318                GPIOIntClear
 .text.GPIOIntRegister
                0x000000000000131e       0x1c /home/anirban/ccs_workspace2/Servo_motor/libdriver.a(gpio.o)
                0x000000000000131e                GPIOIntRegister
 .text.GPIOIntUnregister
                0x000000000000133a       0x16 /home/anirban/ccs_workspace2/Servo_motor/libdriver.a(gpio.o)
                0x000000000000133a                GPIOIntUnregister
 .text.GPIOPinRead
                0x0000000000001350        0x6 /home/anirban/ccs_workspace2/Servo_motor/libdriver.a(gpio.o)
                0x0000000000001350                GPIOPinRead
 .text.GPIOPinWrite
                0x0000000000001356        0x6 /home/anirban/ccs_workspace2/Servo_motor/libdriver.a(gpio.o)
                0x0000000000001356                GPIOPinWrite
 .text.GPIOPinTypeADC
                0x000000000000135c       0x18 /home/anirban/ccs_workspace2/Servo_motor/libdriver.a(gpio.o)
                0x000000000000135c                GPIOPinTypeADC
 .text.GPIOPinTypeCAN
                0x0000000000001374       0x18 /home/anirban/ccs_workspace2/Servo_motor/libdriver.a(gpio.o)
                0x0000000000001374                GPIOPinTypeCAN
 .text.GPIOPinTypeComparator
                0x000000000000138c        0x4 /home/anirban/ccs_workspace2/Servo_motor/libdriver.a(gpio.o)
                0x000000000000138c                GPIOPinTypeComparator
 .text.GPIOPinTypeEPI
                0x0000000000001390        0x4 /home/anirban/ccs_workspace2/Servo_motor/libdriver.a(gpio.o)
                0x0000000000001390                GPIOPinTypeEPI
 .text.GPIOPinTypeEthernetLED
                0x0000000000001394        0x4 /home/anirban/ccs_workspace2/Servo_motor/libdriver.a(gpio.o)
                0x0000000000001394                GPIOPinTypeEthernetLED
 .text.GPIOPinTypeEthernetMII
                0x0000000000001398        0x4 /home/anirban/ccs_workspace2/Servo_motor/libdriver.a(gpio.o)
                0x0000000000001398                GPIOPinTypeEthernetMII
 .text.GPIOPinTypeGPIOInput
                0x000000000000139c       0x18 /home/anirban/ccs_workspace2/Servo_motor/libdriver.a(gpio.o)
                0x000000000000139c                GPIOPinTypeGPIOInput
 .text.GPIOPinTypeGPIOOutput
                0x00000000000013b4       0x18 /home/anirban/ccs_workspace2/Servo_motor/libdriver.a(gpio.o)
                0x00000000000013b4                GPIOPinTypeGPIOOutput
 .text.GPIOPinTypeGPIOOutputOD
                0x00000000000013cc       0x18 /home/anirban/ccs_workspace2/Servo_motor/libdriver.a(gpio.o)
                0x00000000000013cc                GPIOPinTypeGPIOOutputOD
 .text.GPIOPinTypeI2C
                0x00000000000013e4       0x18 /home/anirban/ccs_workspace2/Servo_motor/libdriver.a(gpio.o)
                0x00000000000013e4                GPIOPinTypeI2C
 .text.GPIOPinTypeI2CSCL
                0x00000000000013fc       0x18 /home/anirban/ccs_workspace2/Servo_motor/libdriver.a(gpio.o)
                0x00000000000013fc                GPIOPinTypeI2CSCL
 .text.GPIOPinTypeLCD
                0x0000000000001414        0x4 /home/anirban/ccs_workspace2/Servo_motor/libdriver.a(gpio.o)
                0x0000000000001414                GPIOPinTypeLCD
 .text.GPIOPinTypeLPC
                0x0000000000001418        0x4 /home/anirban/ccs_workspace2/Servo_motor/libdriver.a(gpio.o)
                0x0000000000001418                GPIOPinTypeLPC
 .text.GPIOPinTypePECIRx
                0x000000000000141c        0x4 /home/anirban/ccs_workspace2/Servo_motor/libdriver.a(gpio.o)
                0x000000000000141c                GPIOPinTypePECIRx
 .text.GPIOPinTypePECITx
                0x0000000000001420        0x4 /home/anirban/ccs_workspace2/Servo_motor/libdriver.a(gpio.o)
                0x0000000000001420                GPIOPinTypePECITx
 .text.GPIOPinTypePWM
                0x0000000000001424        0x4 /home/anirban/ccs_workspace2/Servo_motor/libdriver.a(gpio.o)
                0x0000000000001424                GPIOPinTypePWM
 .text.GPIOPinTypeQEI
                0x0000000000001428       0x18 /home/anirban/ccs_workspace2/Servo_motor/libdriver.a(gpio.o)
                0x0000000000001428                GPIOPinTypeQEI
 .text.GPIOPinTypeSSI
                0x0000000000001440        0x4 /home/anirban/ccs_workspace2/Servo_motor/libdriver.a(gpio.o)
                0x0000000000001440                GPIOPinTypeSSI
 .text.GPIOPinTypeTimer
                0x0000000000001444        0x4 /home/anirban/ccs_workspace2/Servo_motor/libdriver.a(gpio.o)
                0x0000000000001444                GPIOPinTypeTimer
 .text.GPIOPinTypeUART
                0x0000000000001448        0x4 /home/anirban/ccs_workspace2/Servo_motor/libdriver.a(gpio.o)
                0x0000000000001448                GPIOPinTypeUART
 .text.GPIOPinTypeUSBAnalog
                0x000000000000144c        0x4 /home/anirban/ccs_workspace2/Servo_motor/libdriver.a(gpio.o)
                0x000000000000144c                GPIOPinTypeUSBAnalog
 .text.GPIOPinTypeUSBDigital
                0x0000000000001450        0x4 /home/anirban/ccs_workspace2/Servo_motor/libdriver.a(gpio.o)
                0x0000000000001450                GPIOPinTypeUSBDigital
 .text.GPIOPinTypeWakeHigh
                0x0000000000001454       0x1a /home/anirban/ccs_workspace2/Servo_motor/libdriver.a(gpio.o)
                0x0000000000001454                GPIOPinTypeWakeHigh
 .text.GPIOPinTypeWakeLow
                0x000000000000146e       0x1a /home/anirban/ccs_workspace2/Servo_motor/libdriver.a(gpio.o)
                0x000000000000146e                GPIOPinTypeWakeLow
 .text.GPIOPinTypeKBRow
                0x0000000000001488        0x4 /home/anirban/ccs_workspace2/Servo_motor/libdriver.a(gpio.o)
                0x0000000000001488                GPIOPinTypeKBRow
 .text.GPIOPinTypeKBColumn
                0x000000000000148c        0x4 /home/anirban/ccs_workspace2/Servo_motor/libdriver.a(gpio.o)
                0x000000000000148c                GPIOPinTypeKBColumn
 .text.GPIOPinTypeLEDSeq
                0x0000000000001490        0x4 /home/anirban/ccs_workspace2/Servo_motor/libdriver.a(gpio.o)
                0x0000000000001490                GPIOPinTypeLEDSeq
 .text.GPIOPinTypeCIR
                0x0000000000001494        0x4 /home/anirban/ccs_workspace2/Servo_motor/libdriver.a(gpio.o)
                0x0000000000001494                GPIOPinTypeCIR
 .text.GPIOPinWakeStatus
                0x0000000000001498        0x6 /home/anirban/ccs_workspace2/Servo_motor/libdriver.a(gpio.o)
                0x0000000000001498                GPIOPinWakeStatus
 *fill*         0x000000000000149e        0x2 
 .text.GPIOPinConfigure
                0x00000000000014a0       0x44 /home/anirban/ccs_workspace2/Servo_motor/libdriver.a(gpio.o)
                0x00000000000014a0                GPIOPinConfigure
 .text.GPIODMATriggerEnable
                0x00000000000014e4        0xc /home/anirban/ccs_workspace2/Servo_motor/libdriver.a(gpio.o)
                0x00000000000014e4                GPIODMATriggerEnable
 .text.GPIODMATriggerDisable
                0x00000000000014f0        0xe /home/anirban/ccs_workspace2/Servo_motor/libdriver.a(gpio.o)
                0x00000000000014f0                GPIODMATriggerDisable
 .text.GPIOADCTriggerEnable
                0x00000000000014fe        0xc /home/anirban/ccs_workspace2/Servo_motor/libdriver.a(gpio.o)
                0x00000000000014fe                GPIOADCTriggerEnable
 .text.GPIOADCTriggerDisable
                0x000000000000150a        0xe /home/anirban/ccs_workspace2/Servo_motor/libdriver.a(gpio.o)
                0x000000000000150a                GPIOADCTriggerDisable
 .text._IntDefaultHandler
                0x0000000000001518        0x2 /home/anirban/ccs_workspace2/Servo_motor/libdriver.a(interrupt.o)
 .text.IntMasterEnable
                0x000000000000151a        0xe /home/anirban/ccs_workspace2/Servo_motor/libdriver.a(interrupt.o)
                0x000000000000151a                IntMasterEnable
 .text.IntMasterDisable
                0x0000000000001528        0xe /home/anirban/ccs_workspace2/Servo_motor/libdriver.a(interrupt.o)
                0x0000000000001528                IntMasterDisable
 *fill*         0x0000000000001536        0x2 
 .text.IntRegister
                0x0000000000001538       0x38 /home/anirban/ccs_workspace2/Servo_motor/libdriver.a(interrupt.o)
                0x0000000000001538                IntRegister
 .text.IntUnregister
                0x0000000000001570       0x14 /home/anirban/ccs_workspace2/Servo_motor/libdriver.a(interrupt.o)
                0x0000000000001570                IntUnregister
 .text.IntPriorityGroupingSet
                0x0000000000001584       0x1c /home/anirban/ccs_workspace2/Servo_motor/libdriver.a(interrupt.o)
                0x0000000000001584                IntPriorityGroupingSet
 .text.IntPriorityGroupingGet
                0x00000000000015a0       0x24 /home/anirban/ccs_workspace2/Servo_motor/libdriver.a(interrupt.o)
                0x00000000000015a0                IntPriorityGroupingGet
 .text.IntPrioritySet
                0x00000000000015c4       0x28 /home/anirban/ccs_workspace2/Servo_motor/libdriver.a(interrupt.o)
                0x00000000000015c4                IntPrioritySet
 .text.IntPriorityGet
                0x00000000000015ec       0x1c /home/anirban/ccs_workspace2/Servo_motor/libdriver.a(interrupt.o)
                0x00000000000015ec                IntPriorityGet
 .text.IntEnable
                0x0000000000001608       0x60 /home/anirban/ccs_workspace2/Servo_motor/libdriver.a(interrupt.o)
                0x0000000000001608                IntEnable
 .text.IntDisable
                0x0000000000001668       0x60 /home/anirban/ccs_workspace2/Servo_motor/libdriver.a(interrupt.o)
                0x0000000000001668                IntDisable
 .text.IntIsEnabled
                0x00000000000016c8       0x64 /home/anirban/ccs_workspace2/Servo_motor/libdriver.a(interrupt.o)
                0x00000000000016c8                IntIsEnabled
 .text.IntPendSet
                0x000000000000172c       0x50 /home/anirban/ccs_workspace2/Servo_motor/libdriver.a(interrupt.o)
                0x000000000000172c                IntPendSet
 .text.IntPendClear
                0x000000000000177c       0x40 /home/anirban/ccs_workspace2/Servo_motor/libdriver.a(interrupt.o)
                0x000000000000177c                IntPendClear
 .text.IntPriorityMaskSet
                0x00000000000017bc        0x4 /home/anirban/ccs_workspace2/Servo_motor/libdriver.a(interrupt.o)
                0x00000000000017bc                IntPriorityMaskSet
 .text.IntPriorityMaskGet
                0x00000000000017c0        0x4 /home/anirban/ccs_workspace2/Servo_motor/libdriver.a(interrupt.o)
                0x00000000000017c0                IntPriorityMaskGet
 .text.IntTrigger
                0x00000000000017c4        0xc /home/anirban/ccs_workspace2/Servo_motor/libdriver.a(interrupt.o)
                0x00000000000017c4                IntTrigger
 .text._PWMGenIntNumberGet
                0x00000000000017d0      0x108 /home/anirban/ccs_workspace2/Servo_motor/libdriver.a(pwm.o)
 .text._PWMFaultIntNumberGet
                0x00000000000018d8       0x4c /home/anirban/ccs_workspace2/Servo_motor/libdriver.a(pwm.o)
 .text.PWMGenConfigure
                0x0000000000001924       0x2c /home/anirban/ccs_workspace2/Servo_motor/libdriver.a(pwm.o)
                0x0000000000001924                PWMGenConfigure
 .text.PWMGenPeriodSet
                0x0000000000001950       0x12 /home/anirban/ccs_workspace2/Servo_motor/libdriver.a(pwm.o)
                0x0000000000001950                PWMGenPeriodSet
 .text.PWMGenPeriodGet
                0x0000000000001962       0x10 /home/anirban/ccs_workspace2/Servo_motor/libdriver.a(pwm.o)
                0x0000000000001962                PWMGenPeriodGet
 .text.PWMGenEnable
                0x0000000000001972        0xa /home/anirban/ccs_workspace2/Servo_motor/libdriver.a(pwm.o)
                0x0000000000001972                PWMGenEnable
 .text.PWMGenDisable
                0x000000000000197c        0xa /home/anirban/ccs_workspace2/Servo_motor/libdriver.a(pwm.o)
                0x000000000000197c                PWMGenDisable
 .text.PWMPulseWidthSet
                0x0000000000001986       0x1e /home/anirban/ccs_workspace2/Servo_motor/libdriver.a(pwm.o)
                0x0000000000001986                PWMPulseWidthSet
 .text.PWMPulseWidthGet
                0x00000000000019a4       0x20 /home/anirban/ccs_workspace2/Servo_motor/libdriver.a(pwm.o)
                0x00000000000019a4                PWMPulseWidthGet
 .text.PWMDeadBandEnable
                0x00000000000019c4       0x10 /home/anirban/ccs_workspace2/Servo_motor/libdriver.a(pwm.o)
                0x00000000000019c4                PWMDeadBandEnable
 .text.PWMDeadBandDisable
                0x00000000000019d4        0xc /home/anirban/ccs_workspace2/Servo_motor/libdriver.a(pwm.o)
                0x00000000000019d4                PWMDeadBandDisable
 .text.PWMSyncUpdate
                0x00000000000019e0        0x4 /home/anirban/ccs_workspace2/Servo_motor/libdriver.a(pwm.o)
                0x00000000000019e0                PWMSyncUpdate
 .text.PWMSyncTimeBase
                0x00000000000019e4        0x4 /home/anirban/ccs_workspace2/Servo_motor/libdriver.a(pwm.o)
                0x00000000000019e4                PWMSyncTimeBase
 .text.PWMOutputState
                0x00000000000019e8       0x10 /home/anirban/ccs_workspace2/Servo_motor/libdriver.a(pwm.o)
                0x00000000000019e8                PWMOutputState
 .text.PWMOutputInvert
                0x00000000000019f8       0x10 /home/anirban/ccs_workspace2/Servo_motor/libdriver.a(pwm.o)
                0x00000000000019f8                PWMOutputInvert
 .text.PWMOutputFaultLevel
                0x0000000000001a08       0x10 /home/anirban/ccs_workspace2/Servo_motor/libdriver.a(pwm.o)
                0x0000000000001a08                PWMOutputFaultLevel
 .text.PWMOutputFault
                0x0000000000001a18       0x10 /home/anirban/ccs_workspace2/Servo_motor/libdriver.a(pwm.o)
                0x0000000000001a18                PWMOutputFault
 .text.PWMGenIntRegister
                0x0000000000001a28       0x1a /home/anirban/ccs_workspace2/Servo_motor/libdriver.a(pwm.o)
                0x0000000000001a28                PWMGenIntRegister
 .text.PWMGenIntUnregister
                0x0000000000001a42       0x16 /home/anirban/ccs_workspace2/Servo_motor/libdriver.a(pwm.o)
                0x0000000000001a42                PWMGenIntUnregister
 .text.PWMFaultIntRegister
                0x0000000000001a58       0x1c /home/anirban/ccs_workspace2/Servo_motor/libdriver.a(pwm.o)
                0x0000000000001a58                PWMFaultIntRegister
 .text.PWMFaultIntUnregister
                0x0000000000001a74       0x16 /home/anirban/ccs_workspace2/Servo_motor/libdriver.a(pwm.o)
                0x0000000000001a74                PWMFaultIntUnregister
 .text.PWMGenIntTrigEnable
                0x0000000000001a8a        0xa /home/anirban/ccs_workspace2/Servo_motor/libdriver.a(pwm.o)
                0x0000000000001a8a                PWMGenIntTrigEnable
 .text.PWMGenIntTrigDisable
                0x0000000000001a94        0xc /home/anirban/ccs_workspace2/Servo_motor/libdriver.a(pwm.o)
                0x0000000000001a94                PWMGenIntTrigDisable
 .text.PWMGenIntStatus
                0x0000000000001aa0        0xc /home/anirban/ccs_workspace2/Servo_motor/libdriver.a(pwm.o)
                0x0000000000001aa0                PWMGenIntStatus
 .text.PWMGenIntClear
                0x0000000000001aac        0x6 /home/anirban/ccs_workspace2/Servo_motor/libdriver.a(pwm.o)
                0x0000000000001aac                PWMGenIntClear
 .text.PWMIntEnable
                0x0000000000001ab2        0x8 /home/anirban/ccs_workspace2/Servo_motor/libdriver.a(pwm.o)
                0x0000000000001ab2                PWMIntEnable
 .text.PWMIntDisable
                0x0000000000001aba        0xa /home/anirban/ccs_workspace2/Servo_motor/libdriver.a(pwm.o)
                0x0000000000001aba                PWMIntDisable
 .text.PWMFaultIntClear
                0x0000000000001ac4        0x8 /home/anirban/ccs_workspace2/Servo_motor/libdriver.a(pwm.o)
                0x0000000000001ac4                PWMFaultIntClear
 .text.PWMIntStatus
                0x0000000000001acc        0xa /home/anirban/ccs_workspace2/Servo_motor/libdriver.a(pwm.o)
                0x0000000000001acc                PWMIntStatus
 .text.PWMFaultIntClearExt
                0x0000000000001ad6        0x4 /home/anirban/ccs_workspace2/Servo_motor/libdriver.a(pwm.o)
                0x0000000000001ad6                PWMFaultIntClearExt
 .text.PWMGenFaultConfigure
                0x0000000000001ada       0x14 /home/anirban/ccs_workspace2/Servo_motor/libdriver.a(pwm.o)
                0x0000000000001ada                PWMGenFaultConfigure
 .text.PWMGenFaultTriggerSet
                0x0000000000001aee        0xc /home/anirban/ccs_workspace2/Servo_motor/libdriver.a(pwm.o)
                0x0000000000001aee                PWMGenFaultTriggerSet
 .text.PWMGenFaultTriggerGet
                0x0000000000001afa        0xc /home/anirban/ccs_workspace2/Servo_motor/libdriver.a(pwm.o)
                0x0000000000001afa                PWMGenFaultTriggerGet
 .text.PWMGenFaultStatus
                0x0000000000001b06       0x14 /home/anirban/ccs_workspace2/Servo_motor/libdriver.a(pwm.o)
                0x0000000000001b06                PWMGenFaultStatus
 .text.PWMGenFaultClear
                0x0000000000001b1a       0x14 /home/anirban/ccs_workspace2/Servo_motor/libdriver.a(pwm.o)
                0x0000000000001b1a                PWMGenFaultClear
 .text.PWMClockSet
                0x0000000000001b2e       0x14 /home/anirban/ccs_workspace2/Servo_motor/libdriver.a(pwm.o)
                0x0000000000001b2e                PWMClockSet
 .text.PWMClockGet
                0x0000000000001b42       0x1a /home/anirban/ccs_workspace2/Servo_motor/libdriver.a(pwm.o)
                0x0000000000001b42                PWMClockGet
 .text.PWMOutputUpdateMode
                0x0000000000001b5c       0x38 /home/anirban/ccs_workspace2/Servo_motor/libdriver.a(pwm.o)
                0x0000000000001b5c                PWMOutputUpdateMode
 .text._SysCtlMemTimingGet
                0x0000000000001b94       0x64 /home/anirban/ccs_workspace2/Servo_motor/libdriver.a(sysctl.o)
 .text.SysCtlSRAMSizeGet
                0x0000000000001bf8       0x10 /home/anirban/ccs_workspace2/Servo_motor/libdriver.a(sysctl.o)
                0x0000000000001bf8                SysCtlSRAMSizeGet
 .text.SysCtlFlashSizeGet
                0x0000000000001c08       0x44 /home/anirban/ccs_workspace2/Servo_motor/libdriver.a(sysctl.o)
                0x0000000000001c08                SysCtlFlashSizeGet
 .text.SysCtlFlashSectorSizeGet
                0x0000000000001c4c       0x38 /home/anirban/ccs_workspace2/Servo_motor/libdriver.a(sysctl.o)
                0x0000000000001c4c                SysCtlFlashSectorSizeGet
 .text.SysCtlPeripheralPresent
                0x0000000000001c84       0x24 /home/anirban/ccs_workspace2/Servo_motor/libdriver.a(sysctl.o)
                0x0000000000001c84                SysCtlPeripheralPresent
 .text.SysCtlPeripheralReady
                0x0000000000001ca8       0x24 /home/anirban/ccs_workspace2/Servo_motor/libdriver.a(sysctl.o)
                0x0000000000001ca8                SysCtlPeripheralReady
 .text.SysCtlPeripheralPowerOn
                0x0000000000001ccc       0x20 /home/anirban/ccs_workspace2/Servo_motor/libdriver.a(sysctl.o)
                0x0000000000001ccc                SysCtlPeripheralPowerOn
 .text.SysCtlPeripheralPowerOff
                0x0000000000001cec       0x20 /home/anirban/ccs_workspace2/Servo_motor/libdriver.a(sysctl.o)
                0x0000000000001cec                SysCtlPeripheralPowerOff
 .text.SysCtlPeripheralReset
                0x0000000000001d0c       0x38 /home/anirban/ccs_workspace2/Servo_motor/libdriver.a(sysctl.o)
                0x0000000000001d0c                SysCtlPeripheralReset
 .text.SysCtlPeripheralEnable
                0x0000000000001d44       0x20 /home/anirban/ccs_workspace2/Servo_motor/libdriver.a(sysctl.o)
                0x0000000000001d44                SysCtlPeripheralEnable
 .text.SysCtlPeripheralDisable
                0x0000000000001d64       0x20 /home/anirban/ccs_workspace2/Servo_motor/libdriver.a(sysctl.o)
                0x0000000000001d64                SysCtlPeripheralDisable
 .text.SysCtlPeripheralSleepEnable
                0x0000000000001d84       0x20 /home/anirban/ccs_workspace2/Servo_motor/libdriver.a(sysctl.o)
                0x0000000000001d84                SysCtlPeripheralSleepEnable
 .text.SysCtlPeripheralSleepDisable
                0x0000000000001da4       0x20 /home/anirban/ccs_workspace2/Servo_motor/libdriver.a(sysctl.o)
                0x0000000000001da4                SysCtlPeripheralSleepDisable
 .text.SysCtlPeripheralDeepSleepEnable
                0x0000000000001dc4       0x20 /home/anirban/ccs_workspace2/Servo_motor/libdriver.a(sysctl.o)
                0x0000000000001dc4                SysCtlPeripheralDeepSleepEnable
 .text.SysCtlPeripheralDeepSleepDisable
                0x0000000000001de4       0x20 /home/anirban/ccs_workspace2/Servo_motor/libdriver.a(sysctl.o)
                0x0000000000001de4                SysCtlPeripheralDeepSleepDisable
 .text.SysCtlPeripheralClockGating
                0x0000000000001e04       0x48 /home/anirban/ccs_workspace2/Servo_motor/libdriver.a(sysctl.o)
                0x0000000000001e04                SysCtlPeripheralClockGating
 .text.SysCtlIntRegister
                0x0000000000001e4c       0x14 /home/anirban/ccs_workspace2/Servo_motor/libdriver.a(sysctl.o)
                0x0000000000001e4c                SysCtlIntRegister
 .text.SysCtlIntUnregister
                0x0000000000001e60       0x12 /home/anirban/ccs_workspace2/Servo_motor/libdriver.a(sysctl.o)
                0x0000000000001e60                SysCtlIntUnregister
 *fill*         0x0000000000001e72        0x2 
 .text.SysCtlIntEnable
                0x0000000000001e74       0x10 /home/anirban/ccs_workspace2/Servo_motor/libdriver.a(sysctl.o)
                0x0000000000001e74                SysCtlIntEnable
 .text.SysCtlIntDisable
                0x0000000000001e84       0x10 /home/anirban/ccs_workspace2/Servo_motor/libdriver.a(sysctl.o)
                0x0000000000001e84                SysCtlIntDisable
 .text.SysCtlIntClear
                0x0000000000001e94        0xc /home/anirban/ccs_workspace2/Servo_motor/libdriver.a(sysctl.o)
                0x0000000000001e94                SysCtlIntClear
 .text.SysCtlIntStatus
                0x0000000000001ea0       0x14 /home/anirban/ccs_workspace2/Servo_motor/libdriver.a(sysctl.o)
                0x0000000000001ea0                SysCtlIntStatus
 .text.SysCtlLDOSleepSet
                0x0000000000001eb4        0xc /home/anirban/ccs_workspace2/Servo_motor/libdriver.a(sysctl.o)
                0x0000000000001eb4                SysCtlLDOSleepSet
 .text.SysCtlLDOSleepGet
                0x0000000000001ec0        0xc /home/anirban/ccs_workspace2/Servo_motor/libdriver.a(sysctl.o)
                0x0000000000001ec0                SysCtlLDOSleepGet
 .text.SysCtlLDODeepSleepSet
                0x0000000000001ecc        0xc /home/anirban/ccs_workspace2/Servo_motor/libdriver.a(sysctl.o)
                0x0000000000001ecc                SysCtlLDODeepSleepSet
 .text.SysCtlLDODeepSleepGet
                0x0000000000001ed8        0xc /home/anirban/ccs_workspace2/Servo_motor/libdriver.a(sysctl.o)
                0x0000000000001ed8                SysCtlLDODeepSleepGet
 .text.SysCtlSleepPowerSet
                0x0000000000001ee4        0xc /home/anirban/ccs_workspace2/Servo_motor/libdriver.a(sysctl.o)
                0x0000000000001ee4                SysCtlSleepPowerSet
 .text.SysCtlDeepSleepPowerSet
                0x0000000000001ef0        0xc /home/anirban/ccs_workspace2/Servo_motor/libdriver.a(sysctl.o)
                0x0000000000001ef0                SysCtlDeepSleepPowerSet
 .text.SysCtlReset
                0x0000000000001efc       0x10 /home/anirban/ccs_workspace2/Servo_motor/libdriver.a(sysctl.o)
                0x0000000000001efc                SysCtlReset
 .text.SysCtlSleep
                0x0000000000001f0c        0x4 /home/anirban/ccs_workspace2/Servo_motor/libdriver.a(sysctl.o)
                0x0000000000001f0c                SysCtlSleep
 .text.SysCtlDeepSleep
                0x0000000000001f10       0x20 /home/anirban/ccs_workspace2/Servo_motor/libdriver.a(sysctl.o)
                0x0000000000001f10                SysCtlDeepSleep
 .text.SysCtlResetCauseGet
                0x0000000000001f30        0xc /home/anirban/ccs_workspace2/Servo_motor/libdriver.a(sysctl.o)
                0x0000000000001f30                SysCtlResetCauseGet
 .text.SysCtlResetCauseClear
                0x0000000000001f3c       0x10 /home/anirban/ccs_workspace2/Servo_motor/libdriver.a(sysctl.o)
                0x0000000000001f3c                SysCtlResetCauseClear
 .text.SysCtlDelay
                0x0000000000001f4c        0x8 /home/anirban/ccs_workspace2/Servo_motor/libdriver.a(sysctl.o)
                0x0000000000001f4c                SysCtlDelay
 .text.SysCtlMOSCConfigSet
                0x0000000000001f54        0xc /home/anirban/ccs_workspace2/Servo_motor/libdriver.a(sysctl.o)
                0x0000000000001f54                SysCtlMOSCConfigSet
 .text.SysCtlPIOSCCalibrate
                0x0000000000001f60       0x48 /home/anirban/ccs_workspace2/Servo_motor/libdriver.a(sysctl.o)
                0x0000000000001f60                SysCtlPIOSCCalibrate
 .text.SysCtlResetBehaviorSet
                0x0000000000001fa8        0xc /home/anirban/ccs_workspace2/Servo_motor/libdriver.a(sysctl.o)
                0x0000000000001fa8                SysCtlResetBehaviorSet
 .text.SysCtlResetBehaviorGet
                0x0000000000001fb4        0xc /home/anirban/ccs_workspace2/Servo_motor/libdriver.a(sysctl.o)
                0x0000000000001fb4                SysCtlResetBehaviorGet
 .text.SysCtlClockFreqSet
                0x0000000000001fc0      0x234 /home/anirban/ccs_workspace2/Servo_motor/libdriver.a(sysctl.o)
                0x0000000000001fc0                SysCtlClockFreqSet
 .text.SysCtlClockSet
                0x00000000000021f4      0x114 /home/anirban/ccs_workspace2/Servo_motor/libdriver.a(sysctl.o)
                0x00000000000021f4                SysCtlClockSet
 .text.SysCtlClockGet
                0x0000000000002308      0x160 /home/anirban/ccs_workspace2/Servo_motor/libdriver.a(sysctl.o)
                0x0000000000002308                SysCtlClockGet
 .text.SysCtlDeepSleepClockSet
                0x0000000000002468        0xc /home/anirban/ccs_workspace2/Servo_motor/libdriver.a(sysctl.o)
                0x0000000000002468                SysCtlDeepSleepClockSet
 .text.SysCtlDeepSleepClockConfigSet
                0x0000000000002474       0x60 /home/anirban/ccs_workspace2/Servo_motor/libdriver.a(sysctl.o)
                0x0000000000002474                SysCtlDeepSleepClockConfigSet
 .text.SysCtlPWMClockSet
                0x00000000000024d4       0x14 /home/anirban/ccs_workspace2/Servo_motor/libdriver.a(sysctl.o)
                0x00000000000024d4                SysCtlPWMClockSet
 .text.SysCtlPWMClockGet
                0x00000000000024e8       0x18 /home/anirban/ccs_workspace2/Servo_motor/libdriver.a(sysctl.o)
                0x00000000000024e8                SysCtlPWMClockGet
 .text.SysCtlGPIOAHBEnable
                0x0000000000002500       0x18 /home/anirban/ccs_workspace2/Servo_motor/libdriver.a(sysctl.o)
                0x0000000000002500                SysCtlGPIOAHBEnable
 .text.SysCtlGPIOAHBDisable
                0x0000000000002518       0x1c /home/anirban/ccs_workspace2/Servo_motor/libdriver.a(sysctl.o)
                0x0000000000002518                SysCtlGPIOAHBDisable
 .text.SysCtlUSBPLLEnable
                0x0000000000002534       0x10 /home/anirban/ccs_workspace2/Servo_motor/libdriver.a(sysctl.o)
                0x0000000000002534                SysCtlUSBPLLEnable
 .text.SysCtlUSBPLLDisable
                0x0000000000002544       0x10 /home/anirban/ccs_workspace2/Servo_motor/libdriver.a(sysctl.o)
                0x0000000000002544                SysCtlUSBPLLDisable
 .text.SysCtlVoltageEventConfig
                0x0000000000002554        0xc /home/anirban/ccs_workspace2/Servo_motor/libdriver.a(sysctl.o)
                0x0000000000002554                SysCtlVoltageEventConfig
 .text.SysCtlVoltageEventStatus
                0x0000000000002560        0xc /home/anirban/ccs_workspace2/Servo_motor/libdriver.a(sysctl.o)
                0x0000000000002560                SysCtlVoltageEventStatus
 .text.SysCtlVoltageEventClear
                0x000000000000256c       0x10 /home/anirban/ccs_workspace2/Servo_motor/libdriver.a(sysctl.o)
                0x000000000000256c                SysCtlVoltageEventClear
 .text.SysCtlNMIStatus
                0x000000000000257c        0xc /home/anirban/ccs_workspace2/Servo_motor/libdriver.a(sysctl.o)
                0x000000000000257c                SysCtlNMIStatus
 .text.SysCtlNMIClear
                0x0000000000002588       0x10 /home/anirban/ccs_workspace2/Servo_motor/libdriver.a(sysctl.o)
                0x0000000000002588                SysCtlNMIClear
 .text.SysCtlClockOutConfig
                0x0000000000002598       0x10 /home/anirban/ccs_workspace2/Servo_motor/libdriver.a(sysctl.o)
                0x0000000000002598                SysCtlClockOutConfig
 .text.SysCtlAltClkConfig
                0x00000000000025a8        0xc /home/anirban/ccs_workspace2/Servo_motor/libdriver.a(sysctl.o)
                0x00000000000025a8                SysCtlAltClkConfig
 .text.CPUcpsid
                0x00000000000025b4        0x8 /home/anirban/ccs_workspace2/Servo_motor/libdriver.a(cpu.o)
                0x00000000000025b4                CPUcpsid
 .text.CPUprimask
                0x00000000000025bc        0x6 /home/anirban/ccs_workspace2/Servo_motor/libdriver.a(cpu.o)
                0x00000000000025bc                CPUprimask
 .text.CPUcpsie
                0x00000000000025c2        0x8 /home/anirban/ccs_workspace2/Servo_motor/libdriver.a(cpu.o)
                0x00000000000025c2                CPUcpsie
 .text.CPUwfi   0x00000000000025ca        0x4 /home/anirban/ccs_workspace2/Servo_motor/libdriver.a(cpu.o)
                0x00000000000025ca                CPUwfi
 .text.CPUbasepriSet
                0x00000000000025ce        0x6 /home/anirban/ccs_workspace2/Servo_motor/libdriver.a(cpu.o)
                0x00000000000025ce                CPUbasepriSet
 .text.CPUbasepriGet
                0x00000000000025d4        0x6 /home/anirban/ccs_workspace2/Servo_motor/libdriver.a(cpu.o)
                0x00000000000025d4                CPUbasepriGet
 *fill*         0x00000000000025da        0x2 
 .text.exit     0x00000000000025dc       0x20 /home/anirban/ti/ccs1020/ccs/tools/compiler/gcc-arm-none-eabi-7-2017-q4-major/bin/../lib/gcc/arm-none-eabi/7.2.1/../../../../arm-none-eabi/lib/thumb/v7e-m/libg.a(lib_a-exit.o)
                0x00000000000025dc                exit
 .text.__libc_init_array
                0x00000000000025fc       0x48 /home/anirban/ti/ccs1020/ccs/tools/compiler/gcc-arm-none-eabi-7-2017-q4-major/bin/../lib/gcc/arm-none-eabi/7.2.1/../../../../arm-none-eabi/lib/thumb/v7e-m/libg.a(lib_a-init.o)
                0x00000000000025fc                __libc_init_array
 .text.memset   0x0000000000002644       0x94 /home/anirban/ti/ccs1020/ccs/tools/compiler/gcc-arm-none-eabi-7-2017-q4-major/bin/../lib/gcc/arm-none-eabi/7.2.1/../../../../arm-none-eabi/lib/thumb/v7e-m/libg.a(lib_a-memset.o)
                0x0000000000002644                memset
 .text.startup.register_fini
                0x00000000000026d8       0x14 /home/anirban/ti/ccs1020/ccs/tools/compiler/gcc-arm-none-eabi-7-2017-q4-major/bin/../lib/gcc/arm-none-eabi/7.2.1/../../../../arm-none-eabi/lib/thumb/v7e-m/libg.a(lib_a-__call_atexit.o)
 .text.__call_exitprocs
                0x00000000000026ec       0xe8 /home/anirban/ti/ccs1020/ccs/tools/compiler/gcc-arm-none-eabi-7-2017-q4-major/bin/../lib/gcc/arm-none-eabi/7.2.1/../../../../arm-none-eabi/lib/thumb/v7e-m/libg.a(lib_a-__call_atexit.o)
                0x00000000000026ec                __call_exitprocs
 .text.atexit   0x00000000000027d4        0xc /home/anirban/ti/ccs1020/ccs/tools/compiler/gcc-arm-none-eabi-7-2017-q4-major/bin/../lib/gcc/arm-none-eabi/7.2.1/../../../../arm-none-eabi/lib/thumb/v7e-m/libg.a(lib_a-atexit.o)
                0x00000000000027d4                atexit
 .text.__libc_fini_array
                0x00000000000027e0       0x34 /home/anirban/ti/ccs1020/ccs/tools/compiler/gcc-arm-none-eabi-7-2017-q4-major/bin/../lib/gcc/arm-none-eabi/7.2.1/../../../../arm-none-eabi/lib/thumb/v7e-m/libg.a(lib_a-fini.o)
                0x00000000000027e0                __libc_fini_array
 .text.__retarget_lock_init
                0x0000000000002814        0x4 /home/anirban/ti/ccs1020/ccs/tools/compiler/gcc-arm-none-eabi-7-2017-q4-major/bin/../lib/gcc/arm-none-eabi/7.2.1/../../../../arm-none-eabi/lib/thumb/v7e-m/libg.a(lib_a-lock.o)
                0x0000000000002814                __retarget_lock_init
 .text.__retarget_lock_init_recursive
                0x0000000000002818        0x4 /home/anirban/ti/ccs1020/ccs/tools/compiler/gcc-arm-none-eabi-7-2017-q4-major/bin/../lib/gcc/arm-none-eabi/7.2.1/../../../../arm-none-eabi/lib/thumb/v7e-m/libg.a(lib_a-lock.o)
                0x0000000000002818                __retarget_lock_init_recursive
 .text.__retarget_lock_close
                0x000000000000281c        0x4 /home/anirban/ti/ccs1020/ccs/tools/compiler/gcc-arm-none-eabi-7-2017-q4-major/bin/../lib/gcc/arm-none-eabi/7.2.1/../../../../arm-none-eabi/lib/thumb/v7e-m/libg.a(lib_a-lock.o)
                0x000000000000281c                __retarget_lock_close
 .text.__retarget_lock_close_recursive
                0x0000000000002820        0x4 /home/anirban/ti/ccs1020/ccs/tools/compiler/gcc-arm-none-eabi-7-2017-q4-major/bin/../lib/gcc/arm-none-eabi/7.2.1/../../../../arm-none-eabi/lib/thumb/v7e-m/libg.a(lib_a-lock.o)
                0x0000000000002820                __retarget_lock_close_recursive
 .text.__retarget_lock_acquire
                0x0000000000002824        0x4 /home/anirban/ti/ccs1020/ccs/tools/compiler/gcc-arm-none-eabi-7-2017-q4-major/bin/../lib/gcc/arm-none-eabi/7.2.1/../../../../arm-none-eabi/lib/thumb/v7e-m/libg.a(lib_a-lock.o)
                0x0000000000002824                __retarget_lock_acquire
 .text.__retarget_lock_acquire_recursive
                0x0000000000002828        0x4 /home/anirban/ti/ccs1020/ccs/tools/compiler/gcc-arm-none-eabi-7-2017-q4-major/bin/../lib/gcc/arm-none-eabi/7.2.1/../../../../arm-none-eabi/lib/thumb/v7e-m/libg.a(lib_a-lock.o)
                0x0000000000002828                __retarget_lock_acquire_recursive
 .text.__retarget_lock_try_acquire
                0x000000000000282c        0x4 /home/anirban/ti/ccs1020/ccs/tools/compiler/gcc-arm-none-eabi-7-2017-q4-major/bin/../lib/gcc/arm-none-eabi/7.2.1/../../../../arm-none-eabi/lib/thumb/v7e-m/libg.a(lib_a-lock.o)
                0x000000000000282c                __retarget_lock_try_acquire
 .text.__retarget_lock_try_acquire_recursive
                0x0000000000002830        0x4 /home/anirban/ti/ccs1020/ccs/tools/compiler/gcc-arm-none-eabi-7-2017-q4-major/bin/../lib/gcc/arm-none-eabi/7.2.1/../../../../arm-none-eabi/lib/thumb/v7e-m/libg.a(lib_a-lock.o)
                0x0000000000002830                __retarget_lock_try_acquire_recursive
 .text.__retarget_lock_release
                0x0000000000002834        0x4 /home/anirban/ti/ccs1020/ccs/tools/compiler/gcc-arm-none-eabi-7-2017-q4-major/bin/../lib/gcc/arm-none-eabi/7.2.1/../../../../arm-none-eabi/lib/thumb/v7e-m/libg.a(lib_a-lock.o)
                0x0000000000002834                __retarget_lock_release
 .text.__retarget_lock_release_recursive
                0x0000000000002838        0x4 /home/anirban/ti/ccs1020/ccs/tools/compiler/gcc-arm-none-eabi-7-2017-q4-major/bin/../lib/gcc/arm-none-eabi/7.2.1/../../../../arm-none-eabi/lib/thumb/v7e-m/libg.a(lib_a-lock.o)
                0x0000000000002838                __retarget_lock_release_recursive
 .text.__register_exitproc
                0x000000000000283c       0xc0 /home/anirban/ti/ccs1020/ccs/tools/compiler/gcc-arm-none-eabi-7-2017-q4-major/bin/../lib/gcc/arm-none-eabi/7.2.1/../../../../arm-none-eabi/lib/thumb/v7e-m/libg.a(lib_a-__atexit.o)
                0x000000000000283c                __register_exitproc
 .text._exit    0x00000000000028fc        0x4 /home/anirban/ti/ccs1020/ccs/tools/compiler/gcc-arm-none-eabi-7-2017-q4-major/bin/../lib/gcc/arm-none-eabi/7.2.1/../../../../arm-none-eabi/lib/thumb/v7e-m/libnosys.a(_exit.o)
                0x00000000000028fc                _exit
                0x0000000000002900                . = ALIGN (0x4)
 *(.ctors)
                0x0000000000002900                . = ALIGN (0x4)
 *(.dtors)
                0x0000000000002900                . = ALIGN (0x4)
                0x0000000000002900                __init_array_start = .
 *(.init_array*)
 .init_array    0x0000000000002900        0x4 /home/anirban/ti/ccs1020/ccs/tools/compiler/gcc-arm-none-eabi-7-2017-q4-major/bin/../lib/gcc/arm-none-eabi/7.2.1/thumb/v7e-m/crtbegin.o
 .init_array.00000
                0x0000000000002904        0x4 /home/anirban/ti/ccs1020/ccs/tools/compiler/gcc-arm-none-eabi-7-2017-q4-major/bin/../lib/gcc/arm-none-eabi/7.2.1/../../../../arm-none-eabi/lib/thumb/v7e-m/libg.a(lib_a-__call_atexit.o)
                0x0000000000002908                __init_array_end = .
 *(.init)
 .init          0x0000000000002908        0x4 /home/anirban/ti/ccs1020/ccs/tools/compiler/gcc-arm-none-eabi-7-2017-q4-major/bin/../lib/gcc/arm-none-eabi/7.2.1/thumb/v7e-m/crti.o
                0x0000000000002908                _init
 .init          0x000000000000290c        0x8 /home/anirban/ti/ccs1020/ccs/tools/compiler/gcc-arm-none-eabi-7-2017-q4-major/bin/../lib/gcc/arm-none-eabi/7.2.1/thumb/v7e-m/crtn.o
 *(.fini*)
 .fini          0x0000000000002914        0x4 /home/anirban/ti/ccs1020/ccs/tools/compiler/gcc-arm-none-eabi-7-2017-q4-major/bin/../lib/gcc/arm-none-eabi/7.2.1/thumb/v7e-m/crti.o
                0x0000000000002914                _fini
 .fini_array    0x0000000000002918        0x4 /home/anirban/ti/ccs1020/ccs/tools/compiler/gcc-arm-none-eabi-7-2017-q4-major/bin/../lib/gcc/arm-none-eabi/7.2.1/thumb/v7e-m/crtbegin.o
 .fini          0x000000000000291c        0x8 /home/anirban/ti/ccs1020/ccs/tools/compiler/gcc-arm-none-eabi-7-2017-q4-major/bin/../lib/gcc/arm-none-eabi/7.2.1/thumb/v7e-m/crtn.o
                [!provide]                        PROVIDE (__etext, .)
                [!provide]                        PROVIDE (_etext, .)
                [!provide]                        PROVIDE (etext, .)

.glue_7         0x0000000000002924        0x0
 .glue_7        0x0000000000002924        0x0 linker stubs

.glue_7t        0x0000000000002924        0x0
 .glue_7t       0x0000000000002924        0x0 linker stubs

.vfp11_veneer   0x0000000000002924        0x0
 .vfp11_veneer  0x0000000000002924        0x0 linker stubs

.v4_bx          0x0000000000002924        0x0
 .v4_bx         0x0000000000002924        0x0 linker stubs

.iplt           0x0000000000002924        0x0
 .iplt          0x0000000000002924        0x0 /home/anirban/ti/ccs1020/ccs/tools/compiler/gcc-arm-none-eabi-7-2017-q4-major/bin/../lib/gcc/arm-none-eabi/7.2.1/thumb/v7e-m/crtbegin.o

.rodata         0x0000000000002924      0x4e4
 *(.rodata)
 *(.rodata*)
 .rodata.g_ppui32GPIOIntMapBlizzard
                0x0000000000002924       0xc0 /home/anirban/ccs_workspace2/Servo_motor/libdriver.a(gpio.o)
 .rodata.g_ppui32GPIOIntMapSnowflake
                0x00000000000029e4       0xc0 /home/anirban/ccs_workspace2/Servo_motor/libdriver.a(gpio.o)
 .rodata.g_pui32GPIOBaseAddrs
                0x0000000000002aa4       0x90 /home/anirban/ccs_workspace2/Servo_motor/libdriver.a(gpio.o)
 .rodata.g_pui32Dii16Regs
                0x0000000000002b34       0x14 /home/anirban/ccs_workspace2/Servo_motor/libdriver.a(interrupt.o)
 .rodata.g_pui32EnRegs
                0x0000000000002b48       0x14 /home/anirban/ccs_workspace2/Servo_motor/libdriver.a(interrupt.o)
 .rodata.g_pui32PendRegs
                0x0000000000002b5c       0x14 /home/anirban/ccs_workspace2/Servo_motor/libdriver.a(interrupt.o)
 .rodata.g_pui32Priority
                0x0000000000002b70       0x20 /home/anirban/ccs_workspace2/Servo_motor/libdriver.a(interrupt.o)
 .rodata.g_pui32Regs
                0x0000000000002b90       0x9c /home/anirban/ccs_workspace2/Servo_motor/libdriver.a(interrupt.o)
 .rodata.g_pui32UnpendRegs
                0x0000000000002c2c       0x14 /home/anirban/ccs_workspace2/Servo_motor/libdriver.a(interrupt.o)
 .rodata.g_pppui32XTALtoVCO
                0x0000000000002c40      0x120 /home/anirban/ccs_workspace2/Servo_motor/libdriver.a(sysctl.o)
 .rodata.g_pui32VCOFrequencies
                0x0000000000002d60        0x8 /home/anirban/ccs_workspace2/Servo_motor/libdriver.a(sysctl.o)
 .rodata.g_pui32Xtals
                0x0000000000002d68       0x6c /home/anirban/ccs_workspace2/Servo_motor/libdriver.a(sysctl.o)
 .rodata.g_sXTALtoMEMTIM
                0x0000000000002dd4       0x30 /home/anirban/ccs_workspace2/Servo_motor/libdriver.a(sysctl.o)
 .rodata._global_impure_ptr
                0x0000000000002e04        0x4 /home/anirban/ti/ccs1020/ccs/tools/compiler/gcc-arm-none-eabi-7-2017-q4-major/bin/../lib/gcc/arm-none-eabi/7.2.1/../../../../arm-none-eabi/lib/thumb/v7e-m/libg.a(lib_a-impure.o)
                0x0000000000002e04                _global_impure_ptr

.eh_frame       0x0000000000002e08        0x4
 .eh_frame      0x0000000000002e08        0x0 /home/anirban/ti/ccs1020/ccs/tools/compiler/gcc-arm-none-eabi-7-2017-q4-major/bin/../lib/gcc/arm-none-eabi/7.2.1/thumb/v7e-m/crtbegin.o
 .eh_frame      0x0000000000002e08        0x4 /home/anirban/ti/ccs1020/ccs/tools/compiler/gcc-arm-none-eabi-7-2017-q4-major/bin/../lib/gcc/arm-none-eabi/7.2.1/thumb/v7e-m/crtend.o

.data           0x0000000020000000      0x434 load address 0x0000000000002e0c
                0x0000000000002e0c                __data_load__ = LOADADDR (.data)
                0x0000000020000000                __data_start__ = .
 *(.data)
 .data          0x0000000020000000        0x0 /home/anirban/ti/ccs1020/ccs/tools/compiler/gcc-arm-none-eabi-7-2017-q4-major/bin/../lib/gcc/arm-none-eabi/7.2.1/thumb/v7e-m/crti.o
 .data          0x0000000020000000        0x4 /home/anirban/ti/ccs1020/ccs/tools/compiler/gcc-arm-none-eabi-7-2017-q4-major/bin/../lib/gcc/arm-none-eabi/7.2.1/thumb/v7e-m/crtbegin.o
                0x0000000020000000                __dso_handle
 .data          0x0000000020000004        0x0 /home/anirban/ti/ccs1020/ccs/tools/compiler/gcc-arm-none-eabi-7-2017-q4-major/bin/../lib/gcc/arm-none-eabi/7.2.1/../../../../arm-none-eabi/lib/thumb/v7e-m/crt0.o
 .data          0x0000000020000004        0x0 ./main.o
 .data          0x0000000020000004        0x0 ./tm4c123gh6pm_startup_ccs_gcc.o
 .data          0x0000000020000004        0x0 /home/anirban/ccs_workspace2/Servo_motor/libdriver.a(gpio.o)
 .data          0x0000000020000004        0x0 /home/anirban/ccs_workspace2/Servo_motor/libdriver.a(interrupt.o)
 .data          0x0000000020000004        0x0 /home/anirban/ccs_workspace2/Servo_motor/libdriver.a(pwm.o)
 .data          0x0000000020000004        0x0 /home/anirban/ccs_workspace2/Servo_motor/libdriver.a(sysctl.o)
 .data          0x0000000020000004        0x0 /home/anirban/ccs_workspace2/Servo_motor/libdriver.a(cpu.o)
 .data          0x0000000020000004        0x0 /home/anirban/ti/ccs1020/ccs/tools/compiler/gcc-arm-none-eabi-7-2017-q4-major/bin/../lib/gcc/arm-none-eabi/7.2.1/thumb/v7e-m/libgcc.a(_arm_addsubdf3.o)
 .data          0x0000000020000004        0x0 /home/anirban/ti/ccs1020/ccs/tools/compiler/gcc-arm-none-eabi-7-2017-q4-major/bin/../lib/gcc/arm-none-eabi/7.2.1/thumb/v7e-m/libgcc.a(_arm_muldivdf3.o)
 .data          0x0000000020000004        0x0 /home/anirban/ti/ccs1020/ccs/tools/compiler/gcc-arm-none-eabi-7-2017-q4-major/bin/../lib/gcc/arm-none-eabi/7.2.1/thumb/v7e-m/libgcc.a(_arm_truncdfsf2.o)
 .data          0x0000000020000004        0x0 /home/anirban/ti/ccs1020/ccs/tools/compiler/gcc-arm-none-eabi-7-2017-q4-major/bin/../lib/gcc/arm-none-eabi/7.2.1/thumb/v7e-m/libgcc.a(_arm_addsubsf3.o)
 .data          0x0000000020000004        0x0 /home/anirban/ti/ccs1020/ccs/tools/compiler/gcc-arm-none-eabi-7-2017-q4-major/bin/../lib/gcc/arm-none-eabi/7.2.1/thumb/v7e-m/libgcc.a(_arm_fixsfsi.o)
 .data          0x0000000020000004        0x0 /home/anirban/ti/ccs1020/ccs/tools/compiler/gcc-arm-none-eabi-7-2017-q4-major/bin/../lib/gcc/arm-none-eabi/7.2.1/../../../../arm-none-eabi/lib/thumb/v7e-m/libg.a(lib_a-exit.o)
 .data          0x0000000020000004        0x0 /home/anirban/ti/ccs1020/ccs/tools/compiler/gcc-arm-none-eabi-7-2017-q4-major/bin/../lib/gcc/arm-none-eabi/7.2.1/../../../../arm-none-eabi/lib/thumb/v7e-m/libg.a(lib_a-impure.o)
 .data          0x0000000020000004        0x0 /home/anirban/ti/ccs1020/ccs/tools/compiler/gcc-arm-none-eabi-7-2017-q4-major/bin/../lib/gcc/arm-none-eabi/7.2.1/../../../../arm-none-eabi/lib/thumb/v7e-m/libg.a(lib_a-init.o)
 .data          0x0000000020000004        0x0 /home/anirban/ti/ccs1020/ccs/tools/compiler/gcc-arm-none-eabi-7-2017-q4-major/bin/../lib/gcc/arm-none-eabi/7.2.1/../../../../arm-none-eabi/lib/thumb/v7e-m/libg.a(lib_a-memset.o)
 .data          0x0000000020000004        0x0 /home/anirban/ti/ccs1020/ccs/tools/compiler/gcc-arm-none-eabi-7-2017-q4-major/bin/../lib/gcc/arm-none-eabi/7.2.1/../../../../arm-none-eabi/lib/thumb/v7e-m/libg.a(lib_a-__call_atexit.o)
 .data          0x0000000020000004        0x0 /home/anirban/ti/ccs1020/ccs/tools/compiler/gcc-arm-none-eabi-7-2017-q4-major/bin/../lib/gcc/arm-none-eabi/7.2.1/../../../../arm-none-eabi/lib/thumb/v7e-m/libg.a(lib_a-atexit.o)
 .data          0x0000000020000004        0x0 /home/anirban/ti/ccs1020/ccs/tools/compiler/gcc-arm-none-eabi-7-2017-q4-major/bin/../lib/gcc/arm-none-eabi/7.2.1/../../../../arm-none-eabi/lib/thumb/v7e-m/libg.a(lib_a-fini.o)
 .data          0x0000000020000004        0x0 /home/anirban/ti/ccs1020/ccs/tools/compiler/gcc-arm-none-eabi-7-2017-q4-major/bin/../lib/gcc/arm-none-eabi/7.2.1/../../../../arm-none-eabi/lib/thumb/v7e-m/libg.a(lib_a-lock.o)
 .data          0x0000000020000004        0x0 /home/anirban/ti/ccs1020/ccs/tools/compiler/gcc-arm-none-eabi-7-2017-q4-major/bin/../lib/gcc/arm-none-eabi/7.2.1/../../../../arm-none-eabi/lib/thumb/v7e-m/libg.a(lib_a-__atexit.o)
 .data          0x0000000020000004        0x0 /home/anirban/ti/ccs1020/ccs/tools/compiler/gcc-arm-none-eabi-7-2017-q4-major/bin/../lib/gcc/arm-none-eabi/7.2.1/../../../../arm-none-eabi/lib/thumb/v7e-m/libnosys.a(_exit.o)
 .data          0x0000000020000004        0x0 /home/anirban/ti/ccs1020/ccs/tools/compiler/gcc-arm-none-eabi-7-2017-q4-major/bin/../lib/gcc/arm-none-eabi/7.2.1/thumb/v7e-m/crtend.o
 .data          0x0000000020000004        0x0 /home/anirban/ti/ccs1020/ccs/tools/compiler/gcc-arm-none-eabi-7-2017-q4-major/bin/../lib/gcc/arm-none-eabi/7.2.1/thumb/v7e-m/crtn.o
 *(.data*)
 .data._impure_ptr
                0x0000000020000004        0x4 /home/anirban/ti/ccs1020/ccs/tools/compiler/gcc-arm-none-eabi-7-2017-q4-major/bin/../lib/gcc/arm-none-eabi/7.2.1/../../../../arm-none-eabi/lib/thumb/v7e-m/libg.a(lib_a-impure.o)
                0x0000000020000004                _impure_ptr
 .data.impure_data
                0x0000000020000008      0x428 /home/anirban/ti/ccs1020/ccs/tools/compiler/gcc-arm-none-eabi-7-2017-q4-major/bin/../lib/gcc/arm-none-eabi/7.2.1/../../../../arm-none-eabi/lib/thumb/v7e-m/libg.a(lib_a-impure.o)
 .data.__atexit_recursive_mutex
                0x0000000020000430        0x4 /home/anirban/ti/ccs1020/ccs/tools/compiler/gcc-arm-none-eabi-7-2017-q4-major/bin/../lib/gcc/arm-none-eabi/7.2.1/../../../../arm-none-eabi/lib/thumb/v7e-m/libg.a(lib_a-__call_atexit.o)
                0x0000000020000430                __atexit_recursive_mutex
                0x0000000020000434                . = ALIGN (0x4)
                0x0000000020000434                __data_end__ = .

.igot.plt       0x0000000020000434        0x0 load address 0x0000000000003240
 .igot.plt      0x0000000020000434        0x0 /home/anirban/ti/ccs1020/ccs/tools/compiler/gcc-arm-none-eabi-7-2017-q4-major/bin/../lib/gcc/arm-none-eabi/7.2.1/thumb/v7e-m/crtbegin.o

vtable          0x0000000020000800      0x26c load address 0x0000000000003240
 vtable         0x0000000020000800      0x26c /home/anirban/ccs_workspace2/Servo_motor/libdriver.a(interrupt.o)

.ARM.exidx      0x00000000000034ac        0x8
                0x00000000000034ac                __exidx_start = .
 *(.ARM.exidx* .gnu.linkonce.armexidx.*)
 .ARM.exidx     0x00000000000034ac        0x8 /home/anirban/ti/ccs1020/ccs/tools/compiler/gcc-arm-none-eabi-7-2017-q4-major/bin/../lib/gcc/arm-none-eabi/7.2.1/../../../../arm-none-eabi/lib/thumb/v7e-m/crt0.o
                0x00000000000034b4                __exidx_end = .

.ARM.extab      0x00000000000034b4        0x0
 *(.ARM.extab* .gnu.linkonce.armextab.*)
 .ARM.extab     0x00000000000034b4        0x0 /home/anirban/ti/ccs1020/ccs/tools/compiler/gcc-arm-none-eabi-7-2017-q4-major/bin/../lib/gcc/arm-none-eabi/7.2.1/../../../../arm-none-eabi/lib/thumb/v7e-m/crt0.o

.rel.dyn        0x00000000000034b4        0x0
 .rel.iplt      0x00000000000034b4        0x0 /home/anirban/ti/ccs1020/ccs/tools/compiler/gcc-arm-none-eabi-7-2017-q4-major/bin/../lib/gcc/arm-none-eabi/7.2.1/thumb/v7e-m/crtbegin.o

.bss            0x0000000020000a6c      0x240
                0x0000000020000a6c                __bss_start__ = .
 *(.shbss)
 *(.bss)
 .bss           0x0000000020000a6c        0x0 /home/anirban/ti/ccs1020/ccs/tools/compiler/gcc-arm-none-eabi-7-2017-q4-major/bin/../lib/gcc/arm-none-eabi/7.2.1/thumb/v7e-m/crti.o
 .bss           0x0000000020000a6c       0x1c /home/anirban/ti/ccs1020/ccs/tools/compiler/gcc-arm-none-eabi-7-2017-q4-major/bin/../lib/gcc/arm-none-eabi/7.2.1/thumb/v7e-m/crtbegin.o
 .bss           0x0000000020000a88        0x0 /home/anirban/ti/ccs1020/ccs/tools/compiler/gcc-arm-none-eabi-7-2017-q4-major/bin/../lib/gcc/arm-none-eabi/7.2.1/../../../../arm-none-eabi/lib/thumb/v7e-m/crt0.o
 .bss           0x0000000020000a88        0x0 ./main.o
 .bss           0x0000000020000a88        0x0 ./tm4c123gh6pm_startup_ccs_gcc.o
 .bss           0x0000000020000a88        0x0 /home/anirban/ccs_workspace2/Servo_motor/libdriver.a(gpio.o)
 .bss           0x0000000020000a88        0x0 /home/anirban/ccs_workspace2/Servo_motor/libdriver.a(interrupt.o)
 .bss           0x0000000020000a88        0x0 /home/anirban/ccs_workspace2/Servo_motor/libdriver.a(pwm.o)
 .bss           0x0000000020000a88        0x0 /home/anirban/ccs_workspace2/Servo_motor/libdriver.a(sysctl.o)
 .bss           0x0000000020000a88        0x0 /home/anirban/ccs_workspace2/Servo_motor/libdriver.a(cpu.o)
 .bss           0x0000000020000a88        0x0 /home/anirban/ti/ccs1020/ccs/tools/compiler/gcc-arm-none-eabi-7-2017-q4-major/bin/../lib/gcc/arm-none-eabi/7.2.1/thumb/v7e-m/libgcc.a(_arm_addsubdf3.o)
 .bss           0x0000000020000a88        0x0 /home/anirban/ti/ccs1020/ccs/tools/compiler/gcc-arm-none-eabi-7-2017-q4-major/bin/../lib/gcc/arm-none-eabi/7.2.1/thumb/v7e-m/libgcc.a(_arm_muldivdf3.o)
 .bss           0x0000000020000a88        0x0 /home/anirban/ti/ccs1020/ccs/tools/compiler/gcc-arm-none-eabi-7-2017-q4-major/bin/../lib/gcc/arm-none-eabi/7.2.1/thumb/v7e-m/libgcc.a(_arm_truncdfsf2.o)
 .bss           0x0000000020000a88        0x0 /home/anirban/ti/ccs1020/ccs/tools/compiler/gcc-arm-none-eabi-7-2017-q4-major/bin/../lib/gcc/arm-none-eabi/7.2.1/thumb/v7e-m/libgcc.a(_arm_addsubsf3.o)
 .bss           0x0000000020000a88        0x0 /home/anirban/ti/ccs1020/ccs/tools/compiler/gcc-arm-none-eabi-7-2017-q4-major/bin/../lib/gcc/arm-none-eabi/7.2.1/thumb/v7e-m/libgcc.a(_arm_fixsfsi.o)
 .bss           0x0000000020000a88        0x0 /home/anirban/ti/ccs1020/ccs/tools/compiler/gcc-arm-none-eabi-7-2017-q4-major/bin/../lib/gcc/arm-none-eabi/7.2.1/../../../../arm-none-eabi/lib/thumb/v7e-m/libg.a(lib_a-exit.o)
 .bss           0x0000000020000a88        0x0 /home/anirban/ti/ccs1020/ccs/tools/compiler/gcc-arm-none-eabi-7-2017-q4-major/bin/../lib/gcc/arm-none-eabi/7.2.1/../../../../arm-none-eabi/lib/thumb/v7e-m/libg.a(lib_a-impure.o)
 .bss           0x0000000020000a88        0x0 /home/anirban/ti/ccs1020/ccs/tools/compiler/gcc-arm-none-eabi-7-2017-q4-major/bin/../lib/gcc/arm-none-eabi/7.2.1/../../../../arm-none-eabi/lib/thumb/v7e-m/libg.a(lib_a-init.o)
 .bss           0x0000000020000a88        0x0 /home/anirban/ti/ccs1020/ccs/tools/compiler/gcc-arm-none-eabi-7-2017-q4-major/bin/../lib/gcc/arm-none-eabi/7.2.1/../../../../arm-none-eabi/lib/thumb/v7e-m/libg.a(lib_a-memset.o)
 .bss           0x0000000020000a88        0x0 /home/anirban/ti/ccs1020/ccs/tools/compiler/gcc-arm-none-eabi-7-2017-q4-major/bin/../lib/gcc/arm-none-eabi/7.2.1/../../../../arm-none-eabi/lib/thumb/v7e-m/libg.a(lib_a-__call_atexit.o)
 .bss           0x0000000020000a88        0x0 /home/anirban/ti/ccs1020/ccs/tools/compiler/gcc-arm-none-eabi-7-2017-q4-major/bin/../lib/gcc/arm-none-eabi/7.2.1/../../../../arm-none-eabi/lib/thumb/v7e-m/libg.a(lib_a-atexit.o)
 .bss           0x0000000020000a88        0x0 /home/anirban/ti/ccs1020/ccs/tools/compiler/gcc-arm-none-eabi-7-2017-q4-major/bin/../lib/gcc/arm-none-eabi/7.2.1/../../../../arm-none-eabi/lib/thumb/v7e-m/libg.a(lib_a-fini.o)
 .bss           0x0000000020000a88        0x0 /home/anirban/ti/ccs1020/ccs/tools/compiler/gcc-arm-none-eabi-7-2017-q4-major/bin/../lib/gcc/arm-none-eabi/7.2.1/../../../../arm-none-eabi/lib/thumb/v7e-m/libg.a(lib_a-lock.o)
 .bss           0x0000000020000a88        0x0 /home/anirban/ti/ccs1020/ccs/tools/compiler/gcc-arm-none-eabi-7-2017-q4-major/bin/../lib/gcc/arm-none-eabi/7.2.1/../../../../arm-none-eabi/lib/thumb/v7e-m/libg.a(lib_a-__atexit.o)
 .bss           0x0000000020000a88        0x0 /home/anirban/ti/ccs1020/ccs/tools/compiler/gcc-arm-none-eabi-7-2017-q4-major/bin/../lib/gcc/arm-none-eabi/7.2.1/../../../../arm-none-eabi/lib/thumb/v7e-m/libnosys.a(_exit.o)
 .bss           0x0000000020000a88        0x0 /home/anirban/ti/ccs1020/ccs/tools/compiler/gcc-arm-none-eabi-7-2017-q4-major/bin/../lib/gcc/arm-none-eabi/7.2.1/thumb/v7e-m/crtend.o
 .bss           0x0000000020000a88        0x0 /home/anirban/ti/ccs1020/ccs/tools/compiler/gcc-arm-none-eabi-7-2017-q4-major/bin/../lib/gcc/arm-none-eabi/7.2.1/thumb/v7e-m/crtn.o
 *(.bss.*)
 .bss.pui32Stack
                0x0000000020000a88      0x200 ./tm4c123gh6pm_startup_ccs_gcc.o
 *(COMMON)
 COMMON         0x0000000020000c88       0x21 /home/anirban/ti/ccs1020/ccs/tools/compiler/gcc-arm-none-eabi-7-2017-q4-major/bin/../lib/gcc/arm-none-eabi/7.2.1/../../../../arm-none-eabi/lib/thumb/v7e-m/libg.a(lib_a-lock.o)
                0x0000000020000c88                __lock___atexit_recursive_mutex
                0x0000000020000c8c                __lock___arc4random_mutex
                0x0000000020000c90                __lock___env_recursive_mutex
                0x0000000020000c94                __lock___sinit_recursive_mutex
                0x0000000020000c98                __lock___malloc_recursive_mutex
                0x0000000020000c9c                __lock___at_quick_exit_mutex
                0x0000000020000ca0                __lock___dd_hash_mutex
                0x0000000020000ca4                __lock___tz_mutex
                0x0000000020000ca8                __lock___sfp_recursive_mutex
                0x0000000020000cac                . = ALIGN (0x4)
 *fill*         0x0000000020000ca9        0x3 
                0x0000000020000cac                __bss_end__ = .

.heap           0x0000000020000cac        0x0
                0x0000000020000cac                __heap_start__ = .
                0x0000000020000cac                end = __heap_start__
                0x0000000020000cac                _end = end
                0x0000000020000cac                __end = end
 *(.heap)
                0x0000000020000cac                __heap_end__ = .
                0x0000000020000cac                __HeapLimit = __heap_end__

.stack          0x0000000020000cb0        0x0
                0x0000000020000cb0                _stack = .
                0x0000000020000cb0                __stack = .
 *(.stack)
START GROUP
LOAD /home/anirban/ccs_workspace2/Servo_motor/libdriver.a
END GROUP
LOAD ../libdriver.a
START GROUP
LOAD /home/anirban/ti/ccs1020/ccs/tools/compiler/gcc-arm-none-eabi-7-2017-q4-major/bin/../lib/gcc/arm-none-eabi/7.2.1/thumb/v7e-m/libgcc.a
LOAD /home/anirban/ti/ccs1020/ccs/tools/compiler/gcc-arm-none-eabi-7-2017-q4-major/bin/../lib/gcc/arm-none-eabi/7.2.1/../../../../arm-none-eabi/lib/thumb/v7e-m/libg.a
LOAD /home/anirban/ti/ccs1020/ccs/tools/compiler/gcc-arm-none-eabi-7-2017-q4-major/bin/../lib/gcc/arm-none-eabi/7.2.1/../../../../arm-none-eabi/lib/thumb/v7e-m/libc.a
END GROUP
START GROUP
LOAD /home/anirban/ti/ccs1020/ccs/tools/compiler/gcc-arm-none-eabi-7-2017-q4-major/bin/../lib/gcc/arm-none-eabi/7.2.1/thumb/v7e-m/libgcc.a
LOAD /home/anirban/ti/ccs1020/ccs/tools/compiler/gcc-arm-none-eabi-7-2017-q4-major/bin/../lib/gcc/arm-none-eabi/7.2.1/../../../../arm-none-eabi/lib/thumb/v7e-m/libc.a
LOAD /home/anirban/ti/ccs1020/ccs/tools/compiler/gcc-arm-none-eabi-7-2017-q4-major/bin/../lib/gcc/arm-none-eabi/7.2.1/../../../../arm-none-eabi/lib/thumb/v7e-m/libnosys.a
END GROUP
LOAD /home/anirban/ti/ccs1020/ccs/tools/compiler/gcc-arm-none-eabi-7-2017-q4-major/bin/../lib/gcc/arm-none-eabi/7.2.1/thumb/v7e-m/crtend.o
LOAD /home/anirban/ti/ccs1020/ccs/tools/compiler/gcc-arm-none-eabi-7-2017-q4-major/bin/../lib/gcc/arm-none-eabi/7.2.1/thumb/v7e-m/crtn.o
OUTPUT(Servo_motor4.out elf32-littlearm)

.ARM.attributes
                0x0000000000000000       0x2e
 .ARM.attributes
                0x0000000000000000       0x1e /home/anirban/ti/ccs1020/ccs/tools/compiler/gcc-arm-none-eabi-7-2017-q4-major/bin/../lib/gcc/arm-none-eabi/7.2.1/thumb/v7e-m/crti.o
 .ARM.attributes
                0x000000000000001e       0x2e /home/anirban/ti/ccs1020/ccs/tools/compiler/gcc-arm-none-eabi-7-2017-q4-major/bin/../lib/gcc/arm-none-eabi/7.2.1/thumb/v7e-m/crtbegin.o
 .ARM.attributes
                0x000000000000004c       0x1c /home/anirban/ti/ccs1020/ccs/tools/compiler/gcc-arm-none-eabi-7-2017-q4-major/bin/../lib/gcc/arm-none-eabi/7.2.1/../../../../arm-none-eabi/lib/thumb/v7e-m/crt0.o
 .ARM.attributes
                0x0000000000000068       0x33 ./main.o
 .ARM.attributes
                0x000000000000009b       0x33 ./tm4c123gh6pm_startup_ccs_gcc.o
 .ARM.attributes
                0x00000000000000ce       0x32 /home/anirban/ccs_workspace2/Servo_motor/libdriver.a(gpio.o)
 .ARM.attributes
                0x0000000000000100       0x32 /home/anirban/ccs_workspace2/Servo_motor/libdriver.a(interrupt.o)
 .ARM.attributes
                0x0000000000000132       0x32 /home/anirban/ccs_workspace2/Servo_motor/libdriver.a(pwm.o)
 .ARM.attributes
                0x0000000000000164       0x32 /home/anirban/ccs_workspace2/Servo_motor/libdriver.a(sysctl.o)
 .ARM.attributes
                0x0000000000000196       0x32 /home/anirban/ccs_workspace2/Servo_motor/libdriver.a(cpu.o)
 .ARM.attributes
                0x00000000000001c8       0x1e /home/anirban/ti/ccs1020/ccs/tools/compiler/gcc-arm-none-eabi-7-2017-q4-major/bin/../lib/gcc/arm-none-eabi/7.2.1/thumb/v7e-m/libgcc.a(_arm_addsubdf3.o)
 .ARM.attributes
                0x00000000000001e6       0x1e /home/anirban/ti/ccs1020/ccs/tools/compiler/gcc-arm-none-eabi-7-2017-q4-major/bin/../lib/gcc/arm-none-eabi/7.2.1/thumb/v7e-m/libgcc.a(_arm_muldivdf3.o)
 .ARM.attributes
                0x0000000000000204       0x1e /home/anirban/ti/ccs1020/ccs/tools/compiler/gcc-arm-none-eabi-7-2017-q4-major/bin/../lib/gcc/arm-none-eabi/7.2.1/thumb/v7e-m/libgcc.a(_arm_truncdfsf2.o)
 .ARM.attributes
                0x0000000000000222       0x1e /home/anirban/ti/ccs1020/ccs/tools/compiler/gcc-arm-none-eabi-7-2017-q4-major/bin/../lib/gcc/arm-none-eabi/7.2.1/thumb/v7e-m/libgcc.a(_arm_addsubsf3.o)
 .ARM.attributes
                0x0000000000000240       0x1e /home/anirban/ti/ccs1020/ccs/tools/compiler/gcc-arm-none-eabi-7-2017-q4-major/bin/../lib/gcc/arm-none-eabi/7.2.1/thumb/v7e-m/libgcc.a(_arm_fixsfsi.o)
 .ARM.attributes
                0x000000000000025e       0x2e /home/anirban/ti/ccs1020/ccs/tools/compiler/gcc-arm-none-eabi-7-2017-q4-major/bin/../lib/gcc/arm-none-eabi/7.2.1/../../../../arm-none-eabi/lib/thumb/v7e-m/libg.a(lib_a-exit.o)
 .ARM.attributes
                0x000000000000028c       0x2e /home/anirban/ti/ccs1020/ccs/tools/compiler/gcc-arm-none-eabi-7-2017-q4-major/bin/../lib/gcc/arm-none-eabi/7.2.1/../../../../arm-none-eabi/lib/thumb/v7e-m/libg.a(lib_a-impure.o)
 .ARM.attributes
                0x00000000000002ba       0x2e /home/anirban/ti/ccs1020/ccs/tools/compiler/gcc-arm-none-eabi-7-2017-q4-major/bin/../lib/gcc/arm-none-eabi/7.2.1/../../../../arm-none-eabi/lib/thumb/v7e-m/libg.a(lib_a-init.o)
 .ARM.attributes
                0x00000000000002e8       0x2e /home/anirban/ti/ccs1020/ccs/tools/compiler/gcc-arm-none-eabi-7-2017-q4-major/bin/../lib/gcc/arm-none-eabi/7.2.1/../../../../arm-none-eabi/lib/thumb/v7e-m/libg.a(lib_a-memset.o)
 .ARM.attributes
                0x0000000000000316       0x2e /home/anirban/ti/ccs1020/ccs/tools/compiler/gcc-arm-none-eabi-7-2017-q4-major/bin/../lib/gcc/arm-none-eabi/7.2.1/../../../../arm-none-eabi/lib/thumb/v7e-m/libg.a(lib_a-__call_atexit.o)
 .ARM.attributes
                0x0000000000000344       0x2e /home/anirban/ti/ccs1020/ccs/tools/compiler/gcc-arm-none-eabi-7-2017-q4-major/bin/../lib/gcc/arm-none-eabi/7.2.1/../../../../arm-none-eabi/lib/thumb/v7e-m/libg.a(lib_a-atexit.o)
 .ARM.attributes
                0x0000000000000372       0x2e /home/anirban/ti/ccs1020/ccs/tools/compiler/gcc-arm-none-eabi-7-2017-q4-major/bin/../lib/gcc/arm-none-eabi/7.2.1/../../../../arm-none-eabi/lib/thumb/v7e-m/libg.a(lib_a-fini.o)
 .ARM.attributes
                0x00000000000003a0       0x2e /home/anirban/ti/ccs1020/ccs/tools/compiler/gcc-arm-none-eabi-7-2017-q4-major/bin/../lib/gcc/arm-none-eabi/7.2.1/../../../../arm-none-eabi/lib/thumb/v7e-m/libg.a(lib_a-lock.o)
 .ARM.attributes
                0x00000000000003ce       0x2e /home/anirban/ti/ccs1020/ccs/tools/compiler/gcc-arm-none-eabi-7-2017-q4-major/bin/../lib/gcc/arm-none-eabi/7.2.1/../../../../arm-none-eabi/lib/thumb/v7e-m/libg.a(lib_a-__atexit.o)
 .ARM.attributes
                0x00000000000003fc       0x2e /home/anirban/ti/ccs1020/ccs/tools/compiler/gcc-arm-none-eabi-7-2017-q4-major/bin/../lib/gcc/arm-none-eabi/7.2.1/../../../../arm-none-eabi/lib/thumb/v7e-m/libnosys.a(_exit.o)
 .ARM.attributes
                0x000000000000042a       0x2e /home/anirban/ti/ccs1020/ccs/tools/compiler/gcc-arm-none-eabi-7-2017-q4-major/bin/../lib/gcc/arm-none-eabi/7.2.1/thumb/v7e-m/crtend.o
 .ARM.attributes
                0x0000000000000458       0x1e /home/anirban/ti/ccs1020/ccs/tools/compiler/gcc-arm-none-eabi-7-2017-q4-major/bin/../lib/gcc/arm-none-eabi/7.2.1/thumb/v7e-m/crtn.o

.comment        0x0000000000000000       0xf7
 .comment       0x0000000000000000       0x7e ./main.o
                                         0x7f (size before relaxing)
 .comment       0x000000000000007e       0x7f ./tm4c123gh6pm_startup_ccs_gcc.o
 .comment       0x000000000000007e       0x79 /home/anirban/ccs_workspace2/Servo_motor/libdriver.a(gpio.o)
                                         0x7a (size before relaxing)
 .comment       0x00000000000000f7       0x7a /home/anirban/ccs_workspace2/Servo_motor/libdriver.a(interrupt.o)
 .comment       0x00000000000000f7       0x7a /home/anirban/ccs_workspace2/Servo_motor/libdriver.a(pwm.o)
 .comment       0x00000000000000f7       0x7a /home/anirban/ccs_workspace2/Servo_motor/libdriver.a(sysctl.o)
 .comment       0x00000000000000f7       0x7a /home/anirban/ccs_workspace2/Servo_motor/libdriver.a(cpu.o)

.debug_info     0x0000000000000000      0x2f2
 .debug_info    0x0000000000000000      0x165 ./main.o
 .debug_info    0x0000000000000165      0x18d ./tm4c123gh6pm_startup_ccs_gcc.o

.debug_abbrev   0x0000000000000000      0x19f
 .debug_abbrev  0x0000000000000000       0xd5 ./main.o
 .debug_abbrev  0x00000000000000d5       0xca ./tm4c123gh6pm_startup_ccs_gcc.o

.debug_aranges  0x0000000000000000       0x70
 .debug_aranges
                0x0000000000000000       0x38 ./main.o
 .debug_aranges
                0x0000000000000038       0x38 ./tm4c123gh6pm_startup_ccs_gcc.o

.debug_ranges   0x0000000000000000       0x50
 .debug_ranges  0x0000000000000000       0x28 ./main.o
 .debug_ranges  0x0000000000000028       0x28 ./tm4c123gh6pm_startup_ccs_gcc.o

.debug_line     0x0000000000000000      0x21f
 .debug_line    0x0000000000000000       0x9c ./main.o
 .debug_line    0x000000000000009c      0x183 ./tm4c123gh6pm_startup_ccs_gcc.o

.debug_str      0x0000000000000000      0x250
 .debug_str     0x0000000000000000      0x18a ./main.o
                                        0x1be (size before relaxing)
 .debug_str     0x000000000000018a       0xc6 ./tm4c123gh6pm_startup_ccs_gcc.o
                                        0x24a (size before relaxing)

.debug_frame    0x0000000000000000      0x4e8
 .debug_frame   0x0000000000000000       0x9c ./main.o
 .debug_frame   0x000000000000009c       0x7c ./tm4c123gh6pm_startup_ccs_gcc.o
 .debug_frame   0x0000000000000118       0xac /home/anirban/ti/ccs1020/ccs/tools/compiler/gcc-arm-none-eabi-7-2017-q4-major/bin/../lib/gcc/arm-none-eabi/7.2.1/thumb/v7e-m/libgcc.a(_arm_addsubdf3.o)
 .debug_frame   0x00000000000001c4       0x50 /home/anirban/ti/ccs1020/ccs/tools/compiler/gcc-arm-none-eabi-7-2017-q4-major/bin/../lib/gcc/arm-none-eabi/7.2.1/thumb/v7e-m/libgcc.a(_arm_muldivdf3.o)
 .debug_frame   0x0000000000000214       0x24 /home/anirban/ti/ccs1020/ccs/tools/compiler/gcc-arm-none-eabi-7-2017-q4-major/bin/../lib/gcc/arm-none-eabi/7.2.1/thumb/v7e-m/libgcc.a(_arm_truncdfsf2.o)
 .debug_frame   0x0000000000000238       0x4c /home/anirban/ti/ccs1020/ccs/tools/compiler/gcc-arm-none-eabi-7-2017-q4-major/bin/../lib/gcc/arm-none-eabi/7.2.1/thumb/v7e-m/libgcc.a(_arm_addsubsf3.o)
 .debug_frame   0x0000000000000284       0x24 /home/anirban/ti/ccs1020/ccs/tools/compiler/gcc-arm-none-eabi-7-2017-q4-major/bin/../lib/gcc/arm-none-eabi/7.2.1/thumb/v7e-m/libgcc.a(_arm_fixsfsi.o)
 .debug_frame   0x00000000000002a8       0x28 /home/anirban/ti/ccs1020/ccs/tools/compiler/gcc-arm-none-eabi-7-2017-q4-major/bin/../lib/gcc/arm-none-eabi/7.2.1/../../../../arm-none-eabi/lib/thumb/v7e-m/libg.a(lib_a-exit.o)
 .debug_frame   0x00000000000002d0       0x2c /home/anirban/ti/ccs1020/ccs/tools/compiler/gcc-arm-none-eabi-7-2017-q4-major/bin/../lib/gcc/arm-none-eabi/7.2.1/../../../../arm-none-eabi/lib/thumb/v7e-m/libg.a(lib_a-init.o)
 .debug_frame   0x00000000000002fc       0x38 /home/anirban/ti/ccs1020/ccs/tools/compiler/gcc-arm-none-eabi-7-2017-q4-major/bin/../lib/gcc/arm-none-eabi/7.2.1/../../../../arm-none-eabi/lib/thumb/v7e-m/libg.a(lib_a-memset.o)
 .debug_frame   0x0000000000000334       0x5c /home/anirban/ti/ccs1020/ccs/tools/compiler/gcc-arm-none-eabi-7-2017-q4-major/bin/../lib/gcc/arm-none-eabi/7.2.1/../../../../arm-none-eabi/lib/thumb/v7e-m/libg.a(lib_a-__call_atexit.o)
 .debug_frame   0x0000000000000390       0x20 /home/anirban/ti/ccs1020/ccs/tools/compiler/gcc-arm-none-eabi-7-2017-q4-major/bin/../lib/gcc/arm-none-eabi/7.2.1/../../../../arm-none-eabi/lib/thumb/v7e-m/libg.a(lib_a-atexit.o)
 .debug_frame   0x00000000000003b0       0x34 /home/anirban/ti/ccs1020/ccs/tools/compiler/gcc-arm-none-eabi-7-2017-q4-major/bin/../lib/gcc/arm-none-eabi/7.2.1/../../../../arm-none-eabi/lib/thumb/v7e-m/libg.a(lib_a-fini.o)
 .debug_frame   0x00000000000003e4       0xb0 /home/anirban/ti/ccs1020/ccs/tools/compiler/gcc-arm-none-eabi-7-2017-q4-major/bin/../lib/gcc/arm-none-eabi/7.2.1/../../../../arm-none-eabi/lib/thumb/v7e-m/libg.a(lib_a-lock.o)
 .debug_frame   0x0000000000000494       0x34 /home/anirban/ti/ccs1020/ccs/tools/compiler/gcc-arm-none-eabi-7-2017-q4-major/bin/../lib/gcc/arm-none-eabi/7.2.1/../../../../arm-none-eabi/lib/thumb/v7e-m/libg.a(lib_a-__atexit.o)
 .debug_frame   0x00000000000004c8       0x20 /home/anirban/ti/ccs1020/ccs/tools/compiler/gcc-arm-none-eabi-7-2017-q4-major/bin/../lib/gcc/arm-none-eabi/7.2.1/../../../../arm-none-eabi/lib/thumb/v7e-m/libnosys.a(_exit.o)
