Archive member included to satisfy reference by file (symbol)

/home/anirban/ccs_workspace2/Servo_motor/libdriver.a(gpio.o)
                              ./main.o (GPIOPinTypePWM)
/home/anirban/ccs_workspace2/Servo_motor/libdriver.a(interrupt.o)
                              /home/anirban/ccs_workspace2/Servo_motor/libdriver.a(gpio.o) (IntRegister)
/home/anirban/ccs_workspace2/Servo_motor/libdriver.a(pwm.o)
                              ./main.o (PWMGenConfigure)
/home/anirban/ccs_workspace2/Servo_motor/libdriver.a(sysctl.o)
                              ./main.o (SysCtlPeripheralEnable)
/home/anirban/ccs_workspace2/Servo_motor/libdriver.a(cpu.o)
                              /home/anirban/ccs_workspace2/Servo_motor/libdriver.a(interrupt.o) (CPUcpsid)
/home/anirban/ti/ccs1020/ccs/tools/compiler/gcc-arm-none-eabi-7-2017-q4-major/bin/../lib/gcc/arm-none-eabi/7.2.1/thumb/v7e-m/libgcc.a(_arm_addsubdf3.o)
                              ./main.o (__aeabi_i2d)
/home/anirban/ti/ccs1020/ccs/tools/compiler/gcc-arm-none-eabi-7-2017-q4-major/bin/../lib/gcc/arm-none-eabi/7.2.1/thumb/v7e-m/libgcc.a(_arm_muldivdf3.o)
                              ./main.o (__aeabi_dmul)
/home/anirban/ti/ccs1020/ccs/tools/compiler/gcc-arm-none-eabi-7-2017-q4-major/bin/../lib/gcc/arm-none-eabi/7.2.1/thumb/v7e-m/libgcc.a(_arm_truncdfsf2.o)
                              ./main.o (__aeabi_d2f)
/home/anirban/ti/ccs1020/ccs/tools/compiler/gcc-arm-none-eabi-7-2017-q4-major/bin/../lib/gcc/arm-none-eabi/7.2.1/thumb/v7e-m/libgcc.a(_arm_addsubsf3.o)
                              ./main.o (__aeabi_fadd)
/home/anirban/ti/ccs1020/ccs/tools/compiler/gcc-arm-none-eabi-7-2017-q4-major/bin/../lib/gcc/arm-none-eabi/7.2.1/thumb/v7e-m/libgcc.a(_arm_fixsfsi.o)
                              ./main.o (__aeabi_f2iz)
/home/anirban/ti/ccs1020/ccs/tools/compiler/gcc-arm-none-eabi-7-2017-q4-major/bin/../lib/gcc/arm-none-eabi/7.2.1/../../../../arm-none-eabi/lib/thumb/v7e-m/libg.a(lib_a-exit.o)
                              /home/anirban/ti/ccs1020/ccs/tools/compiler/gcc-arm-none-eabi-7-2017-q4-major/bin/../lib/gcc/arm-none-eabi/7.2.1/../../../../arm-none-eabi/lib/thumb/v7e-m/crt0.o (exit)
/home/anirban/ti/ccs1020/ccs/tools/compiler/gcc-arm-none-eabi-7-2017-q4-major/bin/../lib/gcc/arm-none-eabi/7.2.1/../../../../arm-none-eabi/lib/thumb/v7e-m/libg.a(lib_a-impure.o)
                              /home/anirban/ti/ccs1020/ccs/tools/compiler/gcc-arm-none-eabi-7-2017-q4-major/bin/../lib/gcc/arm-none-eabi/7.2.1/../../../../arm-none-eabi/lib/thumb/v7e-m/libg.a(lib_a-exit.o) (_global_impure_ptr)
/home/anirban/ti/ccs1020/ccs/tools/compiler/gcc-arm-none-eabi-7-2017-q4-major/bin/../lib/gcc/arm-none-eabi/7.2.1/../../../../arm-none-eabi/lib/thumb/v7e-m/libg.a(lib_a-init.o)
                              /home/anirban/ti/ccs1020/ccs/tools/compiler/gcc-arm-none-eabi-7-2017-q4-major/bin/../lib/gcc/arm-none-eabi/7.2.1/../../../../arm-none-eabi/lib/thumb/v7e-m/crt0.o (__libc_init_array)
/home/anirban/ti/ccs1020/ccs/tools/compiler/gcc-arm-none-eabi-7-2017-q4-major/bin/../lib/gcc/arm-none-eabi/7.2.1/../../../../arm-none-eabi/lib/thumb/v7e-m/libg.a(lib_a-memset.o)
                              /home/anirban/ti/ccs1020/ccs/tools/compiler/gcc-arm-none-eabi-7-2017-q4-major/bin/../lib/gcc/arm-none-eabi/7.2.1/../../../../arm-none-eabi/lib/thumb/v7e-m/crt0.o (memset)
/home/anirban/ti/ccs1020/ccs/tools/compiler/gcc-arm-none-eabi-7-2017-q4-major/bin/../lib/gcc/arm-none-eabi/7.2.1/../../../../arm-none-eabi/lib/thumb/v7e-m/libg.a(lib_a-__call_atexit.o)
                              /home/anirban/ti/ccs1020/ccs/tools/compiler/gcc-arm-none-eabi-7-2017-q4-major/bin/../lib/gcc/arm-none-eabi/7.2.1/../../../../arm-none-eabi/lib/thumb/v7e-m/libg.a(lib_a-exit.o) (__call_exitprocs)
/home/anirban/ti/ccs1020/ccs/tools/compiler/gcc-arm-none-eabi-7-2017-q4-major/bin/../lib/gcc/arm-none-eabi/7.2.1/../../../../arm-none-eabi/lib/thumb/v7e-m/libg.a(lib_a-atexit.o)
                              /home/anirban/ti/ccs1020/ccs/tools/compiler/gcc-arm-none-eabi-7-2017-q4-major/bin/../lib/gcc/arm-none-eabi/7.2.1/../../../../arm-none-eabi/lib/thumb/v7e-m/libg.a(lib_a-__call_atexit.o) (atexit)
/home/anirban/ti/ccs1020/ccs/tools/compiler/gcc-arm-none-eabi-7-2017-q4-major/bin/../lib/gcc/arm-none-eabi/7.2.1/../../../../arm-none-eabi/lib/thumb/v7e-m/libg.a(lib_a-fini.o)
                              /home/anirban/ti/ccs1020/ccs/tools/compiler/gcc-arm-none-eabi-7-2017-q4-major/bin/../lib/gcc/arm-none-eabi/7.2.1/../../../../arm-none-eabi/lib/thumb/v7e-m/libg.a(lib_a-__call_atexit.o) (__libc_fini_array)
/home/anirban/ti/ccs1020/ccs/tools/compiler/gcc-arm-none-eabi-7-2017-q4-major/bin/../lib/gcc/arm-none-eabi/7.2.1/../../../../arm-none-eabi/lib/thumb/v7e-m/libg.a(lib_a-lock.o)
                              /home/anirban/ti/ccs1020/ccs/tools/compiler/gcc-arm-none-eabi-7-2017-q4-major/bin/../lib/gcc/arm-none-eabi/7.2.1/../../../../arm-none-eabi/lib/thumb/v7e-m/libg.a(lib_a-__call_atexit.o) (__retarget_lock_acquire_recursive)
/home/anirban/ti/ccs1020/ccs/tools/compiler/gcc-arm-none-eabi-7-2017-q4-major/bin/../lib/gcc/arm-none-eabi/7.2.1/../../../../arm-none-eabi/lib/thumb/v7e-m/libg.a(lib_a-__atexit.o)
                              /home/anirban/ti/ccs1020/ccs/tools/compiler/gcc-arm-none-eabi-7-2017-q4-major/bin/../lib/gcc/arm-none-eabi/7.2.1/../../../../arm-none-eabi/lib/thumb/v7e-m/libg.a(lib_a-atexit.o) (__register_exitproc)
/home/anirban/ti/ccs1020/ccs/tools/compiler/gcc-arm-none-eabi-7-2017-q4-major/bin/../lib/gcc/arm-none-eabi/7.2.1/../../../../arm-none-eabi/lib/thumb/v7e-m/libnosys.a(_exit.o)
                              /home/anirban/ti/ccs1020/ccs/tools/compiler/gcc-arm-none-eabi-7-2017-q4-major/bin/../lib/gcc/arm-none-eabi/7.2.1/../../../../arm-none-eabi/lib/thumb/v7e-m/libg.a(lib_a-exit.o) (_exit)

Allocating common symbols
Common symbol       size              file

__lock___atexit_recursive_mutex
                    0x1               /home/anirban/ti/ccs1020/ccs/tools/compiler/gcc-arm-none-eabi-7-2017-q4-major/bin/../lib/gcc/arm-none-eabi/7.2.1/../../../../arm-none-eabi/lib/thumb/v7e-m/libg.a(lib_a-lock.o)
__lock___arc4random_mutex
                    0x1               /home/anirban/ti/ccs1020/ccs/tools/compiler/gcc-arm-none-eabi-7-2017-q4-major/bin/../lib/gcc/arm-none-eabi/7.2.1/../../../../arm-none-eabi/lib/thumb/v7e-m/libg.a(lib_a-lock.o)
__lock___env_recursive_mutex
                    0x1               /home/anirban/ti/ccs1020/ccs/tools/compiler/gcc-arm-none-eabi-7-2017-q4-major/bin/../lib/gcc/arm-none-eabi/7.2.1/../../../../arm-none-eabi/lib/thumb/v7e-m/libg.a(lib_a-lock.o)
__lock___sinit_recursive_mutex
                    0x1               /home/anirban/ti/ccs1020/ccs/tools/compiler/gcc-arm-none-eabi-7-2017-q4-major/bin/../lib/gcc/arm-none-eabi/7.2.1/../../../../arm-none-eabi/lib/thumb/v7e-m/libg.a(lib_a-lock.o)
__lock___malloc_recursive_mutex
                    0x1               /home/anirban/ti/ccs1020/ccs/tools/compiler/gcc-arm-none-eabi-7-2017-q4-major/bin/../lib/gcc/arm-none-eabi/7.2.1/../../../../arm-none-eabi/lib/thumb/v7e-m/libg.a(lib_a-lock.o)
__lock___at_quick_exit_mutex
                    0x1               /home/anirban/ti/ccs1020/ccs/tools/compiler/gcc-arm-none-eabi-7-2017-q4-major/bin/../lib/gcc/arm-none-eabi/7.2.1/../../../../arm-none-eabi/lib/thumb/v7e-m/libg.a(lib_a-lock.o)
__lock___dd_hash_mutex
                    0x1               /home/anirban/ti/ccs1020/ccs/tools/compiler/gcc-arm-none-eabi-7-2017-q4-major/bin/../lib/gcc/arm-none-eabi/7.2.1/../../../../arm-none-eabi/lib/thumb/v7e-m/libg.a(lib_a-lock.o)
__lock___tz_mutex   0x1               /home/anirban/ti/ccs1020/ccs/tools/compiler/gcc-arm-none-eabi-7-2017-q4-major/bin/../lib/gcc/arm-none-eabi/7.2.1/../../../../arm-none-eabi/lib/thumb/v7e-m/libg.a(lib_a-lock.o)
__lock___sfp_recursive_mutex
                    0x1               /home/anirban/ti/ccs1020/ccs/tools/compiler/gcc-arm-none-eabi-7-2017-q4-major/bin/../lib/gcc/arm-none-eabi/7.2.1/../../../../arm-none-eabi/lib/thumb/v7e-m/libg.a(lib_a-lock.o)

Memory Configuration

Name             Origin             Length             Attributes
FLASH            0x0000000000000000 0x0000000000040000 xr
SRAM             0x0000000020000000 0x0000000000008000 xw
*default*        0x0000000000000000 0xffffffffffffffff

Linker script and memory map

LOAD /home/anirban/ti/ccs1020/ccs/tools/compiler/gcc-arm-none-eabi-7-2017-q4-major/bin/../lib/gcc/arm-none-eabi/7.2.1/thumb/v7e-m/crti.o
LOAD /home/anirban/ti/ccs1020/ccs/tools/compiler/gcc-arm-none-eabi-7-2017-q4-major/bin/../lib/gcc/arm-none-eabi/7.2.1/thumb/v7e-m/crtbegin.o
LOAD /home/anirban/ti/ccs1020/ccs/tools/compiler/gcc-arm-none-eabi-7-2017-q4-major/bin/../lib/gcc/arm-none-eabi/7.2.1/../../../../arm-none-eabi/lib/thumb/v7e-m/crt0.o
LOAD ./main.o
LOAD ./tm4c123gh6pm_startup_ccs_gcc.o
                0x0000000000000000                PROVIDE (_intvecs_base_address, 0x0)

.intvecs        0x0000000000000000      0x26c
 *(.intvecs)
 .intvecs       0x0000000000000000      0x26c ./tm4c123gh6pm_startup_ccs_gcc.o
                0x0000000000000000                g_pfnVectors
                0x0000000020000000                PROVIDE (_vtable_base_address, 0x20000000)

.vtable
 *(.vtable)

.text           0x0000000000000270     0x28cc
 CREATE_OBJECT_SYMBOLS
 *(.text)
 .text          0x0000000000000270        0x0 /home/anirban/ti/ccs1020/ccs/tools/compiler/gcc-arm-none-eabi-7-2017-q4-major/bin/../lib/gcc/arm-none-eabi/7.2.1/thumb/v7e-m/crti.o
 .text          0x0000000000000270       0x40 /home/anirban/ti/ccs1020/ccs/tools/compiler/gcc-arm-none-eabi-7-2017-q4-major/bin/../lib/gcc/arm-none-eabi/7.2.1/thumb/v7e-m/crtbegin.o
 .text          0x00000000000002b0       0x74 /home/anirban/ti/ccs1020/ccs/tools/compiler/gcc-arm-none-eabi-7-2017-q4-major/bin/../lib/gcc/arm-none-eabi/7.2.1/../../../../arm-none-eabi/lib/thumb/v7e-m/crt0.o
                0x00000000000002b0                _mainCRTStartup
                0x00000000000002b0                _start
 .text          0x0000000000000324        0x0 ./main.o
 .text          0x0000000000000324        0x0 ./tm4c123gh6pm_startup_ccs_gcc.o
 .text          0x0000000000000324        0x0 /home/anirban/ccs_workspace2/Servo_motor/libdriver.a(gpio.o)
 .text          0x0000000000000324        0x0 /home/anirban/ccs_workspace2/Servo_motor/libdriver.a(interrupt.o)
 .text          0x0000000000000324        0x0 /home/anirban/ccs_workspace2/Servo_motor/libdriver.a(pwm.o)
 .text          0x0000000000000324        0x0 /home/anirban/ccs_workspace2/Servo_motor/libdriver.a(sysctl.o)
 .text          0x0000000000000324        0x0 /home/anirban/ccs_workspace2/Servo_motor/libdriver.a(cpu.o)
 .text          0x0000000000000324      0x378 /home/anirban/ti/ccs1020/ccs/tools/compiler/gcc-arm-none-eabi-7-2017-q4-major/bin/../lib/gcc/arm-none-eabi/7.2.1/thumb/v7e-m/libgcc.a(_arm_addsubdf3.o)
                0x0000000000000324                __aeabi_drsub
                0x000000000000032c                __aeabi_dsub
                0x000000000000032c                __subdf3
                0x0000000000000330                __adddf3
                0x0000000000000330                __aeabi_dadd
                0x00000000000005a8                __aeabi_ui2d
                0x00000000000005a8                __floatunsidf
                0x00000000000005c8                __floatsidf
                0x00000000000005c8                __aeabi_i2d
                0x00000000000005ec                __extendsfdf2
                0x00000000000005ec                __aeabi_f2d
                0x0000000000000630                __aeabi_ul2d
                0x0000000000000630                __floatundidf
                0x0000000000000640                __floatdidf
                0x0000000000000640                __aeabi_l2d
 .text          0x000000000000069c      0x424 /home/anirban/ti/ccs1020/ccs/tools/compiler/gcc-arm-none-eabi-7-2017-q4-major/bin/../lib/gcc/arm-none-eabi/7.2.1/thumb/v7e-m/libgcc.a(_arm_muldivdf3.o)
                0x000000000000069c                __aeabi_dmul
                0x000000000000069c                __muldf3
                0x00000000000008f0                __aeabi_ddiv
                0x00000000000008f0                __divdf3
 .text          0x0000000000000ac0       0xa0 /home/anirban/ti/ccs1020/ccs/tools/compiler/gcc-arm-none-eabi-7-2017-q4-major/bin/../lib/gcc/arm-none-eabi/7.2.1/thumb/v7e-m/libgcc.a(_arm_truncdfsf2.o)
                0x0000000000000ac0                __aeabi_d2f
                0x0000000000000ac0                __truncdfsf2
 .text          0x0000000000000b60      0x21c /home/anirban/ti/ccs1020/ccs/tools/compiler/gcc-arm-none-eabi-7-2017-q4-major/bin/../lib/gcc/arm-none-eabi/7.2.1/thumb/v7e-m/libgcc.a(_arm_addsubsf3.o)
                0x0000000000000b60                __aeabi_frsub
                0x0000000000000b68                __subsf3
                0x0000000000000b68                __aeabi_fsub
                0x0000000000000b6c                __aeabi_fadd
                0x0000000000000b6c                __addsf3
                0x0000000000000ccc                __aeabi_ui2f
                0x0000000000000ccc                __floatunsisf
                0x0000000000000cd4                __aeabi_i2f
                0x0000000000000cd4                __floatsisf
                0x0000000000000cf0                __floatundisf
                0x0000000000000cf0                __aeabi_ul2f
                0x0000000000000d00                __floatdisf
                0x0000000000000d00                __aeabi_l2f
 .text          0x0000000000000d7c       0x4c /home/anirban/ti/ccs1020/ccs/tools/compiler/gcc-arm-none-eabi-7-2017-q4-major/bin/../lib/gcc/arm-none-eabi/7.2.1/thumb/v7e-m/libgcc.a(_arm_fixsfsi.o)
                0x0000000000000d7c                __fixsfsi
                0x0000000000000d7c                __aeabi_f2iz
 .text          0x0000000000000dc8        0x0 /home/anirban/ti/ccs1020/ccs/tools/compiler/gcc-arm-none-eabi-7-2017-q4-major/bin/../lib/gcc/arm-none-eabi/7.2.1/../../../../arm-none-eabi/lib/thumb/v7e-m/libg.a(lib_a-exit.o)
 .text          0x0000000000000dc8        0x0 /home/anirban/ti/ccs1020/ccs/tools/compiler/gcc-arm-none-eabi-7-2017-q4-major/bin/../lib/gcc/arm-none-eabi/7.2.1/../../../../arm-none-eabi/lib/thumb/v7e-m/libg.a(lib_a-impure.o)
 .text          0x0000000000000dc8        0x0 /home/anirban/ti/ccs1020/ccs/tools/compiler/gcc-arm-none-eabi-7-2017-q4-major/bin/../lib/gcc/arm-none-eabi/7.2.1/../../../../arm-none-eabi/lib/thumb/v7e-m/libg.a(lib_a-init.o)
 .text          0x0000000000000dc8        0x0 /home/anirban/ti/ccs1020/ccs/tools/compiler/gcc-arm-none-eabi-7-2017-q4-major/bin/../lib/gcc/arm-none-eabi/7.2.1/../../../../arm-none-eabi/lib/thumb/v7e-m/libg.a(lib_a-memset.o)
 .text          0x0000000000000dc8        0x0 /home/anirban/ti/ccs1020/ccs/tools/compiler/gcc-arm-none-eabi-7-2017-q4-major/bin/../lib/gcc/arm-none-eabi/7.2.1/../../../../arm-none-eabi/lib/thumb/v7e-m/libg.a(lib_a-__call_atexit.o)
 .text          0x0000000000000dc8        0x0 /home/anirban/ti/ccs1020/ccs/tools/compiler/gcc-arm-none-eabi-7-2017-q4-major/bin/../lib/gcc/arm-none-eabi/7.2.1/../../../../arm-none-eabi/lib/thumb/v7e-m/libg.a(lib_a-atexit.o)
 .text          0x0000000000000dc8        0x0 /home/anirban/ti/ccs1020/ccs/tools/compiler/gcc-arm-none-eabi-7-2017-q4-major/bin/../lib/gcc/arm-none-eabi/7.2.1/../../../../arm-none-eabi/lib/thumb/v7e-m/libg.a(lib_a-fini.o)
 .text          0x0000000000000dc8        0x0 /home/anirban/ti/ccs1020/ccs/tools/compiler/gcc-arm-none-eabi-7-2017-q4-major/bin/../lib/gcc/arm-none-eabi/7.2.1/../../../../arm-none-eabi/lib/thumb/v7e-m/libg.a(lib_a-lock.o)
 .text          0x0000000000000dc8        0x0 /home/anirban/ti/ccs1020/ccs/tools/compiler/gcc-arm-none-eabi-7-2017-q4-major/bin/../lib/gcc/arm-none-eabi/7.2.1/../../../../arm-none-eabi/lib/thumb/v7e-m/libg.a(lib_a-__atexit.o)
 .text          0x0000000000000dc8        0x0 /home/anirban/ti/ccs1020/ccs/tools/compiler/gcc-arm-none-eabi-7-2017-q4-major/bin/../lib/gcc/arm-none-eabi/7.2.1/../../../../arm-none-eabi/lib/thumb/v7e-m/libnosys.a(_exit.o)
 .text          0x0000000000000dc8        0x0 /home/anirban/ti/ccs1020/ccs/tools/compiler/gcc-arm-none-eabi-7-2017-q4-major/bin/../lib/gcc/arm-none-eabi/7.2.1/thumb/v7e-m/crtend.o
 .text          0x0000000000000dc8        0x0 /home/anirban/ti/ccs1020/ccs/tools/compiler/gcc-arm-none-eabi-7-2017-q4-major/bin/../lib/gcc/arm-none-eabi/7.2.1/thumb/v7e-m/crtn.o
 *(.text.*)
 .text.servo_rotate_C
                0x0000000000000dc8       0x68 ./main.o
                0x0000000000000dc8                servo_rotate_C
 .text.servo_rotate_E
                0x0000000000000e30       0x68 ./main.o
                0x0000000000000e30                servo_rotate_E
 .text.servo_rotate_F
                0x0000000000000e98       0x68 ./main.o
                0x0000000000000e98                servo_rotate_F
 .text.PWM_PORTC
                0x0000000000000f00       0x78 ./main.o
                0x0000000000000f00                PWM_PORTC
 .text.PWM_PORTE
                0x0000000000000f78       0x70 ./main.o
                0x0000000000000f78                PWM_PORTE
 .text.PWM_PORTF
                0x0000000000000fe8       0xa8 ./main.o
                0x0000000000000fe8                PWM_PORTF
 .text.delayMs  0x0000000000001090       0x3c ./main.o
                0x0000000000001090                delayMs
 .text.main     0x00000000000010cc       0xc8 ./main.o
                0x00000000000010cc                main
 .text.ResetISR
                0x0000000000001194       0x6c ./tm4c123gh6pm_startup_ccs_gcc.o
                0x0000000000001194                ResetISR
 .text.NmiSR    0x0000000000001200        0x6 ./tm4c123gh6pm_startup_ccs_gcc.o
 .text.FaultISR
                0x0000000000001206        0x6 ./tm4c123gh6pm_startup_ccs_gcc.o
 .text.IntDefaultHandler
                0x000000000000120c        0x6 ./tm4c123gh6pm_startup_ccs_gcc.o
 *fill*         0x0000000000001212        0x2 
 .text._GPIOIntNumberGet
                0x0000000000001214       0x44 /home/anirban/ccs_workspace2/Servo_motor/libdriver.a(gpio.o)
 .text.GPIODirModeSet
                0x0000000000001258       0x26 /home/anirban/ccs_workspace2/Servo_motor/libdriver.a(gpio.o)
                0x0000000000001258                GPIODirModeSet
 .text.GPIODirModeGet
                0x000000000000127e       0x26 /home/anirban/ccs_workspace2/Servo_motor/libdriver.a(gpio.o)
                0x000000000000127e                GPIODirModeGet
 .text.GPIOIntTypeSet
                0x00000000000012a4       0x4e /home/anirban/ccs_workspace2/Servo_motor/libdriver.a(gpio.o)
                0x00000000000012a4                GPIOIntTypeSet
 .text.GPIOIntTypeGet
                0x00000000000012f2       0x40 /home/anirban/ccs_workspace2/Servo_motor/libdriver.a(gpio.o)
                0x00000000000012f2                GPIOIntTypeGet
 .text.GPIOPadConfigSet
                0x0000000000001332      0x106 /home/anirban/ccs_workspace2/Servo_motor/libdriver.a(gpio.o)
                0x0000000000001332                GPIOPadConfigSet
 .text.GPIOPadConfigGet
                0x0000000000001438       0xd0 /home/anirban/ccs_workspace2/Servo_motor/libdriver.a(gpio.o)
                0x0000000000001438                GPIOPadConfigGet
 .text.GPIOIntEnable
                0x0000000000001508        0xc /home/anirban/ccs_workspace2/Servo_motor/libdriver.a(gpio.o)
                0x0000000000001508                GPIOIntEnable
 .text.GPIOIntDisable
                0x0000000000001514        0xe /home/anirban/ccs_workspace2/Servo_motor/libdriver.a(gpio.o)
                0x0000000000001514                GPIOIntDisable
 .text.GPIOIntStatus
                0x0000000000001522        0xe /home/anirban/ccs_workspace2/Servo_motor/libdriver.a(gpio.o)
                0x0000000000001522                GPIOIntStatus
 .text.GPIOIntClear
                0x0000000000001530        0x6 /home/anirban/ccs_workspace2/Servo_motor/libdriver.a(gpio.o)
                0x0000000000001530                GPIOIntClear
 .text.GPIOIntRegister
                0x0000000000001536       0x1c /home/anirban/ccs_workspace2/Servo_motor/libdriver.a(gpio.o)
                0x0000000000001536                GPIOIntRegister
 .text.GPIOIntUnregister
                0x0000000000001552       0x16 /home/anirban/ccs_workspace2/Servo_motor/libdriver.a(gpio.o)
                0x0000000000001552                GPIOIntUnregister
 .text.GPIOPinRead
                0x0000000000001568        0x6 /home/anirban/ccs_workspace2/Servo_motor/libdriver.a(gpio.o)
                0x0000000000001568                GPIOPinRead
 .text.GPIOPinWrite
                0x000000000000156e        0x6 /home/anirban/ccs_workspace2/Servo_motor/libdriver.a(gpio.o)
                0x000000000000156e                GPIOPinWrite
 .text.GPIOPinTypeADC
                0x0000000000001574       0x18 /home/anirban/ccs_workspace2/Servo_motor/libdriver.a(gpio.o)
                0x0000000000001574                GPIOPinTypeADC
 .text.GPIOPinTypeCAN
                0x000000000000158c       0x18 /home/anirban/ccs_workspace2/Servo_motor/libdriver.a(gpio.o)
                0x000000000000158c                GPIOPinTypeCAN
 .text.GPIOPinTypeComparator
                0x00000000000015a4        0x4 /home/anirban/ccs_workspace2/Servo_motor/libdriver.a(gpio.o)
                0x00000000000015a4                GPIOPinTypeComparator
 .text.GPIOPinTypeEPI
                0x00000000000015a8        0x4 /home/anirban/ccs_workspace2/Servo_motor/libdriver.a(gpio.o)
                0x00000000000015a8                GPIOPinTypeEPI
 .text.GPIOPinTypeEthernetLED
                0x00000000000015ac        0x4 /home/anirban/ccs_workspace2/Servo_motor/libdriver.a(gpio.o)
                0x00000000000015ac                GPIOPinTypeEthernetLED
 .text.GPIOPinTypeEthernetMII
                0x00000000000015b0        0x4 /home/anirban/ccs_workspace2/Servo_motor/libdriver.a(gpio.o)
                0x00000000000015b0                GPIOPinTypeEthernetMII
 .text.GPIOPinTypeGPIOInput
                0x00000000000015b4       0x18 /home/anirban/ccs_workspace2/Servo_motor/libdriver.a(gpio.o)
                0x00000000000015b4                GPIOPinTypeGPIOInput
 .text.GPIOPinTypeGPIOOutput
                0x00000000000015cc       0x18 /home/anirban/ccs_workspace2/Servo_motor/libdriver.a(gpio.o)
                0x00000000000015cc                GPIOPinTypeGPIOOutput
 .text.GPIOPinTypeGPIOOutputOD
                0x00000000000015e4       0x18 /home/anirban/ccs_workspace2/Servo_motor/libdriver.a(gpio.o)
                0x00000000000015e4                GPIOPinTypeGPIOOutputOD
 .text.GPIOPinTypeI2C
                0x00000000000015fc       0x18 /home/anirban/ccs_workspace2/Servo_motor/libdriver.a(gpio.o)
                0x00000000000015fc                GPIOPinTypeI2C
 .text.GPIOPinTypeI2CSCL
                0x0000000000001614       0x18 /home/anirban/ccs_workspace2/Servo_motor/libdriver.a(gpio.o)
                0x0000000000001614                GPIOPinTypeI2CSCL
 .text.GPIOPinTypeLCD
                0x000000000000162c        0x4 /home/anirban/ccs_workspace2/Servo_motor/libdriver.a(gpio.o)
                0x000000000000162c                GPIOPinTypeLCD
 .text.GPIOPinTypeLPC
                0x0000000000001630        0x4 /home/anirban/ccs_workspace2/Servo_motor/libdriver.a(gpio.o)
                0x0000000000001630                GPIOPinTypeLPC
 .text.GPIOPinTypePECIRx
                0x0000000000001634        0x4 /home/anirban/ccs_workspace2/Servo_motor/libdriver.a(gpio.o)
                0x0000000000001634                GPIOPinTypePECIRx
 .text.GPIOPinTypePECITx
                0x0000000000001638        0x4 /home/anirban/ccs_workspace2/Servo_motor/libdriver.a(gpio.o)
                0x0000000000001638                GPIOPinTypePECITx
 .text.GPIOPinTypePWM
                0x000000000000163c        0x4 /home/anirban/ccs_workspace2/Servo_motor/libdriver.a(gpio.o)
                0x000000000000163c                GPIOPinTypePWM
 .text.GPIOPinTypeQEI
                0x0000000000001640       0x18 /home/anirban/ccs_workspace2/Servo_motor/libdriver.a(gpio.o)
                0x0000000000001640                GPIOPinTypeQEI
 .text.GPIOPinTypeSSI
                0x0000000000001658        0x4 /home/anirban/ccs_workspace2/Servo_motor/libdriver.a(gpio.o)
                0x0000000000001658                GPIOPinTypeSSI
 .text.GPIOPinTypeTimer
                0x000000000000165c        0x4 /home/anirban/ccs_workspace2/Servo_motor/libdriver.a(gpio.o)
                0x000000000000165c                GPIOPinTypeTimer
 .text.GPIOPinTypeUART
                0x0000000000001660        0x4 /home/anirban/ccs_workspace2/Servo_motor/libdriver.a(gpio.o)
                0x0000000000001660                GPIOPinTypeUART
 .text.GPIOPinTypeUSBAnalog
                0x0000000000001664        0x4 /home/anirban/ccs_workspace2/Servo_motor/libdriver.a(gpio.o)
                0x0000000000001664                GPIOPinTypeUSBAnalog
 .text.GPIOPinTypeUSBDigital
                0x0000000000001668        0x4 /home/anirban/ccs_workspace2/Servo_motor/libdriver.a(gpio.o)
                0x0000000000001668                GPIOPinTypeUSBDigital
 .text.GPIOPinTypeWakeHigh
                0x000000000000166c       0x1a /home/anirban/ccs_workspace2/Servo_motor/libdriver.a(gpio.o)
                0x000000000000166c                GPIOPinTypeWakeHigh
 .text.GPIOPinTypeWakeLow
                0x0000000000001686       0x1a /home/anirban/ccs_workspace2/Servo_motor/libdriver.a(gpio.o)
                0x0000000000001686                GPIOPinTypeWakeLow
 .text.GPIOPinTypeKBRow
                0x00000000000016a0        0x4 /home/anirban/ccs_workspace2/Servo_motor/libdriver.a(gpio.o)
                0x00000000000016a0                GPIOPinTypeKBRow
 .text.GPIOPinTypeKBColumn
                0x00000000000016a4        0x4 /home/anirban/ccs_workspace2/Servo_motor/libdriver.a(gpio.o)
                0x00000000000016a4                GPIOPinTypeKBColumn
 .text.GPIOPinTypeLEDSeq
                0x00000000000016a8        0x4 /home/anirban/ccs_workspace2/Servo_motor/libdriver.a(gpio.o)
                0x00000000000016a8                GPIOPinTypeLEDSeq
 .text.GPIOPinTypeCIR
                0x00000000000016ac        0x4 /home/anirban/ccs_workspace2/Servo_motor/libdriver.a(gpio.o)
                0x00000000000016ac                GPIOPinTypeCIR
 .text.GPIOPinWakeStatus
                0x00000000000016b0        0x6 /home/anirban/ccs_workspace2/Servo_motor/libdriver.a(gpio.o)
                0x00000000000016b0                GPIOPinWakeStatus
 *fill*         0x00000000000016b6        0x2 
 .text.GPIOPinConfigure
                0x00000000000016b8       0x44 /home/anirban/ccs_workspace2/Servo_motor/libdriver.a(gpio.o)
                0x00000000000016b8                GPIOPinConfigure
 .text.GPIODMATriggerEnable
                0x00000000000016fc        0xc /home/anirban/ccs_workspace2/Servo_motor/libdriver.a(gpio.o)
                0x00000000000016fc                GPIODMATriggerEnable
 .text.GPIODMATriggerDisable
                0x0000000000001708        0xe /home/anirban/ccs_workspace2/Servo_motor/libdriver.a(gpio.o)
                0x0000000000001708                GPIODMATriggerDisable
 .text.GPIOADCTriggerEnable
                0x0000000000001716        0xc /home/anirban/ccs_workspace2/Servo_motor/libdriver.a(gpio.o)
                0x0000000000001716                GPIOADCTriggerEnable
 .text.GPIOADCTriggerDisable
                0x0000000000001722        0xe /home/anirban/ccs_workspace2/Servo_motor/libdriver.a(gpio.o)
                0x0000000000001722                GPIOADCTriggerDisable
 .text._IntDefaultHandler
                0x0000000000001730        0x2 /home/anirban/ccs_workspace2/Servo_motor/libdriver.a(interrupt.o)
 .text.IntMasterEnable
                0x0000000000001732        0xe /home/anirban/ccs_workspace2/Servo_motor/libdriver.a(interrupt.o)
                0x0000000000001732                IntMasterEnable
 .text.IntMasterDisable
                0x0000000000001740        0xe /home/anirban/ccs_workspace2/Servo_motor/libdriver.a(interrupt.o)
                0x0000000000001740                IntMasterDisable
 *fill*         0x000000000000174e        0x2 
 .text.IntRegister
                0x0000000000001750       0x38 /home/anirban/ccs_workspace2/Servo_motor/libdriver.a(interrupt.o)
                0x0000000000001750                IntRegister
 .text.IntUnregister
                0x0000000000001788       0x14 /home/anirban/ccs_workspace2/Servo_motor/libdriver.a(interrupt.o)
                0x0000000000001788                IntUnregister
 .text.IntPriorityGroupingSet
                0x000000000000179c       0x1c /home/anirban/ccs_workspace2/Servo_motor/libdriver.a(interrupt.o)
                0x000000000000179c                IntPriorityGroupingSet
 .text.IntPriorityGroupingGet
                0x00000000000017b8       0x24 /home/anirban/ccs_workspace2/Servo_motor/libdriver.a(interrupt.o)
                0x00000000000017b8                IntPriorityGroupingGet
 .text.IntPrioritySet
                0x00000000000017dc       0x28 /home/anirban/ccs_workspace2/Servo_motor/libdriver.a(interrupt.o)
                0x00000000000017dc                IntPrioritySet
 .text.IntPriorityGet
                0x0000000000001804       0x1c /home/anirban/ccs_workspace2/Servo_motor/libdriver.a(interrupt.o)
                0x0000000000001804                IntPriorityGet
 .text.IntEnable
                0x0000000000001820       0x60 /home/anirban/ccs_workspace2/Servo_motor/libdriver.a(interrupt.o)
                0x0000000000001820                IntEnable
 .text.IntDisable
                0x0000000000001880       0x60 /home/anirban/ccs_workspace2/Servo_motor/libdriver.a(interrupt.o)
                0x0000000000001880                IntDisable
 .text.IntIsEnabled
                0x00000000000018e0       0x64 /home/anirban/ccs_workspace2/Servo_motor/libdriver.a(interrupt.o)
                0x00000000000018e0                IntIsEnabled
 .text.IntPendSet
                0x0000000000001944       0x50 /home/anirban/ccs_workspace2/Servo_motor/libdriver.a(interrupt.o)
                0x0000000000001944                IntPendSet
 .text.IntPendClear
                0x0000000000001994       0x40 /home/anirban/ccs_workspace2/Servo_motor/libdriver.a(interrupt.o)
                0x0000000000001994                IntPendClear
 .text.IntPriorityMaskSet
                0x00000000000019d4        0x4 /home/anirban/ccs_workspace2/Servo_motor/libdriver.a(interrupt.o)
                0x00000000000019d4                IntPriorityMaskSet
 .text.IntPriorityMaskGet
                0x00000000000019d8        0x4 /home/anirban/ccs_workspace2/Servo_motor/libdriver.a(interrupt.o)
                0x00000000000019d8                IntPriorityMaskGet
 .text.IntTrigger
                0x00000000000019dc        0xc /home/anirban/ccs_workspace2/Servo_motor/libdriver.a(interrupt.o)
                0x00000000000019dc                IntTrigger
 .text._PWMGenIntNumberGet
                0x00000000000019e8      0x108 /home/anirban/ccs_workspace2/Servo_motor/libdriver.a(pwm.o)
 .text._PWMFaultIntNumberGet
                0x0000000000001af0       0x4c /home/anirban/ccs_workspace2/Servo_motor/libdriver.a(pwm.o)
 .text.PWMGenConfigure
                0x0000000000001b3c       0x2c /home/anirban/ccs_workspace2/Servo_motor/libdriver.a(pwm.o)
                0x0000000000001b3c                PWMGenConfigure
 .text.PWMGenPeriodSet
                0x0000000000001b68       0x12 /home/anirban/ccs_workspace2/Servo_motor/libdriver.a(pwm.o)
                0x0000000000001b68                PWMGenPeriodSet
 .text.PWMGenPeriodGet
                0x0000000000001b7a       0x10 /home/anirban/ccs_workspace2/Servo_motor/libdriver.a(pwm.o)
                0x0000000000001b7a                PWMGenPeriodGet
 .text.PWMGenEnable
                0x0000000000001b8a        0xa /home/anirban/ccs_workspace2/Servo_motor/libdriver.a(pwm.o)
                0x0000000000001b8a                PWMGenEnable
 .text.PWMGenDisable
                0x0000000000001b94        0xa /home/anirban/ccs_workspace2/Servo_motor/libdriver.a(pwm.o)
                0x0000000000001b94                PWMGenDisable
 .text.PWMPulseWidthSet
                0x0000000000001b9e       0x1e /home/anirban/ccs_workspace2/Servo_motor/libdriver.a(pwm.o)
                0x0000000000001b9e                PWMPulseWidthSet
 .text.PWMPulseWidthGet
                0x0000000000001bbc       0x20 /home/anirban/ccs_workspace2/Servo_motor/libdriver.a(pwm.o)
                0x0000000000001bbc                PWMPulseWidthGet
 .text.PWMDeadBandEnable
                0x0000000000001bdc       0x10 /home/anirban/ccs_workspace2/Servo_motor/libdriver.a(pwm.o)
                0x0000000000001bdc                PWMDeadBandEnable
 .text.PWMDeadBandDisable
                0x0000000000001bec        0xc /home/anirban/ccs_workspace2/Servo_motor/libdriver.a(pwm.o)
                0x0000000000001bec                PWMDeadBandDisable
 .text.PWMSyncUpdate
                0x0000000000001bf8        0x4 /home/anirban/ccs_workspace2/Servo_motor/libdriver.a(pwm.o)
                0x0000000000001bf8                PWMSyncUpdate
 .text.PWMSyncTimeBase
                0x0000000000001bfc        0x4 /home/anirban/ccs_workspace2/Servo_motor/libdriver.a(pwm.o)
                0x0000000000001bfc                PWMSyncTimeBase
 .text.PWMOutputState
                0x0000000000001c00       0x10 /home/anirban/ccs_workspace2/Servo_motor/libdriver.a(pwm.o)
                0x0000000000001c00                PWMOutputState
 .text.PWMOutputInvert
                0x0000000000001c10       0x10 /home/anirban/ccs_workspace2/Servo_motor/libdriver.a(pwm.o)
                0x0000000000001c10                PWMOutputInvert
 .text.PWMOutputFaultLevel
                0x0000000000001c20       0x10 /home/anirban/ccs_workspace2/Servo_motor/libdriver.a(pwm.o)
                0x0000000000001c20                PWMOutputFaultLevel
 .text.PWMOutputFault
                0x0000000000001c30       0x10 /home/anirban/ccs_workspace2/Servo_motor/libdriver.a(pwm.o)
                0x0000000000001c30                PWMOutputFault
 .text.PWMGenIntRegister
                0x0000000000001c40       0x1a /home/anirban/ccs_workspace2/Servo_motor/libdriver.a(pwm.o)
                0x0000000000001c40                PWMGenIntRegister
 .text.PWMGenIntUnregister
                0x0000000000001c5a       0x16 /home/anirban/ccs_workspace2/Servo_motor/libdriver.a(pwm.o)
                0x0000000000001c5a                PWMGenIntUnregister
 .text.PWMFaultIntRegister
                0x0000000000001c70       0x1c /home/anirban/ccs_workspace2/Servo_motor/libdriver.a(pwm.o)
                0x0000000000001c70                PWMFaultIntRegister
 .text.PWMFaultIntUnregister
                0x0000000000001c8c       0x16 /home/anirban/ccs_workspace2/Servo_motor/libdriver.a(pwm.o)
                0x0000000000001c8c                PWMFaultIntUnregister
 .text.PWMGenIntTrigEnable
                0x0000000000001ca2        0xa /home/anirban/ccs_workspace2/Servo_motor/libdriver.a(pwm.o)
                0x0000000000001ca2                PWMGenIntTrigEnable
 .text.PWMGenIntTrigDisable
                0x0000000000001cac        0xc /home/anirban/ccs_workspace2/Servo_motor/libdriver.a(pwm.o)
                0x0000000000001cac                PWMGenIntTrigDisable
 .text.PWMGenIntStatus
                0x0000000000001cb8        0xc /home/anirban/ccs_workspace2/Servo_motor/libdriver.a(pwm.o)
                0x0000000000001cb8                PWMGenIntStatus
 .text.PWMGenIntClear
                0x0000000000001cc4        0x6 /home/anirban/ccs_workspace2/Servo_motor/libdriver.a(pwm.o)
                0x0000000000001cc4                PWMGenIntClear
 .text.PWMIntEnable
                0x0000000000001cca        0x8 /home/anirban/ccs_workspace2/Servo_motor/libdriver.a(pwm.o)
                0x0000000000001cca                PWMIntEnable
 .text.PWMIntDisable
                0x0000000000001cd2        0xa /home/anirban/ccs_workspace2/Servo_motor/libdriver.a(pwm.o)
                0x0000000000001cd2                PWMIntDisable
 .text.PWMFaultIntClear
                0x0000000000001cdc        0x8 /home/anirban/ccs_workspace2/Servo_motor/libdriver.a(pwm.o)
                0x0000000000001cdc                PWMFaultIntClear
 .text.PWMIntStatus
                0x0000000000001ce4        0xa /home/anirban/ccs_workspace2/Servo_motor/libdriver.a(pwm.o)
                0x0000000000001ce4                PWMIntStatus
 .text.PWMFaultIntClearExt
                0x0000000000001cee        0x4 /home/anirban/ccs_workspace2/Servo_motor/libdriver.a(pwm.o)
                0x0000000000001cee                PWMFaultIntClearExt
 .text.PWMGenFaultConfigure
                0x0000000000001cf2       0x14 /home/anirban/ccs_workspace2/Servo_motor/libdriver.a(pwm.o)
                0x0000000000001cf2                PWMGenFaultConfigure
 .text.PWMGenFaultTriggerSet
                0x0000000000001d06        0xc /home/anirban/ccs_workspace2/Servo_motor/libdriver.a(pwm.o)
                0x0000000000001d06                PWMGenFaultTriggerSet
 .text.PWMGenFaultTriggerGet
                0x0000000000001d12        0xc /home/anirban/ccs_workspace2/Servo_motor/libdriver.a(pwm.o)
                0x0000000000001d12                PWMGenFaultTriggerGet
 .text.PWMGenFaultStatus
                0x0000000000001d1e       0x14 /home/anirban/ccs_workspace2/Servo_motor/libdriver.a(pwm.o)
                0x0000000000001d1e                PWMGenFaultStatus
 .text.PWMGenFaultClear
                0x0000000000001d32       0x14 /home/anirban/ccs_workspace2/Servo_motor/libdriver.a(pwm.o)
                0x0000000000001d32                PWMGenFaultClear
 .text.PWMClockSet
                0x0000000000001d46       0x14 /home/anirban/ccs_workspace2/Servo_motor/libdriver.a(pwm.o)
                0x0000000000001d46                PWMClockSet
 .text.PWMClockGet
                0x0000000000001d5a       0x1a /home/anirban/ccs_workspace2/Servo_motor/libdriver.a(pwm.o)
                0x0000000000001d5a                PWMClockGet
 .text.PWMOutputUpdateMode
                0x0000000000001d74       0x38 /home/anirban/ccs_workspace2/Servo_motor/libdriver.a(pwm.o)
                0x0000000000001d74                PWMOutputUpdateMode
 .text._SysCtlMemTimingGet
                0x0000000000001dac       0x64 /home/anirban/ccs_workspace2/Servo_motor/libdriver.a(sysctl.o)
 .text.SysCtlSRAMSizeGet
                0x0000000000001e10       0x10 /home/anirban/ccs_workspace2/Servo_motor/libdriver.a(sysctl.o)
                0x0000000000001e10                SysCtlSRAMSizeGet
 .text.SysCtlFlashSizeGet
                0x0000000000001e20       0x44 /home/anirban/ccs_workspace2/Servo_motor/libdriver.a(sysctl.o)
                0x0000000000001e20                SysCtlFlashSizeGet
 .text.SysCtlFlashSectorSizeGet
                0x0000000000001e64       0x38 /home/anirban/ccs_workspace2/Servo_motor/libdriver.a(sysctl.o)
                0x0000000000001e64                SysCtlFlashSectorSizeGet
 .text.SysCtlPeripheralPresent
                0x0000000000001e9c       0x24 /home/anirban/ccs_workspace2/Servo_motor/libdriver.a(sysctl.o)
                0x0000000000001e9c                SysCtlPeripheralPresent
 .text.SysCtlPeripheralReady
                0x0000000000001ec0       0x24 /home/anirban/ccs_workspace2/Servo_motor/libdriver.a(sysctl.o)
                0x0000000000001ec0                SysCtlPeripheralReady
 .text.SysCtlPeripheralPowerOn
                0x0000000000001ee4       0x20 /home/anirban/ccs_workspace2/Servo_motor/libdriver.a(sysctl.o)
                0x0000000000001ee4                SysCtlPeripheralPowerOn
 .text.SysCtlPeripheralPowerOff
                0x0000000000001f04       0x20 /home/anirban/ccs_workspace2/Servo_motor/libdriver.a(sysctl.o)
                0x0000000000001f04                SysCtlPeripheralPowerOff
 .text.SysCtlPeripheralReset
                0x0000000000001f24       0x38 /home/anirban/ccs_workspace2/Servo_motor/libdriver.a(sysctl.o)
                0x0000000000001f24                SysCtlPeripheralReset
 .text.SysCtlPeripheralEnable
                0x0000000000001f5c       0x20 /home/anirban/ccs_workspace2/Servo_motor/libdriver.a(sysctl.o)
                0x0000000000001f5c                SysCtlPeripheralEnable
 .text.SysCtlPeripheralDisable
                0x0000000000001f7c       0x20 /home/anirban/ccs_workspace2/Servo_motor/libdriver.a(sysctl.o)
                0x0000000000001f7c                SysCtlPeripheralDisable
 .text.SysCtlPeripheralSleepEnable
                0x0000000000001f9c       0x20 /home/anirban/ccs_workspace2/Servo_motor/libdriver.a(sysctl.o)
                0x0000000000001f9c                SysCtlPeripheralSleepEnable
 .text.SysCtlPeripheralSleepDisable
                0x0000000000001fbc       0x20 /home/anirban/ccs_workspace2/Servo_motor/libdriver.a(sysctl.o)
                0x0000000000001fbc                SysCtlPeripheralSleepDisable
 .text.SysCtlPeripheralDeepSleepEnable
                0x0000000000001fdc       0x20 /home/anirban/ccs_workspace2/Servo_motor/libdriver.a(sysctl.o)
                0x0000000000001fdc                SysCtlPeripheralDeepSleepEnable
 .text.SysCtlPeripheralDeepSleepDisable
                0x0000000000001ffc       0x20 /home/anirban/ccs_workspace2/Servo_motor/libdriver.a(sysctl.o)
                0x0000000000001ffc                SysCtlPeripheralDeepSleepDisable
 .text.SysCtlPeripheralClockGating
                0x000000000000201c       0x48 /home/anirban/ccs_workspace2/Servo_motor/libdriver.a(sysctl.o)
                0x000000000000201c                SysCtlPeripheralClockGating
 .text.SysCtlIntRegister
                0x0000000000002064       0x14 /home/anirban/ccs_workspace2/Servo_motor/libdriver.a(sysctl.o)
                0x0000000000002064                SysCtlIntRegister
 .text.SysCtlIntUnregister
                0x0000000000002078       0x12 /home/anirban/ccs_workspace2/Servo_motor/libdriver.a(sysctl.o)
                0x0000000000002078                SysCtlIntUnregister
 *fill*         0x000000000000208a        0x2 
 .text.SysCtlIntEnable
                0x000000000000208c       0x10 /home/anirban/ccs_workspace2/Servo_motor/libdriver.a(sysctl.o)
                0x000000000000208c                SysCtlIntEnable
 .text.SysCtlIntDisable
                0x000000000000209c       0x10 /home/anirban/ccs_workspace2/Servo_motor/libdriver.a(sysctl.o)
                0x000000000000209c                SysCtlIntDisable
 .text.SysCtlIntClear
                0x00000000000020ac        0xc /home/anirban/ccs_workspace2/Servo_motor/libdriver.a(sysctl.o)
                0x00000000000020ac                SysCtlIntClear
 .text.SysCtlIntStatus
                0x00000000000020b8       0x14 /home/anirban/ccs_workspace2/Servo_motor/libdriver.a(sysctl.o)
                0x00000000000020b8                SysCtlIntStatus
 .text.SysCtlLDOSleepSet
                0x00000000000020cc        0xc /home/anirban/ccs_workspace2/Servo_motor/libdriver.a(sysctl.o)
                0x00000000000020cc                SysCtlLDOSleepSet
 .text.SysCtlLDOSleepGet
                0x00000000000020d8        0xc /home/anirban/ccs_workspace2/Servo_motor/libdriver.a(sysctl.o)
                0x00000000000020d8                SysCtlLDOSleepGet
 .text.SysCtlLDODeepSleepSet
                0x00000000000020e4        0xc /home/anirban/ccs_workspace2/Servo_motor/libdriver.a(sysctl.o)
                0x00000000000020e4                SysCtlLDODeepSleepSet
 .text.SysCtlLDODeepSleepGet
                0x00000000000020f0        0xc /home/anirban/ccs_workspace2/Servo_motor/libdriver.a(sysctl.o)
                0x00000000000020f0                SysCtlLDODeepSleepGet
 .text.SysCtlSleepPowerSet
                0x00000000000020fc        0xc /home/anirban/ccs_workspace2/Servo_motor/libdriver.a(sysctl.o)
                0x00000000000020fc                SysCtlSleepPowerSet
 .text.SysCtlDeepSleepPowerSet
                0x0000000000002108        0xc /home/anirban/ccs_workspace2/Servo_motor/libdriver.a(sysctl.o)
                0x0000000000002108                SysCtlDeepSleepPowerSet
 .text.SysCtlReset
                0x0000000000002114       0x10 /home/anirban/ccs_workspace2/Servo_motor/libdriver.a(sysctl.o)
                0x0000000000002114                SysCtlReset
 .text.SysCtlSleep
                0x0000000000002124        0x4 /home/anirban/ccs_workspace2/Servo_motor/libdriver.a(sysctl.o)
                0x0000000000002124                SysCtlSleep
 .text.SysCtlDeepSleep
                0x0000000000002128       0x20 /home/anirban/ccs_workspace2/Servo_motor/libdriver.a(sysctl.o)
                0x0000000000002128                SysCtlDeepSleep
 .text.SysCtlResetCauseGet
                0x0000000000002148        0xc /home/anirban/ccs_workspace2/Servo_motor/libdriver.a(sysctl.o)
                0x0000000000002148                SysCtlResetCauseGet
 .text.SysCtlResetCauseClear
                0x0000000000002154       0x10 /home/anirban/ccs_workspace2/Servo_motor/libdriver.a(sysctl.o)
                0x0000000000002154                SysCtlResetCauseClear
 .text.SysCtlDelay
                0x0000000000002164        0x8 /home/anirban/ccs_workspace2/Servo_motor/libdriver.a(sysctl.o)
                0x0000000000002164                SysCtlDelay
 .text.SysCtlMOSCConfigSet
                0x000000000000216c        0xc /home/anirban/ccs_workspace2/Servo_motor/libdriver.a(sysctl.o)
                0x000000000000216c                SysCtlMOSCConfigSet
 .text.SysCtlPIOSCCalibrate
                0x0000000000002178       0x48 /home/anirban/ccs_workspace2/Servo_motor/libdriver.a(sysctl.o)
                0x0000000000002178                SysCtlPIOSCCalibrate
 .text.SysCtlResetBehaviorSet
                0x00000000000021c0        0xc /home/anirban/ccs_workspace2/Servo_motor/libdriver.a(sysctl.o)
                0x00000000000021c0                SysCtlResetBehaviorSet
 .text.SysCtlResetBehaviorGet
                0x00000000000021cc        0xc /home/anirban/ccs_workspace2/Servo_motor/libdriver.a(sysctl.o)
                0x00000000000021cc                SysCtlResetBehaviorGet
 .text.SysCtlClockFreqSet
                0x00000000000021d8      0x234 /home/anirban/ccs_workspace2/Servo_motor/libdriver.a(sysctl.o)
                0x00000000000021d8                SysCtlClockFreqSet
 .text.SysCtlClockSet
                0x000000000000240c      0x114 /home/anirban/ccs_workspace2/Servo_motor/libdriver.a(sysctl.o)
                0x000000000000240c                SysCtlClockSet
 .text.SysCtlClockGet
                0x0000000000002520      0x160 /home/anirban/ccs_workspace2/Servo_motor/libdriver.a(sysctl.o)
                0x0000000000002520                SysCtlClockGet
 .text.SysCtlDeepSleepClockSet
                0x0000000000002680        0xc /home/anirban/ccs_workspace2/Servo_motor/libdriver.a(sysctl.o)
                0x0000000000002680                SysCtlDeepSleepClockSet
 .text.SysCtlDeepSleepClockConfigSet
                0x000000000000268c       0x60 /home/anirban/ccs_workspace2/Servo_motor/libdriver.a(sysctl.o)
                0x000000000000268c                SysCtlDeepSleepClockConfigSet
 .text.SysCtlPWMClockSet
                0x00000000000026ec       0x14 /home/anirban/ccs_workspace2/Servo_motor/libdriver.a(sysctl.o)
                0x00000000000026ec                SysCtlPWMClockSet
 .text.SysCtlPWMClockGet
                0x0000000000002700       0x18 /home/anirban/ccs_workspace2/Servo_motor/libdriver.a(sysctl.o)
                0x0000000000002700                SysCtlPWMClockGet
 .text.SysCtlGPIOAHBEnable
                0x0000000000002718       0x18 /home/anirban/ccs_workspace2/Servo_motor/libdriver.a(sysctl.o)
                0x0000000000002718                SysCtlGPIOAHBEnable
 .text.SysCtlGPIOAHBDisable
                0x0000000000002730       0x1c /home/anirban/ccs_workspace2/Servo_motor/libdriver.a(sysctl.o)
                0x0000000000002730                SysCtlGPIOAHBDisable
 .text.SysCtlUSBPLLEnable
                0x000000000000274c       0x10 /home/anirban/ccs_workspace2/Servo_motor/libdriver.a(sysctl.o)
                0x000000000000274c                SysCtlUSBPLLEnable
 .text.SysCtlUSBPLLDisable
                0x000000000000275c       0x10 /home/anirban/ccs_workspace2/Servo_motor/libdriver.a(sysctl.o)
                0x000000000000275c                SysCtlUSBPLLDisable
 .text.SysCtlVoltageEventConfig
                0x000000000000276c        0xc /home/anirban/ccs_workspace2/Servo_motor/libdriver.a(sysctl.o)
                0x000000000000276c                SysCtlVoltageEventConfig
 .text.SysCtlVoltageEventStatus
                0x0000000000002778        0xc /home/anirban/ccs_workspace2/Servo_motor/libdriver.a(sysctl.o)
                0x0000000000002778                SysCtlVoltageEventStatus
 .text.SysCtlVoltageEventClear
                0x0000000000002784       0x10 /home/anirban/ccs_workspace2/Servo_motor/libdriver.a(sysctl.o)
                0x0000000000002784                SysCtlVoltageEventClear
 .text.SysCtlNMIStatus
                0x0000000000002794        0xc /home/anirban/ccs_workspace2/Servo_motor/libdriver.a(sysctl.o)
                0x0000000000002794                SysCtlNMIStatus
 .text.SysCtlNMIClear
                0x00000000000027a0       0x10 /home/anirban/ccs_workspace2/Servo_motor/libdriver.a(sysctl.o)
                0x00000000000027a0                SysCtlNMIClear
 .text.SysCtlClockOutConfig
                0x00000000000027b0       0x10 /home/anirban/ccs_workspace2/Servo_motor/libdriver.a(sysctl.o)
                0x00000000000027b0                SysCtlClockOutConfig
 .text.SysCtlAltClkConfig
                0x00000000000027c0        0xc /home/anirban/ccs_workspace2/Servo_motor/libdriver.a(sysctl.o)
                0x00000000000027c0                SysCtlAltClkConfig
 .text.CPUcpsid
                0x00000000000027cc        0x8 /home/anirban/ccs_workspace2/Servo_motor/libdriver.a(cpu.o)
                0x00000000000027cc                CPUcpsid
 .text.CPUprimask
                0x00000000000027d4        0x6 /home/anirban/ccs_workspace2/Servo_motor/libdriver.a(cpu.o)
                0x00000000000027d4                CPUprimask
 .text.CPUcpsie
                0x00000000000027da        0x8 /home/anirban/ccs_workspace2/Servo_motor/libdriver.a(cpu.o)
                0x00000000000027da                CPUcpsie
 .text.CPUwfi   0x00000000000027e2        0x4 /home/anirban/ccs_workspace2/Servo_motor/libdriver.a(cpu.o)
                0x00000000000027e2                CPUwfi
 .text.CPUbasepriSet
                0x00000000000027e6        0x6 /home/anirban/ccs_workspace2/Servo_motor/libdriver.a(cpu.o)
                0x00000000000027e6                CPUbasepriSet
 .text.CPUbasepriGet
                0x00000000000027ec        0x6 /home/anirban/ccs_workspace2/Servo_motor/libdriver.a(cpu.o)
                0x00000000000027ec                CPUbasepriGet
 *fill*         0x00000000000027f2        0x2 
 .text.exit     0x00000000000027f4       0x20 /home/anirban/ti/ccs1020/ccs/tools/compiler/gcc-arm-none-eabi-7-2017-q4-major/bin/../lib/gcc/arm-none-eabi/7.2.1/../../../../arm-none-eabi/lib/thumb/v7e-m/libg.a(lib_a-exit.o)
                0x00000000000027f4                exit
 .text.__libc_init_array
                0x0000000000002814       0x48 /home/anirban/ti/ccs1020/ccs/tools/compiler/gcc-arm-none-eabi-7-2017-q4-major/bin/../lib/gcc/arm-none-eabi/7.2.1/../../../../arm-none-eabi/lib/thumb/v7e-m/libg.a(lib_a-init.o)
                0x0000000000002814                __libc_init_array
 .text.memset   0x000000000000285c       0x94 /home/anirban/ti/ccs1020/ccs/tools/compiler/gcc-arm-none-eabi-7-2017-q4-major/bin/../lib/gcc/arm-none-eabi/7.2.1/../../../../arm-none-eabi/lib/thumb/v7e-m/libg.a(lib_a-memset.o)
                0x000000000000285c                memset
 .text.startup.register_fini
                0x00000000000028f0       0x14 /home/anirban/ti/ccs1020/ccs/tools/compiler/gcc-arm-none-eabi-7-2017-q4-major/bin/../lib/gcc/arm-none-eabi/7.2.1/../../../../arm-none-eabi/lib/thumb/v7e-m/libg.a(lib_a-__call_atexit.o)
 .text.__call_exitprocs
                0x0000000000002904       0xe8 /home/anirban/ti/ccs1020/ccs/tools/compiler/gcc-arm-none-eabi-7-2017-q4-major/bin/../lib/gcc/arm-none-eabi/7.2.1/../../../../arm-none-eabi/lib/thumb/v7e-m/libg.a(lib_a-__call_atexit.o)
                0x0000000000002904                __call_exitprocs
 .text.atexit   0x00000000000029ec        0xc /home/anirban/ti/ccs1020/ccs/tools/compiler/gcc-arm-none-eabi-7-2017-q4-major/bin/../lib/gcc/arm-none-eabi/7.2.1/../../../../arm-none-eabi/lib/thumb/v7e-m/libg.a(lib_a-atexit.o)
                0x00000000000029ec                atexit
 .text.__libc_fini_array
                0x00000000000029f8       0x34 /home/anirban/ti/ccs1020/ccs/tools/compiler/gcc-arm-none-eabi-7-2017-q4-major/bin/../lib/gcc/arm-none-eabi/7.2.1/../../../../arm-none-eabi/lib/thumb/v7e-m/libg.a(lib_a-fini.o)
                0x00000000000029f8                __libc_fini_array
 .text.__retarget_lock_init
                0x0000000000002a2c        0x4 /home/anirban/ti/ccs1020/ccs/tools/compiler/gcc-arm-none-eabi-7-2017-q4-major/bin/../lib/gcc/arm-none-eabi/7.2.1/../../../../arm-none-eabi/lib/thumb/v7e-m/libg.a(lib_a-lock.o)
                0x0000000000002a2c                __retarget_lock_init
 .text.__retarget_lock_init_recursive
                0x0000000000002a30        0x4 /home/anirban/ti/ccs1020/ccs/tools/compiler/gcc-arm-none-eabi-7-2017-q4-major/bin/../lib/gcc/arm-none-eabi/7.2.1/../../../../arm-none-eabi/lib/thumb/v7e-m/libg.a(lib_a-lock.o)
                0x0000000000002a30                __retarget_lock_init_recursive
 .text.__retarget_lock_close
                0x0000000000002a34        0x4 /home/anirban/ti/ccs1020/ccs/tools/compiler/gcc-arm-none-eabi-7-2017-q4-major/bin/../lib/gcc/arm-none-eabi/7.2.1/../../../../arm-none-eabi/lib/thumb/v7e-m/libg.a(lib_a-lock.o)
                0x0000000000002a34                __retarget_lock_close
 .text.__retarget_lock_close_recursive
                0x0000000000002a38        0x4 /home/anirban/ti/ccs1020/ccs/tools/compiler/gcc-arm-none-eabi-7-2017-q4-major/bin/../lib/gcc/arm-none-eabi/7.2.1/../../../../arm-none-eabi/lib/thumb/v7e-m/libg.a(lib_a-lock.o)
                0x0000000000002a38                __retarget_lock_close_recursive
 .text.__retarget_lock_acquire
                0x0000000000002a3c        0x4 /home/anirban/ti/ccs1020/ccs/tools/compiler/gcc-arm-none-eabi-7-2017-q4-major/bin/../lib/gcc/arm-none-eabi/7.2.1/../../../../arm-none-eabi/lib/thumb/v7e-m/libg.a(lib_a-lock.o)
                0x0000000000002a3c                __retarget_lock_acquire
 .text.__retarget_lock_acquire_recursive
                0x0000000000002a40        0x4 /home/anirban/ti/ccs1020/ccs/tools/compiler/gcc-arm-none-eabi-7-2017-q4-major/bin/../lib/gcc/arm-none-eabi/7.2.1/../../../../arm-none-eabi/lib/thumb/v7e-m/libg.a(lib_a-lock.o)
                0x0000000000002a40                __retarget_lock_acquire_recursive
 .text.__retarget_lock_try_acquire
                0x0000000000002a44        0x4 /home/anirban/ti/ccs1020/ccs/tools/compiler/gcc-arm-none-eabi-7-2017-q4-major/bin/../lib/gcc/arm-none-eabi/7.2.1/../../../../arm-none-eabi/lib/thumb/v7e-m/libg.a(lib_a-lock.o)
                0x0000000000002a44                __retarget_lock_try_acquire
 .text.__retarget_lock_try_acquire_recursive
                0x0000000000002a48        0x4 /home/anirban/ti/ccs1020/ccs/tools/compiler/gcc-arm-none-eabi-7-2017-q4-major/bin/../lib/gcc/arm-none-eabi/7.2.1/../../../../arm-none-eabi/lib/thumb/v7e-m/libg.a(lib_a-lock.o)
                0x0000000000002a48                __retarget_lock_try_acquire_recursive
 .text.__retarget_lock_release
                0x0000000000002a4c        0x4 /home/anirban/ti/ccs1020/ccs/tools/compiler/gcc-arm-none-eabi-7-2017-q4-major/bin/../lib/gcc/arm-none-eabi/7.2.1/../../../../arm-none-eabi/lib/thumb/v7e-m/libg.a(lib_a-lock.o)
                0x0000000000002a4c                __retarget_lock_release
 .text.__retarget_lock_release_recursive
                0x0000000000002a50        0x4 /home/anirban/ti/ccs1020/ccs/tools/compiler/gcc-arm-none-eabi-7-2017-q4-major/bin/../lib/gcc/arm-none-eabi/7.2.1/../../../../arm-none-eabi/lib/thumb/v7e-m/libg.a(lib_a-lock.o)
                0x0000000000002a50                __retarget_lock_release_recursive
 .text.__register_exitproc
                0x0000000000002a54       0xc0 /home/anirban/ti/ccs1020/ccs/tools/compiler/gcc-arm-none-eabi-7-2017-q4-major/bin/../lib/gcc/arm-none-eabi/7.2.1/../../../../arm-none-eabi/lib/thumb/v7e-m/libg.a(lib_a-__atexit.o)
                0x0000000000002a54                __register_exitproc
 .text._exit    0x0000000000002b14        0x4 /home/anirban/ti/ccs1020/ccs/tools/compiler/gcc-arm-none-eabi-7-2017-q4-major/bin/../lib/gcc/arm-none-eabi/7.2.1/../../../../arm-none-eabi/lib/thumb/v7e-m/libnosys.a(_exit.o)
                0x0000000000002b14                _exit
                0x0000000000002b18                . = ALIGN (0x4)
 *(.ctors)
                0x0000000000002b18                . = ALIGN (0x4)
 *(.dtors)
                0x0000000000002b18                . = ALIGN (0x4)
                0x0000000000002b18                __init_array_start = .
 *(.init_array*)
 .init_array    0x0000000000002b18        0x4 /home/anirban/ti/ccs1020/ccs/tools/compiler/gcc-arm-none-eabi-7-2017-q4-major/bin/../lib/gcc/arm-none-eabi/7.2.1/thumb/v7e-m/crtbegin.o
 .init_array.00000
                0x0000000000002b1c        0x4 /home/anirban/ti/ccs1020/ccs/tools/compiler/gcc-arm-none-eabi-7-2017-q4-major/bin/../lib/gcc/arm-none-eabi/7.2.1/../../../../arm-none-eabi/lib/thumb/v7e-m/libg.a(lib_a-__call_atexit.o)
                0x0000000000002b20                __init_array_end = .
 *(.init)
 .init          0x0000000000002b20        0x4 /home/anirban/ti/ccs1020/ccs/tools/compiler/gcc-arm-none-eabi-7-2017-q4-major/bin/../lib/gcc/arm-none-eabi/7.2.1/thumb/v7e-m/crti.o
                0x0000000000002b20                _init
 .init          0x0000000000002b24        0x8 /home/anirban/ti/ccs1020/ccs/tools/compiler/gcc-arm-none-eabi-7-2017-q4-major/bin/../lib/gcc/arm-none-eabi/7.2.1/thumb/v7e-m/crtn.o
 *(.fini*)
 .fini          0x0000000000002b2c        0x4 /home/anirban/ti/ccs1020/ccs/tools/compiler/gcc-arm-none-eabi-7-2017-q4-major/bin/../lib/gcc/arm-none-eabi/7.2.1/thumb/v7e-m/crti.o
                0x0000000000002b2c                _fini
 .fini_array    0x0000000000002b30        0x4 /home/anirban/ti/ccs1020/ccs/tools/compiler/gcc-arm-none-eabi-7-2017-q4-major/bin/../lib/gcc/arm-none-eabi/7.2.1/thumb/v7e-m/crtbegin.o
 .fini          0x0000000000002b34        0x8 /home/anirban/ti/ccs1020/ccs/tools/compiler/gcc-arm-none-eabi-7-2017-q4-major/bin/../lib/gcc/arm-none-eabi/7.2.1/thumb/v7e-m/crtn.o
                [!provide]                        PROVIDE (__etext, .)
                [!provide]                        PROVIDE (_etext, .)
                [!provide]                        PROVIDE (etext, .)

.glue_7         0x0000000000002b3c        0x0
 .glue_7        0x0000000000002b3c        0x0 linker stubs

.glue_7t        0x0000000000002b3c        0x0
 .glue_7t       0x0000000000002b3c        0x0 linker stubs

.vfp11_veneer   0x0000000000002b3c        0x0
 .vfp11_veneer  0x0000000000002b3c        0x0 linker stubs

.v4_bx          0x0000000000002b3c        0x0
 .v4_bx         0x0000000000002b3c        0x0 linker stubs

.iplt           0x0000000000002b3c        0x0
 .iplt          0x0000000000002b3c        0x0 /home/anirban/ti/ccs1020/ccs/tools/compiler/gcc-arm-none-eabi-7-2017-q4-major/bin/../lib/gcc/arm-none-eabi/7.2.1/thumb/v7e-m/crtbegin.o

.rodata         0x0000000000002b3c      0x4e4
 *(.rodata)
 *(.rodata*)
 .rodata.g_ppui32GPIOIntMapBlizzard
                0x0000000000002b3c       0xc0 /home/anirban/ccs_workspace2/Servo_motor/libdriver.a(gpio.o)
 .rodata.g_ppui32GPIOIntMapSnowflake
                0x0000000000002bfc       0xc0 /home/anirban/ccs_workspace2/Servo_motor/libdriver.a(gpio.o)
 .rodata.g_pui32GPIOBaseAddrs
                0x0000000000002cbc       0x90 /home/anirban/ccs_workspace2/Servo_motor/libdriver.a(gpio.o)
 .rodata.g_pui32Dii16Regs
                0x0000000000002d4c       0x14 /home/anirban/ccs_workspace2/Servo_motor/libdriver.a(interrupt.o)
 .rodata.g_pui32EnRegs
                0x0000000000002d60       0x14 /home/anirban/ccs_workspace2/Servo_motor/libdriver.a(interrupt.o)
 .rodata.g_pui32PendRegs
                0x0000000000002d74       0x14 /home/anirban/ccs_workspace2/Servo_motor/libdriver.a(interrupt.o)
 .rodata.g_pui32Priority
                0x0000000000002d88       0x20 /home/anirban/ccs_workspace2/Servo_motor/libdriver.a(interrupt.o)
 .rodata.g_pui32Regs
                0x0000000000002da8       0x9c /home/anirban/ccs_workspace2/Servo_motor/libdriver.a(interrupt.o)
 .rodata.g_pui32UnpendRegs
                0x0000000000002e44       0x14 /home/anirban/ccs_workspace2/Servo_motor/libdriver.a(interrupt.o)
 .rodata.g_pppui32XTALtoVCO
                0x0000000000002e58      0x120 /home/anirban/ccs_workspace2/Servo_motor/libdriver.a(sysctl.o)
 .rodata.g_pui32VCOFrequencies
                0x0000000000002f78        0x8 /home/anirban/ccs_workspace2/Servo_motor/libdriver.a(sysctl.o)
 .rodata.g_pui32Xtals
                0x0000000000002f80       0x6c /home/anirban/ccs_workspace2/Servo_motor/libdriver.a(sysctl.o)
 .rodata.g_sXTALtoMEMTIM
                0x0000000000002fec       0x30 /home/anirban/ccs_workspace2/Servo_motor/libdriver.a(sysctl.o)
 .rodata._global_impure_ptr
                0x000000000000301c        0x4 /home/anirban/ti/ccs1020/ccs/tools/compiler/gcc-arm-none-eabi-7-2017-q4-major/bin/../lib/gcc/arm-none-eabi/7.2.1/../../../../arm-none-eabi/lib/thumb/v7e-m/libg.a(lib_a-impure.o)
                0x000000000000301c                _global_impure_ptr

.eh_frame       0x0000000000003020        0x4
 .eh_frame      0x0000000000003020        0x0 /home/anirban/ti/ccs1020/ccs/tools/compiler/gcc-arm-none-eabi-7-2017-q4-major/bin/../lib/gcc/arm-none-eabi/7.2.1/thumb/v7e-m/crtbegin.o
 .eh_frame      0x0000000000003020        0x4 /home/anirban/ti/ccs1020/ccs/tools/compiler/gcc-arm-none-eabi-7-2017-q4-major/bin/../lib/gcc/arm-none-eabi/7.2.1/thumb/v7e-m/crtend.o

.data           0x0000000020000000      0x434 load address 0x0000000000003024
                0x0000000000003024                __data_load__ = LOADADDR (.data)
                0x0000000020000000                __data_start__ = .
 *(.data)
 .data          0x0000000020000000        0x0 /home/anirban/ti/ccs1020/ccs/tools/compiler/gcc-arm-none-eabi-7-2017-q4-major/bin/../lib/gcc/arm-none-eabi/7.2.1/thumb/v7e-m/crti.o
 .data          0x0000000020000000        0x4 /home/anirban/ti/ccs1020/ccs/tools/compiler/gcc-arm-none-eabi-7-2017-q4-major/bin/../lib/gcc/arm-none-eabi/7.2.1/thumb/v7e-m/crtbegin.o
                0x0000000020000000                __dso_handle
 .data          0x0000000020000004        0x0 /home/anirban/ti/ccs1020/ccs/tools/compiler/gcc-arm-none-eabi-7-2017-q4-major/bin/../lib/gcc/arm-none-eabi/7.2.1/../../../../arm-none-eabi/lib/thumb/v7e-m/crt0.o
 .data          0x0000000020000004        0x0 ./main.o
 .data          0x0000000020000004        0x0 ./tm4c123gh6pm_startup_ccs_gcc.o
 .data          0x0000000020000004        0x0 /home/anirban/ccs_workspace2/Servo_motor/libdriver.a(gpio.o)
 .data          0x0000000020000004        0x0 /home/anirban/ccs_workspace2/Servo_motor/libdriver.a(interrupt.o)
 .data          0x0000000020000004        0x0 /home/anirban/ccs_workspace2/Servo_motor/libdriver.a(pwm.o)
 .data          0x0000000020000004        0x0 /home/anirban/ccs_workspace2/Servo_motor/libdriver.a(sysctl.o)
 .data          0x0000000020000004        0x0 /home/anirban/ccs_workspace2/Servo_motor/libdriver.a(cpu.o)
 .data          0x0000000020000004        0x0 /home/anirban/ti/ccs1020/ccs/tools/compiler/gcc-arm-none-eabi-7-2017-q4-major/bin/../lib/gcc/arm-none-eabi/7.2.1/thumb/v7e-m/libgcc.a(_arm_addsubdf3.o)
 .data          0x0000000020000004        0x0 /home/anirban/ti/ccs1020/ccs/tools/compiler/gcc-arm-none-eabi-7-2017-q4-major/bin/../lib/gcc/arm-none-eabi/7.2.1/thumb/v7e-m/libgcc.a(_arm_muldivdf3.o)
 .data          0x0000000020000004        0x0 /home/anirban/ti/ccs1020/ccs/tools/compiler/gcc-arm-none-eabi-7-2017-q4-major/bin/../lib/gcc/arm-none-eabi/7.2.1/thumb/v7e-m/libgcc.a(_arm_truncdfsf2.o)
 .data          0x0000000020000004        0x0 /home/anirban/ti/ccs1020/ccs/tools/compiler/gcc-arm-none-eabi-7-2017-q4-major/bin/../lib/gcc/arm-none-eabi/7.2.1/thumb/v7e-m/libgcc.a(_arm_addsubsf3.o)
 .data          0x0000000020000004        0x0 /home/anirban/ti/ccs1020/ccs/tools/compiler/gcc-arm-none-eabi-7-2017-q4-major/bin/../lib/gcc/arm-none-eabi/7.2.1/thumb/v7e-m/libgcc.a(_arm_fixsfsi.o)
 .data          0x0000000020000004        0x0 /home/anirban/ti/ccs1020/ccs/tools/compiler/gcc-arm-none-eabi-7-2017-q4-major/bin/../lib/gcc/arm-none-eabi/7.2.1/../../../../arm-none-eabi/lib/thumb/v7e-m/libg.a(lib_a-exit.o)
 .data          0x0000000020000004        0x0 /home/anirban/ti/ccs1020/ccs/tools/compiler/gcc-arm-none-eabi-7-2017-q4-major/bin/../lib/gcc/arm-none-eabi/7.2.1/../../../../arm-none-eabi/lib/thumb/v7e-m/libg.a(lib_a-impure.o)
 .data          0x0000000020000004        0x0 /home/anirban/ti/ccs1020/ccs/tools/compiler/gcc-arm-none-eabi-7-2017-q4-major/bin/../lib/gcc/arm-none-eabi/7.2.1/../../../../arm-none-eabi/lib/thumb/v7e-m/libg.a(lib_a-init.o)
 .data          0x0000000020000004        0x0 /home/anirban/ti/ccs1020/ccs/tools/compiler/gcc-arm-none-eabi-7-2017-q4-major/bin/../lib/gcc/arm-none-eabi/7.2.1/../../../../arm-none-eabi/lib/thumb/v7e-m/libg.a(lib_a-memset.o)
 .data          0x0000000020000004        0x0 /home/anirban/ti/ccs1020/ccs/tools/compiler/gcc-arm-none-eabi-7-2017-q4-major/bin/../lib/gcc/arm-none-eabi/7.2.1/../../../../arm-none-eabi/lib/thumb/v7e-m/libg.a(lib_a-__call_atexit.o)
 .data          0x0000000020000004        0x0 /home/anirban/ti/ccs1020/ccs/tools/compiler/gcc-arm-none-eabi-7-2017-q4-major/bin/../lib/gcc/arm-none-eabi/7.2.1/../../../../arm-none-eabi/lib/thumb/v7e-m/libg.a(lib_a-atexit.o)
 .data          0x0000000020000004        0x0 /home/anirban/ti/ccs1020/ccs/tools/compiler/gcc-arm-none-eabi-7-2017-q4-major/bin/../lib/gcc/arm-none-eabi/7.2.1/../../../../arm-none-eabi/lib/thumb/v7e-m/libg.a(lib_a-fini.o)
 .data          0x0000000020000004        0x0 /home/anirban/ti/ccs1020/ccs/tools/compiler/gcc-arm-none-eabi-7-2017-q4-major/bin/../lib/gcc/arm-none-eabi/7.2.1/../../../../arm-none-eabi/lib/thumb/v7e-m/libg.a(lib_a-lock.o)
 .data          0x0000000020000004        0x0 /home/anirban/ti/ccs1020/ccs/tools/compiler/gcc-arm-none-eabi-7-2017-q4-major/bin/../lib/gcc/arm-none-eabi/7.2.1/../../../../arm-none-eabi/lib/thumb/v7e-m/libg.a(lib_a-__atexit.o)
 .data          0x0000000020000004        0x0 /home/anirban/ti/ccs1020/ccs/tools/compiler/gcc-arm-none-eabi-7-2017-q4-major/bin/../lib/gcc/arm-none-eabi/7.2.1/../../../../arm-none-eabi/lib/thumb/v7e-m/libnosys.a(_exit.o)
 .data          0x0000000020000004        0x0 /home/anirban/ti/ccs1020/ccs/tools/compiler/gcc-arm-none-eabi-7-2017-q4-major/bin/../lib/gcc/arm-none-eabi/7.2.1/thumb/v7e-m/crtend.o
 .data          0x0000000020000004        0x0 /home/anirban/ti/ccs1020/ccs/tools/compiler/gcc-arm-none-eabi-7-2017-q4-major/bin/../lib/gcc/arm-none-eabi/7.2.1/thumb/v7e-m/crtn.o
 *(.data*)
 .data._impure_ptr
                0x0000000020000004        0x4 /home/anirban/ti/ccs1020/ccs/tools/compiler/gcc-arm-none-eabi-7-2017-q4-major/bin/../lib/gcc/arm-none-eabi/7.2.1/../../../../arm-none-eabi/lib/thumb/v7e-m/libg.a(lib_a-impure.o)
                0x0000000020000004                _impure_ptr
 .data.impure_data
                0x0000000020000008      0x428 /home/anirban/ti/ccs1020/ccs/tools/compiler/gcc-arm-none-eabi-7-2017-q4-major/bin/../lib/gcc/arm-none-eabi/7.2.1/../../../../arm-none-eabi/lib/thumb/v7e-m/libg.a(lib_a-impure.o)
 .data.__atexit_recursive_mutex
                0x0000000020000430        0x4 /home/anirban/ti/ccs1020/ccs/tools/compiler/gcc-arm-none-eabi-7-2017-q4-major/bin/../lib/gcc/arm-none-eabi/7.2.1/../../../../arm-none-eabi/lib/thumb/v7e-m/libg.a(lib_a-__call_atexit.o)
                0x0000000020000430                __atexit_recursive_mutex
                0x0000000020000434                . = ALIGN (0x4)
                0x0000000020000434                __data_end__ = .

.igot.plt       0x0000000020000434        0x0 load address 0x0000000000003458
 .igot.plt      0x0000000020000434        0x0 /home/anirban/ti/ccs1020/ccs/tools/compiler/gcc-arm-none-eabi-7-2017-q4-major/bin/../lib/gcc/arm-none-eabi/7.2.1/thumb/v7e-m/crtbegin.o

vtable          0x0000000020000800      0x26c load address 0x0000000000003458
 vtable         0x0000000020000800      0x26c /home/anirban/ccs_workspace2/Servo_motor/libdriver.a(interrupt.o)

.ARM.exidx      0x00000000000036c4        0x8
                0x00000000000036c4                __exidx_start = .
 *(.ARM.exidx* .gnu.linkonce.armexidx.*)
 .ARM.exidx     0x00000000000036c4        0x8 /home/anirban/ti/ccs1020/ccs/tools/compiler/gcc-arm-none-eabi-7-2017-q4-major/bin/../lib/gcc/arm-none-eabi/7.2.1/../../../../arm-none-eabi/lib/thumb/v7e-m/crt0.o
                0x00000000000036cc                __exidx_end = .

.ARM.extab      0x00000000000036cc        0x0
 *(.ARM.extab* .gnu.linkonce.armextab.*)
 .ARM.extab     0x00000000000036cc        0x0 /home/anirban/ti/ccs1020/ccs/tools/compiler/gcc-arm-none-eabi-7-2017-q4-major/bin/../lib/gcc/arm-none-eabi/7.2.1/../../../../arm-none-eabi/lib/thumb/v7e-m/crt0.o

.rel.dyn        0x00000000000036cc        0x0
 .rel.iplt      0x00000000000036cc        0x0 /home/anirban/ti/ccs1020/ccs/tools/compiler/gcc-arm-none-eabi-7-2017-q4-major/bin/../lib/gcc/arm-none-eabi/7.2.1/thumb/v7e-m/crtbegin.o

.bss            0x0000000020000a6c      0x240
                0x0000000020000a6c                __bss_start__ = .
 *(.shbss)
 *(.bss)
 .bss           0x0000000020000a6c        0x0 /home/anirban/ti/ccs1020/ccs/tools/compiler/gcc-arm-none-eabi-7-2017-q4-major/bin/../lib/gcc/arm-none-eabi/7.2.1/thumb/v7e-m/crti.o
 .bss           0x0000000020000a6c       0x1c /home/anirban/ti/ccs1020/ccs/tools/compiler/gcc-arm-none-eabi-7-2017-q4-major/bin/../lib/gcc/arm-none-eabi/7.2.1/thumb/v7e-m/crtbegin.o
 .bss           0x0000000020000a88        0x0 /home/anirban/ti/ccs1020/ccs/tools/compiler/gcc-arm-none-eabi-7-2017-q4-major/bin/../lib/gcc/arm-none-eabi/7.2.1/../../../../arm-none-eabi/lib/thumb/v7e-m/crt0.o
 .bss           0x0000000020000a88        0x0 ./main.o
 .bss           0x0000000020000a88        0x0 ./tm4c123gh6pm_startup_ccs_gcc.o
 .bss           0x0000000020000a88        0x0 /home/anirban/ccs_workspace2/Servo_motor/libdriver.a(gpio.o)
 .bss           0x0000000020000a88        0x0 /home/anirban/ccs_workspace2/Servo_motor/libdriver.a(interrupt.o)
 .bss           0x0000000020000a88        0x0 /home/anirban/ccs_workspace2/Servo_motor/libdriver.a(pwm.o)
 .bss           0x0000000020000a88        0x0 /home/anirban/ccs_workspace2/Servo_motor/libdriver.a(sysctl.o)
 .bss           0x0000000020000a88        0x0 /home/anirban/ccs_workspace2/Servo_motor/libdriver.a(cpu.o)
 .bss           0x0000000020000a88        0x0 /home/anirban/ti/ccs1020/ccs/tools/compiler/gcc-arm-none-eabi-7-2017-q4-major/bin/../lib/gcc/arm-none-eabi/7.2.1/thumb/v7e-m/libgcc.a(_arm_addsubdf3.o)
 .bss           0x0000000020000a88        0x0 /home/anirban/ti/ccs1020/ccs/tools/compiler/gcc-arm-none-eabi-7-2017-q4-major/bin/../lib/gcc/arm-none-eabi/7.2.1/thumb/v7e-m/libgcc.a(_arm_muldivdf3.o)
 .bss           0x0000000020000a88        0x0 /home/anirban/ti/ccs1020/ccs/tools/compiler/gcc-arm-none-eabi-7-2017-q4-major/bin/../lib/gcc/arm-none-eabi/7.2.1/thumb/v7e-m/libgcc.a(_arm_truncdfsf2.o)
 .bss           0x0000000020000a88        0x0 /home/anirban/ti/ccs1020/ccs/tools/compiler/gcc-arm-none-eabi-7-2017-q4-major/bin/../lib/gcc/arm-none-eabi/7.2.1/thumb/v7e-m/libgcc.a(_arm_addsubsf3.o)
 .bss           0x0000000020000a88        0x0 /home/anirban/ti/ccs1020/ccs/tools/compiler/gcc-arm-none-eabi-7-2017-q4-major/bin/../lib/gcc/arm-none-eabi/7.2.1/thumb/v7e-m/libgcc.a(_arm_fixsfsi.o)
 .bss           0x0000000020000a88        0x0 /home/anirban/ti/ccs1020/ccs/tools/compiler/gcc-arm-none-eabi-7-2017-q4-major/bin/../lib/gcc/arm-none-eabi/7.2.1/../../../../arm-none-eabi/lib/thumb/v7e-m/libg.a(lib_a-exit.o)
 .bss           0x0000000020000a88        0x0 /home/anirban/ti/ccs1020/ccs/tools/compiler/gcc-arm-none-eabi-7-2017-q4-major/bin/../lib/gcc/arm-none-eabi/7.2.1/../../../../arm-none-eabi/lib/thumb/v7e-m/libg.a(lib_a-impure.o)
 .bss           0x0000000020000a88        0x0 /home/anirban/ti/ccs1020/ccs/tools/compiler/gcc-arm-none-eabi-7-2017-q4-major/bin/../lib/gcc/arm-none-eabi/7.2.1/../../../../arm-none-eabi/lib/thumb/v7e-m/libg.a(lib_a-init.o)
 .bss           0x0000000020000a88        0x0 /home/anirban/ti/ccs1020/ccs/tools/compiler/gcc-arm-none-eabi-7-2017-q4-major/bin/../lib/gcc/arm-none-eabi/7.2.1/../../../../arm-none-eabi/lib/thumb/v7e-m/libg.a(lib_a-memset.o)
 .bss           0x0000000020000a88        0x0 /home/anirban/ti/ccs1020/ccs/tools/compiler/gcc-arm-none-eabi-7-2017-q4-major/bin/../lib/gcc/arm-none-eabi/7.2.1/../../../../arm-none-eabi/lib/thumb/v7e-m/libg.a(lib_a-__call_atexit.o)
 .bss           0x0000000020000a88        0x0 /home/anirban/ti/ccs1020/ccs/tools/compiler/gcc-arm-none-eabi-7-2017-q4-major/bin/../lib/gcc/arm-none-eabi/7.2.1/../../../../arm-none-eabi/lib/thumb/v7e-m/libg.a(lib_a-atexit.o)
 .bss           0x0000000020000a88        0x0 /home/anirban/ti/ccs1020/ccs/tools/compiler/gcc-arm-none-eabi-7-2017-q4-major/bin/../lib/gcc/arm-none-eabi/7.2.1/../../../../arm-none-eabi/lib/thumb/v7e-m/libg.a(lib_a-fini.o)
 .bss           0x0000000020000a88        0x0 /home/anirban/ti/ccs1020/ccs/tools/compiler/gcc-arm-none-eabi-7-2017-q4-major/bin/../lib/gcc/arm-none-eabi/7.2.1/../../../../arm-none-eabi/lib/thumb/v7e-m/libg.a(lib_a-lock.o)
 .bss           0x0000000020000a88        0x0 /home/anirban/ti/ccs1020/ccs/tools/compiler/gcc-arm-none-eabi-7-2017-q4-major/bin/../lib/gcc/arm-none-eabi/7.2.1/../../../../arm-none-eabi/lib/thumb/v7e-m/libg.a(lib_a-__atexit.o)
 .bss           0x0000000020000a88        0x0 /home/anirban/ti/ccs1020/ccs/tools/compiler/gcc-arm-none-eabi-7-2017-q4-major/bin/../lib/gcc/arm-none-eabi/7.2.1/../../../../arm-none-eabi/lib/thumb/v7e-m/libnosys.a(_exit.o)
 .bss           0x0000000020000a88        0x0 /home/anirban/ti/ccs1020/ccs/tools/compiler/gcc-arm-none-eabi-7-2017-q4-major/bin/../lib/gcc/arm-none-eabi/7.2.1/thumb/v7e-m/crtend.o
 .bss           0x0000000020000a88        0x0 /home/anirban/ti/ccs1020/ccs/tools/compiler/gcc-arm-none-eabi-7-2017-q4-major/bin/../lib/gcc/arm-none-eabi/7.2.1/thumb/v7e-m/crtn.o
 *(.bss.*)
 .bss.pui32Stack
                0x0000000020000a88      0x200 ./tm4c123gh6pm_startup_ccs_gcc.o
 *(COMMON)
 COMMON         0x0000000020000c88       0x21 /home/anirban/ti/ccs1020/ccs/tools/compiler/gcc-arm-none-eabi-7-2017-q4-major/bin/../lib/gcc/arm-none-eabi/7.2.1/../../../../arm-none-eabi/lib/thumb/v7e-m/libg.a(lib_a-lock.o)
                0x0000000020000c88                __lock___atexit_recursive_mutex
                0x0000000020000c8c                __lock___arc4random_mutex
                0x0000000020000c90                __lock___env_recursive_mutex
                0x0000000020000c94                __lock___sinit_recursive_mutex
                0x0000000020000c98                __lock___malloc_recursive_mutex
                0x0000000020000c9c                __lock___at_quick_exit_mutex
                0x0000000020000ca0                __lock___dd_hash_mutex
                0x0000000020000ca4                __lock___tz_mutex
                0x0000000020000ca8                __lock___sfp_recursive_mutex
                0x0000000020000cac                . = ALIGN (0x4)
 *fill*         0x0000000020000ca9        0x3 
                0x0000000020000cac                __bss_end__ = .

.heap           0x0000000020000cac        0x0
                0x0000000020000cac                __heap_start__ = .
                0x0000000020000cac                end = __heap_start__
                0x0000000020000cac                _end = end
                0x0000000020000cac                __end = end
 *(.heap)
                0x0000000020000cac                __heap_end__ = .
                0x0000000020000cac                __HeapLimit = __heap_end__

.stack          0x0000000020000cb0        0x0
                0x0000000020000cb0                _stack = .
                0x0000000020000cb0                __stack = .
 *(.stack)
START GROUP
LOAD /home/anirban/ccs_workspace2/Servo_motor/libdriver.a
END GROUP
LOAD ../libdriver.a
START GROUP
LOAD /home/anirban/ti/ccs1020/ccs/tools/compiler/gcc-arm-none-eabi-7-2017-q4-major/bin/../lib/gcc/arm-none-eabi/7.2.1/thumb/v7e-m/libgcc.a
LOAD /home/anirban/ti/ccs1020/ccs/tools/compiler/gcc-arm-none-eabi-7-2017-q4-major/bin/../lib/gcc/arm-none-eabi/7.2.1/../../../../arm-none-eabi/lib/thumb/v7e-m/libg.a
LOAD /home/anirban/ti/ccs1020/ccs/tools/compiler/gcc-arm-none-eabi-7-2017-q4-major/bin/../lib/gcc/arm-none-eabi/7.2.1/../../../../arm-none-eabi/lib/thumb/v7e-m/libc.a
END GROUP
START GROUP
LOAD /home/anirban/ti/ccs1020/ccs/tools/compiler/gcc-arm-none-eabi-7-2017-q4-major/bin/../lib/gcc/arm-none-eabi/7.2.1/thumb/v7e-m/libgcc.a
LOAD /home/anirban/ti/ccs1020/ccs/tools/compiler/gcc-arm-none-eabi-7-2017-q4-major/bin/../lib/gcc/arm-none-eabi/7.2.1/../../../../arm-none-eabi/lib/thumb/v7e-m/libc.a
LOAD /home/anirban/ti/ccs1020/ccs/tools/compiler/gcc-arm-none-eabi-7-2017-q4-major/bin/../lib/gcc/arm-none-eabi/7.2.1/../../../../arm-none-eabi/lib/thumb/v7e-m/libnosys.a
END GROUP
LOAD /home/anirban/ti/ccs1020/ccs/tools/compiler/gcc-arm-none-eabi-7-2017-q4-major/bin/../lib/gcc/arm-none-eabi/7.2.1/thumb/v7e-m/crtend.o
LOAD /home/anirban/ti/ccs1020/ccs/tools/compiler/gcc-arm-none-eabi-7-2017-q4-major/bin/../lib/gcc/arm-none-eabi/7.2.1/thumb/v7e-m/crtn.o
OUTPUT(Servo_motor5.out elf32-littlearm)

.ARM.attributes
                0x0000000000000000       0x2e
 .ARM.attributes
                0x0000000000000000       0x1e /home/anirban/ti/ccs1020/ccs/tools/compiler/gcc-arm-none-eabi-7-2017-q4-major/bin/../lib/gcc/arm-none-eabi/7.2.1/thumb/v7e-m/crti.o
 .ARM.attributes
                0x000000000000001e       0x2e /home/anirban/ti/ccs1020/ccs/tools/compiler/gcc-arm-none-eabi-7-2017-q4-major/bin/../lib/gcc/arm-none-eabi/7.2.1/thumb/v7e-m/crtbegin.o
 .ARM.attributes
                0x000000000000004c       0x1c /home/anirban/ti/ccs1020/ccs/tools/compiler/gcc-arm-none-eabi-7-2017-q4-major/bin/../lib/gcc/arm-none-eabi/7.2.1/../../../../arm-none-eabi/lib/thumb/v7e-m/crt0.o
 .ARM.attributes
                0x0000000000000068       0x33 ./main.o
 .ARM.attributes
                0x000000000000009b       0x33 ./tm4c123gh6pm_startup_ccs_gcc.o
 .ARM.attributes
                0x00000000000000ce       0x32 /home/anirban/ccs_workspace2/Servo_motor/libdriver.a(gpio.o)
 .ARM.attributes
                0x0000000000000100       0x32 /home/anirban/ccs_workspace2/Servo_motor/libdriver.a(interrupt.o)
 .ARM.attributes
                0x0000000000000132       0x32 /home/anirban/ccs_workspace2/Servo_motor/libdriver.a(pwm.o)
 .ARM.attributes
                0x0000000000000164       0x32 /home/anirban/ccs_workspace2/Servo_motor/libdriver.a(sysctl.o)
 .ARM.attributes
                0x0000000000000196       0x32 /home/anirban/ccs_workspace2/Servo_motor/libdriver.a(cpu.o)
 .ARM.attributes
                0x00000000000001c8       0x1e /home/anirban/ti/ccs1020/ccs/tools/compiler/gcc-arm-none-eabi-7-2017-q4-major/bin/../lib/gcc/arm-none-eabi/7.2.1/thumb/v7e-m/libgcc.a(_arm_addsubdf3.o)
 .ARM.attributes
                0x00000000000001e6       0x1e /home/anirban/ti/ccs1020/ccs/tools/compiler/gcc-arm-none-eabi-7-2017-q4-major/bin/../lib/gcc/arm-none-eabi/7.2.1/thumb/v7e-m/libgcc.a(_arm_muldivdf3.o)
 .ARM.attributes
                0x0000000000000204       0x1e /home/anirban/ti/ccs1020/ccs/tools/compiler/gcc-arm-none-eabi-7-2017-q4-major/bin/../lib/gcc/arm-none-eabi/7.2.1/thumb/v7e-m/libgcc.a(_arm_truncdfsf2.o)
 .ARM.attributes
                0x0000000000000222       0x1e /home/anirban/ti/ccs1020/ccs/tools/compiler/gcc-arm-none-eabi-7-2017-q4-major/bin/../lib/gcc/arm-none-eabi/7.2.1/thumb/v7e-m/libgcc.a(_arm_addsubsf3.o)
 .ARM.attributes
                0x0000000000000240       0x1e /home/anirban/ti/ccs1020/ccs/tools/compiler/gcc-arm-none-eabi-7-2017-q4-major/bin/../lib/gcc/arm-none-eabi/7.2.1/thumb/v7e-m/libgcc.a(_arm_fixsfsi.o)
 .ARM.attributes
                0x000000000000025e       0x2e /home/anirban/ti/ccs1020/ccs/tools/compiler/gcc-arm-none-eabi-7-2017-q4-major/bin/../lib/gcc/arm-none-eabi/7.2.1/../../../../arm-none-eabi/lib/thumb/v7e-m/libg.a(lib_a-exit.o)
 .ARM.attributes
                0x000000000000028c       0x2e /home/anirban/ti/ccs1020/ccs/tools/compiler/gcc-arm-none-eabi-7-2017-q4-major/bin/../lib/gcc/arm-none-eabi/7.2.1/../../../../arm-none-eabi/lib/thumb/v7e-m/libg.a(lib_a-impure.o)
 .ARM.attributes
                0x00000000000002ba       0x2e /home/anirban/ti/ccs1020/ccs/tools/compiler/gcc-arm-none-eabi-7-2017-q4-major/bin/../lib/gcc/arm-none-eabi/7.2.1/../../../../arm-none-eabi/lib/thumb/v7e-m/libg.a(lib_a-init.o)
 .ARM.attributes
                0x00000000000002e8       0x2e /home/anirban/ti/ccs1020/ccs/tools/compiler/gcc-arm-none-eabi-7-2017-q4-major/bin/../lib/gcc/arm-none-eabi/7.2.1/../../../../arm-none-eabi/lib/thumb/v7e-m/libg.a(lib_a-memset.o)
 .ARM.attributes
                0x0000000000000316       0x2e /home/anirban/ti/ccs1020/ccs/tools/compiler/gcc-arm-none-eabi-7-2017-q4-major/bin/../lib/gcc/arm-none-eabi/7.2.1/../../../../arm-none-eabi/lib/thumb/v7e-m/libg.a(lib_a-__call_atexit.o)
 .ARM.attributes
                0x0000000000000344       0x2e /home/anirban/ti/ccs1020/ccs/tools/compiler/gcc-arm-none-eabi-7-2017-q4-major/bin/../lib/gcc/arm-none-eabi/7.2.1/../../../../arm-none-eabi/lib/thumb/v7e-m/libg.a(lib_a-atexit.o)
 .ARM.attributes
                0x0000000000000372       0x2e /home/anirban/ti/ccs1020/ccs/tools/compiler/gcc-arm-none-eabi-7-2017-q4-major/bin/../lib/gcc/arm-none-eabi/7.2.1/../../../../arm-none-eabi/lib/thumb/v7e-m/libg.a(lib_a-fini.o)
 .ARM.attributes
                0x00000000000003a0       0x2e /home/anirban/ti/ccs1020/ccs/tools/compiler/gcc-arm-none-eabi-7-2017-q4-major/bin/../lib/gcc/arm-none-eabi/7.2.1/../../../../arm-none-eabi/lib/thumb/v7e-m/libg.a(lib_a-lock.o)
 .ARM.attributes
                0x00000000000003ce       0x2e /home/anirban/ti/ccs1020/ccs/tools/compiler/gcc-arm-none-eabi-7-2017-q4-major/bin/../lib/gcc/arm-none-eabi/7.2.1/../../../../arm-none-eabi/lib/thumb/v7e-m/libg.a(lib_a-__atexit.o)
 .ARM.attributes
                0x00000000000003fc       0x2e /home/anirban/ti/ccs1020/ccs/tools/compiler/gcc-arm-none-eabi-7-2017-q4-major/bin/../lib/gcc/arm-none-eabi/7.2.1/../../../../arm-none-eabi/lib/thumb/v7e-m/libnosys.a(_exit.o)
 .ARM.attributes
                0x000000000000042a       0x2e /home/anirban/ti/ccs1020/ccs/tools/compiler/gcc-arm-none-eabi-7-2017-q4-major/bin/../lib/gcc/arm-none-eabi/7.2.1/thumb/v7e-m/crtend.o
 .ARM.attributes
                0x0000000000000458       0x1e /home/anirban/ti/ccs1020/ccs/tools/compiler/gcc-arm-none-eabi-7-2017-q4-major/bin/../lib/gcc/arm-none-eabi/7.2.1/thumb/v7e-m/crtn.o

.comment        0x0000000000000000       0xf7
 .comment       0x0000000000000000       0x7e ./main.o
                                         0x7f (size before relaxing)
 .comment       0x000000000000007e       0x7f ./tm4c123gh6pm_startup_ccs_gcc.o
 .comment       0x000000000000007e       0x79 /home/anirban/ccs_workspace2/Servo_motor/libdriver.a(gpio.o)
                                         0x7a (size before relaxing)
 .comment       0x00000000000000f7       0x7a /home/anirban/ccs_workspace2/Servo_motor/libdriver.a(interrupt.o)
 .comment       0x00000000000000f7       0x7a /home/anirban/ccs_workspace2/Servo_motor/libdriver.a(pwm.o)
 .comment       0x00000000000000f7       0x7a /home/anirban/ccs_workspace2/Servo_motor/libdriver.a(sysctl.o)
 .comment       0x00000000000000f7       0x7a /home/anirban/ccs_workspace2/Servo_motor/libdriver.a(cpu.o)

.debug_info     0x0000000000000000      0x40a
 .debug_info    0x0000000000000000      0x27d ./main.o
 .debug_info    0x000000000000027d      0x18d ./tm4c123gh6pm_startup_ccs_gcc.o

.debug_abbrev   0x0000000000000000      0x1b6
 .debug_abbrev  0x0000000000000000       0xec ./main.o
 .debug_abbrev  0x00000000000000ec       0xca ./tm4c123gh6pm_startup_ccs_gcc.o

.debug_aranges  0x0000000000000000       0x90
 .debug_aranges
                0x0000000000000000       0x58 ./main.o
 .debug_aranges
                0x0000000000000058       0x38 ./tm4c123gh6pm_startup_ccs_gcc.o

.debug_ranges   0x0000000000000000       0x70
 .debug_ranges  0x0000000000000000       0x48 ./main.o
 .debug_ranges  0x0000000000000048       0x28 ./tm4c123gh6pm_startup_ccs_gcc.o

.debug_line     0x0000000000000000      0x2b2
 .debug_line    0x0000000000000000      0x12f ./main.o
 .debug_line    0x000000000000012f      0x183 ./tm4c123gh6pm_startup_ccs_gcc.o

.debug_str      0x0000000000000000      0x287
 .debug_str     0x0000000000000000      0x1c1 ./main.o
                                        0x1f5 (size before relaxing)
 .debug_str     0x00000000000001c1       0xc6 ./tm4c123gh6pm_startup_ccs_gcc.o
                                        0x24a (size before relaxing)

.debug_frame    0x0000000000000000      0x570
 .debug_frame   0x0000000000000000      0x124 ./main.o
 .debug_frame   0x0000000000000124       0x7c ./tm4c123gh6pm_startup_ccs_gcc.o
 .debug_frame   0x00000000000001a0       0xac /home/anirban/ti/ccs1020/ccs/tools/compiler/gcc-arm-none-eabi-7-2017-q4-major/bin/../lib/gcc/arm-none-eabi/7.2.1/thumb/v7e-m/libgcc.a(_arm_addsubdf3.o)
 .debug_frame   0x000000000000024c       0x50 /home/anirban/ti/ccs1020/ccs/tools/compiler/gcc-arm-none-eabi-7-2017-q4-major/bin/../lib/gcc/arm-none-eabi/7.2.1/thumb/v7e-m/libgcc.a(_arm_muldivdf3.o)
 .debug_frame   0x000000000000029c       0x24 /home/anirban/ti/ccs1020/ccs/tools/compiler/gcc-arm-none-eabi-7-2017-q4-major/bin/../lib/gcc/arm-none-eabi/7.2.1/thumb/v7e-m/libgcc.a(_arm_truncdfsf2.o)
 .debug_frame   0x00000000000002c0       0x4c /home/anirban/ti/ccs1020/ccs/tools/compiler/gcc-arm-none-eabi-7-2017-q4-major/bin/../lib/gcc/arm-none-eabi/7.2.1/thumb/v7e-m/libgcc.a(_arm_addsubsf3.o)
 .debug_frame   0x000000000000030c       0x24 /home/anirban/ti/ccs1020/ccs/tools/compiler/gcc-arm-none-eabi-7-2017-q4-major/bin/../lib/gcc/arm-none-eabi/7.2.1/thumb/v7e-m/libgcc.a(_arm_fixsfsi.o)
 .debug_frame   0x0000000000000330       0x28 /home/anirban/ti/ccs1020/ccs/tools/compiler/gcc-arm-none-eabi-7-2017-q4-major/bin/../lib/gcc/arm-none-eabi/7.2.1/../../../../arm-none-eabi/lib/thumb/v7e-m/libg.a(lib_a-exit.o)
 .debug_frame   0x0000000000000358       0x2c /home/anirban/ti/ccs1020/ccs/tools/compiler/gcc-arm-none-eabi-7-2017-q4-major/bin/../lib/gcc/arm-none-eabi/7.2.1/../../../../arm-none-eabi/lib/thumb/v7e-m/libg.a(lib_a-init.o)
 .debug_frame   0x0000000000000384       0x38 /home/anirban/ti/ccs1020/ccs/tools/compiler/gcc-arm-none-eabi-7-2017-q4-major/bin/../lib/gcc/arm-none-eabi/7.2.1/../../../../arm-none-eabi/lib/thumb/v7e-m/libg.a(lib_a-memset.o)
 .debug_frame   0x00000000000003bc       0x5c /home/anirban/ti/ccs1020/ccs/tools/compiler/gcc-arm-none-eabi-7-2017-q4-major/bin/../lib/gcc/arm-none-eabi/7.2.1/../../../../arm-none-eabi/lib/thumb/v7e-m/libg.a(lib_a-__call_atexit.o)
 .debug_frame   0x0000000000000418       0x20 /home/anirban/ti/ccs1020/ccs/tools/compiler/gcc-arm-none-eabi-7-2017-q4-major/bin/../lib/gcc/arm-none-eabi/7.2.1/../../../../arm-none-eabi/lib/thumb/v7e-m/libg.a(lib_a-atexit.o)
 .debug_frame   0x0000000000000438       0x34 /home/anirban/ti/ccs1020/ccs/tools/compiler/gcc-arm-none-eabi-7-2017-q4-major/bin/../lib/gcc/arm-none-eabi/7.2.1/../../../../arm-none-eabi/lib/thumb/v7e-m/libg.a(lib_a-fini.o)
 .debug_frame   0x000000000000046c       0xb0 /home/anirban/ti/ccs1020/ccs/tools/compiler/gcc-arm-none-eabi-7-2017-q4-major/bin/../lib/gcc/arm-none-eabi/7.2.1/../../../../arm-none-eabi/lib/thumb/v7e-m/libg.a(lib_a-lock.o)
 .debug_frame   0x000000000000051c       0x34 /home/anirban/ti/ccs1020/ccs/tools/compiler/gcc-arm-none-eabi-7-2017-q4-major/bin/../lib/gcc/arm-none-eabi/7.2.1/../../../../arm-none-eabi/lib/thumb/v7e-m/libg.a(lib_a-__atexit.o)
 .debug_frame   0x0000000000000550       0x20 /home/anirban/ti/ccs1020/ccs/tools/compiler/gcc-arm-none-eabi-7-2017-q4-major/bin/../lib/gcc/arm-none-eabi/7.2.1/../../../../arm-none-eabi/lib/thumb/v7e-m/libnosys.a(_exit.o)
