Archive member included to satisfy reference by file (symbol)

/home/anirban/ccs_workspace2/Servo_motor/libdriver.a(gpio.o)
                              ./main.o (GPIOPinTypePWM)
/home/anirban/ccs_workspace2/Servo_motor/libdriver.a(interrupt.o)
                              /home/anirban/ccs_workspace2/Servo_motor/libdriver.a(gpio.o) (IntRegister)
/home/anirban/ccs_workspace2/Servo_motor/libdriver.a(pwm.o)
                              ./main.o (PWMGenConfigure)
/home/anirban/ccs_workspace2/Servo_motor/libdriver.a(sysctl.o)
                              ./main.o (SysCtlPeripheralEnable)
/home/anirban/ccs_workspace2/Servo_motor/libdriver.a(cpu.o)
                              /home/anirban/ccs_workspace2/Servo_motor/libdriver.a(interrupt.o) (CPUcpsid)
/home/anirban/ti/ccs1020/ccs/tools/compiler/gcc-arm-none-eabi-7-2017-q4-major/bin/../lib/gcc/arm-none-eabi/7.2.1/thumb/v7e-m/libgcc.a(_arm_addsubsf3.o)
                              ./main.o (__aeabi_fadd)
/home/anirban/ti/ccs1020/ccs/tools/compiler/gcc-arm-none-eabi-7-2017-q4-major/bin/../lib/gcc/arm-none-eabi/7.2.1/thumb/v7e-m/libgcc.a(_arm_muldivsf3.o)
                              ./main.o (__aeabi_fmul)
/home/anirban/ti/ccs1020/ccs/tools/compiler/gcc-arm-none-eabi-7-2017-q4-major/bin/../lib/gcc/arm-none-eabi/7.2.1/thumb/v7e-m/libgcc.a(_arm_fixsfsi.o)
                              ./main.o (__aeabi_f2iz)
/home/anirban/ti/ccs1020/ccs/tools/compiler/gcc-arm-none-eabi-7-2017-q4-major/bin/../lib/gcc/arm-none-eabi/7.2.1/../../../../arm-none-eabi/lib/thumb/v7e-m/libg.a(lib_a-exit.o)
                              /home/anirban/ti/ccs1020/ccs/tools/compiler/gcc-arm-none-eabi-7-2017-q4-major/bin/../lib/gcc/arm-none-eabi/7.2.1/../../../../arm-none-eabi/lib/thumb/v7e-m/crt0.o (exit)
/home/anirban/ti/ccs1020/ccs/tools/compiler/gcc-arm-none-eabi-7-2017-q4-major/bin/../lib/gcc/arm-none-eabi/7.2.1/../../../../arm-none-eabi/lib/thumb/v7e-m/libg.a(lib_a-impure.o)
                              /home/anirban/ti/ccs1020/ccs/tools/compiler/gcc-arm-none-eabi-7-2017-q4-major/bin/../lib/gcc/arm-none-eabi/7.2.1/../../../../arm-none-eabi/lib/thumb/v7e-m/libg.a(lib_a-exit.o) (_global_impure_ptr)
/home/anirban/ti/ccs1020/ccs/tools/compiler/gcc-arm-none-eabi-7-2017-q4-major/bin/../lib/gcc/arm-none-eabi/7.2.1/../../../../arm-none-eabi/lib/thumb/v7e-m/libg.a(lib_a-init.o)
                              /home/anirban/ti/ccs1020/ccs/tools/compiler/gcc-arm-none-eabi-7-2017-q4-major/bin/../lib/gcc/arm-none-eabi/7.2.1/../../../../arm-none-eabi/lib/thumb/v7e-m/crt0.o (__libc_init_array)
/home/anirban/ti/ccs1020/ccs/tools/compiler/gcc-arm-none-eabi-7-2017-q4-major/bin/../lib/gcc/arm-none-eabi/7.2.1/../../../../arm-none-eabi/lib/thumb/v7e-m/libg.a(lib_a-memset.o)
                              /home/anirban/ti/ccs1020/ccs/tools/compiler/gcc-arm-none-eabi-7-2017-q4-major/bin/../lib/gcc/arm-none-eabi/7.2.1/../../../../arm-none-eabi/lib/thumb/v7e-m/crt0.o (memset)
/home/anirban/ti/ccs1020/ccs/tools/compiler/gcc-arm-none-eabi-7-2017-q4-major/bin/../lib/gcc/arm-none-eabi/7.2.1/../../../../arm-none-eabi/lib/thumb/v7e-m/libg.a(lib_a-__call_atexit.o)
                              /home/anirban/ti/ccs1020/ccs/tools/compiler/gcc-arm-none-eabi-7-2017-q4-major/bin/../lib/gcc/arm-none-eabi/7.2.1/../../../../arm-none-eabi/lib/thumb/v7e-m/libg.a(lib_a-exit.o) (__call_exitprocs)
/home/anirban/ti/ccs1020/ccs/tools/compiler/gcc-arm-none-eabi-7-2017-q4-major/bin/../lib/gcc/arm-none-eabi/7.2.1/../../../../arm-none-eabi/lib/thumb/v7e-m/libg.a(lib_a-atexit.o)
                              /home/anirban/ti/ccs1020/ccs/tools/compiler/gcc-arm-none-eabi-7-2017-q4-major/bin/../lib/gcc/arm-none-eabi/7.2.1/../../../../arm-none-eabi/lib/thumb/v7e-m/libg.a(lib_a-__call_atexit.o) (atexit)
/home/anirban/ti/ccs1020/ccs/tools/compiler/gcc-arm-none-eabi-7-2017-q4-major/bin/../lib/gcc/arm-none-eabi/7.2.1/../../../../arm-none-eabi/lib/thumb/v7e-m/libg.a(lib_a-fini.o)
                              /home/anirban/ti/ccs1020/ccs/tools/compiler/gcc-arm-none-eabi-7-2017-q4-major/bin/../lib/gcc/arm-none-eabi/7.2.1/../../../../arm-none-eabi/lib/thumb/v7e-m/libg.a(lib_a-__call_atexit.o) (__libc_fini_array)
/home/anirban/ti/ccs1020/ccs/tools/compiler/gcc-arm-none-eabi-7-2017-q4-major/bin/../lib/gcc/arm-none-eabi/7.2.1/../../../../arm-none-eabi/lib/thumb/v7e-m/libg.a(lib_a-lock.o)
                              /home/anirban/ti/ccs1020/ccs/tools/compiler/gcc-arm-none-eabi-7-2017-q4-major/bin/../lib/gcc/arm-none-eabi/7.2.1/../../../../arm-none-eabi/lib/thumb/v7e-m/libg.a(lib_a-__call_atexit.o) (__retarget_lock_acquire_recursive)
/home/anirban/ti/ccs1020/ccs/tools/compiler/gcc-arm-none-eabi-7-2017-q4-major/bin/../lib/gcc/arm-none-eabi/7.2.1/../../../../arm-none-eabi/lib/thumb/v7e-m/libg.a(lib_a-__atexit.o)
                              /home/anirban/ti/ccs1020/ccs/tools/compiler/gcc-arm-none-eabi-7-2017-q4-major/bin/../lib/gcc/arm-none-eabi/7.2.1/../../../../arm-none-eabi/lib/thumb/v7e-m/libg.a(lib_a-atexit.o) (__register_exitproc)
/home/anirban/ti/ccs1020/ccs/tools/compiler/gcc-arm-none-eabi-7-2017-q4-major/bin/../lib/gcc/arm-none-eabi/7.2.1/../../../../arm-none-eabi/lib/thumb/v7e-m/libnosys.a(_exit.o)
                              /home/anirban/ti/ccs1020/ccs/tools/compiler/gcc-arm-none-eabi-7-2017-q4-major/bin/../lib/gcc/arm-none-eabi/7.2.1/../../../../arm-none-eabi/lib/thumb/v7e-m/libg.a(lib_a-exit.o) (_exit)

Allocating common symbols
Common symbol       size              file

__lock___atexit_recursive_mutex
                    0x1               /home/anirban/ti/ccs1020/ccs/tools/compiler/gcc-arm-none-eabi-7-2017-q4-major/bin/../lib/gcc/arm-none-eabi/7.2.1/../../../../arm-none-eabi/lib/thumb/v7e-m/libg.a(lib_a-lock.o)
__lock___arc4random_mutex
                    0x1               /home/anirban/ti/ccs1020/ccs/tools/compiler/gcc-arm-none-eabi-7-2017-q4-major/bin/../lib/gcc/arm-none-eabi/7.2.1/../../../../arm-none-eabi/lib/thumb/v7e-m/libg.a(lib_a-lock.o)
__lock___env_recursive_mutex
                    0x1               /home/anirban/ti/ccs1020/ccs/tools/compiler/gcc-arm-none-eabi-7-2017-q4-major/bin/../lib/gcc/arm-none-eabi/7.2.1/../../../../arm-none-eabi/lib/thumb/v7e-m/libg.a(lib_a-lock.o)
__lock___sinit_recursive_mutex
                    0x1               /home/anirban/ti/ccs1020/ccs/tools/compiler/gcc-arm-none-eabi-7-2017-q4-major/bin/../lib/gcc/arm-none-eabi/7.2.1/../../../../arm-none-eabi/lib/thumb/v7e-m/libg.a(lib_a-lock.o)
__lock___malloc_recursive_mutex
                    0x1               /home/anirban/ti/ccs1020/ccs/tools/compiler/gcc-arm-none-eabi-7-2017-q4-major/bin/../lib/gcc/arm-none-eabi/7.2.1/../../../../arm-none-eabi/lib/thumb/v7e-m/libg.a(lib_a-lock.o)
__lock___at_quick_exit_mutex
                    0x1               /home/anirban/ti/ccs1020/ccs/tools/compiler/gcc-arm-none-eabi-7-2017-q4-major/bin/../lib/gcc/arm-none-eabi/7.2.1/../../../../arm-none-eabi/lib/thumb/v7e-m/libg.a(lib_a-lock.o)
__lock___dd_hash_mutex
                    0x1               /home/anirban/ti/ccs1020/ccs/tools/compiler/gcc-arm-none-eabi-7-2017-q4-major/bin/../lib/gcc/arm-none-eabi/7.2.1/../../../../arm-none-eabi/lib/thumb/v7e-m/libg.a(lib_a-lock.o)
__lock___tz_mutex   0x1               /home/anirban/ti/ccs1020/ccs/tools/compiler/gcc-arm-none-eabi-7-2017-q4-major/bin/../lib/gcc/arm-none-eabi/7.2.1/../../../../arm-none-eabi/lib/thumb/v7e-m/libg.a(lib_a-lock.o)
__lock___sfp_recursive_mutex
                    0x1               /home/anirban/ti/ccs1020/ccs/tools/compiler/gcc-arm-none-eabi-7-2017-q4-major/bin/../lib/gcc/arm-none-eabi/7.2.1/../../../../arm-none-eabi/lib/thumb/v7e-m/libg.a(lib_a-lock.o)

Memory Configuration

Name             Origin             Length             Attributes
FLASH            0x0000000000000000 0x0000000000040000 xr
SRAM             0x0000000020000000 0x0000000000008000 xw
*default*        0x0000000000000000 0xffffffffffffffff

Linker script and memory map

LOAD /home/anirban/ti/ccs1020/ccs/tools/compiler/gcc-arm-none-eabi-7-2017-q4-major/bin/../lib/gcc/arm-none-eabi/7.2.1/thumb/v7e-m/crti.o
LOAD /home/anirban/ti/ccs1020/ccs/tools/compiler/gcc-arm-none-eabi-7-2017-q4-major/bin/../lib/gcc/arm-none-eabi/7.2.1/thumb/v7e-m/crtbegin.o
LOAD /home/anirban/ti/ccs1020/ccs/tools/compiler/gcc-arm-none-eabi-7-2017-q4-major/bin/../lib/gcc/arm-none-eabi/7.2.1/../../../../arm-none-eabi/lib/thumb/v7e-m/crt0.o
LOAD ./main.o
LOAD ./tm4c123gh6pm_startup_ccs_gcc.o
                0x0000000000000000                PROVIDE (_intvecs_base_address, 0x0)

.intvecs        0x0000000000000000      0x26c
 *(.intvecs)
 .intvecs       0x0000000000000000      0x26c ./tm4c123gh6pm_startup_ccs_gcc.o
                0x0000000000000000                g_pfnVectors
                0x0000000020000000                PROVIDE (_vtable_base_address, 0x20000000)

.vtable
 *(.vtable)

.text           0x000000000000026c     0x20ec
 CREATE_OBJECT_SYMBOLS
 *(.text)
 .text          0x000000000000026c        0x0 /home/anirban/ti/ccs1020/ccs/tools/compiler/gcc-arm-none-eabi-7-2017-q4-major/bin/../lib/gcc/arm-none-eabi/7.2.1/thumb/v7e-m/crti.o
 .text          0x000000000000026c       0x40 /home/anirban/ti/ccs1020/ccs/tools/compiler/gcc-arm-none-eabi-7-2017-q4-major/bin/../lib/gcc/arm-none-eabi/7.2.1/thumb/v7e-m/crtbegin.o
 .text          0x00000000000002ac       0x74 /home/anirban/ti/ccs1020/ccs/tools/compiler/gcc-arm-none-eabi-7-2017-q4-major/bin/../lib/gcc/arm-none-eabi/7.2.1/../../../../arm-none-eabi/lib/thumb/v7e-m/crt0.o
                0x00000000000002ac                _mainCRTStartup
                0x00000000000002ac                _start
 .text          0x0000000000000320        0x0 ./main.o
 .text          0x0000000000000320        0x0 ./tm4c123gh6pm_startup_ccs_gcc.o
 .text          0x0000000000000320        0x0 /home/anirban/ccs_workspace2/Servo_motor/libdriver.a(gpio.o)
 .text          0x0000000000000320        0x0 /home/anirban/ccs_workspace2/Servo_motor/libdriver.a(interrupt.o)
 .text          0x0000000000000320        0x0 /home/anirban/ccs_workspace2/Servo_motor/libdriver.a(pwm.o)
 .text          0x0000000000000320        0x0 /home/anirban/ccs_workspace2/Servo_motor/libdriver.a(sysctl.o)
 .text          0x0000000000000320        0x0 /home/anirban/ccs_workspace2/Servo_motor/libdriver.a(cpu.o)
 .text          0x0000000000000320      0x21c /home/anirban/ti/ccs1020/ccs/tools/compiler/gcc-arm-none-eabi-7-2017-q4-major/bin/../lib/gcc/arm-none-eabi/7.2.1/thumb/v7e-m/libgcc.a(_arm_addsubsf3.o)
                0x0000000000000320                __aeabi_frsub
                0x0000000000000328                __subsf3
                0x0000000000000328                __aeabi_fsub
                0x000000000000032c                __aeabi_fadd
                0x000000000000032c                __addsf3
                0x000000000000048c                __aeabi_ui2f
                0x000000000000048c                __floatunsisf
                0x0000000000000494                __aeabi_i2f
                0x0000000000000494                __floatsisf
                0x00000000000004b0                __floatundisf
                0x00000000000004b0                __aeabi_ul2f
                0x00000000000004c0                __floatdisf
                0x00000000000004c0                __aeabi_l2f
 .text          0x000000000000053c      0x2a0 /home/anirban/ti/ccs1020/ccs/tools/compiler/gcc-arm-none-eabi-7-2017-q4-major/bin/../lib/gcc/arm-none-eabi/7.2.1/thumb/v7e-m/libgcc.a(_arm_muldivsf3.o)
                0x000000000000053c                __mulsf3
                0x000000000000053c                __aeabi_fmul
                0x00000000000006a4                __divsf3
                0x00000000000006a4                __aeabi_fdiv
 .text          0x00000000000007dc       0x4c /home/anirban/ti/ccs1020/ccs/tools/compiler/gcc-arm-none-eabi-7-2017-q4-major/bin/../lib/gcc/arm-none-eabi/7.2.1/thumb/v7e-m/libgcc.a(_arm_fixsfsi.o)
                0x00000000000007dc                __fixsfsi
                0x00000000000007dc                __aeabi_f2iz
 .text          0x0000000000000828        0x0 /home/anirban/ti/ccs1020/ccs/tools/compiler/gcc-arm-none-eabi-7-2017-q4-major/bin/../lib/gcc/arm-none-eabi/7.2.1/../../../../arm-none-eabi/lib/thumb/v7e-m/libg.a(lib_a-exit.o)
 .text          0x0000000000000828        0x0 /home/anirban/ti/ccs1020/ccs/tools/compiler/gcc-arm-none-eabi-7-2017-q4-major/bin/../lib/gcc/arm-none-eabi/7.2.1/../../../../arm-none-eabi/lib/thumb/v7e-m/libg.a(lib_a-impure.o)
 .text          0x0000000000000828        0x0 /home/anirban/ti/ccs1020/ccs/tools/compiler/gcc-arm-none-eabi-7-2017-q4-major/bin/../lib/gcc/arm-none-eabi/7.2.1/../../../../arm-none-eabi/lib/thumb/v7e-m/libg.a(lib_a-init.o)
 .text          0x0000000000000828        0x0 /home/anirban/ti/ccs1020/ccs/tools/compiler/gcc-arm-none-eabi-7-2017-q4-major/bin/../lib/gcc/arm-none-eabi/7.2.1/../../../../arm-none-eabi/lib/thumb/v7e-m/libg.a(lib_a-memset.o)
 .text          0x0000000000000828        0x0 /home/anirban/ti/ccs1020/ccs/tools/compiler/gcc-arm-none-eabi-7-2017-q4-major/bin/../lib/gcc/arm-none-eabi/7.2.1/../../../../arm-none-eabi/lib/thumb/v7e-m/libg.a(lib_a-__call_atexit.o)
 .text          0x0000000000000828        0x0 /home/anirban/ti/ccs1020/ccs/tools/compiler/gcc-arm-none-eabi-7-2017-q4-major/bin/../lib/gcc/arm-none-eabi/7.2.1/../../../../arm-none-eabi/lib/thumb/v7e-m/libg.a(lib_a-atexit.o)
 .text          0x0000000000000828        0x0 /home/anirban/ti/ccs1020/ccs/tools/compiler/gcc-arm-none-eabi-7-2017-q4-major/bin/../lib/gcc/arm-none-eabi/7.2.1/../../../../arm-none-eabi/lib/thumb/v7e-m/libg.a(lib_a-fini.o)
 .text          0x0000000000000828        0x0 /home/anirban/ti/ccs1020/ccs/tools/compiler/gcc-arm-none-eabi-7-2017-q4-major/bin/../lib/gcc/arm-none-eabi/7.2.1/../../../../arm-none-eabi/lib/thumb/v7e-m/libg.a(lib_a-lock.o)
 .text          0x0000000000000828        0x0 /home/anirban/ti/ccs1020/ccs/tools/compiler/gcc-arm-none-eabi-7-2017-q4-major/bin/../lib/gcc/arm-none-eabi/7.2.1/../../../../arm-none-eabi/lib/thumb/v7e-m/libg.a(lib_a-__atexit.o)
 .text          0x0000000000000828        0x0 /home/anirban/ti/ccs1020/ccs/tools/compiler/gcc-arm-none-eabi-7-2017-q4-major/bin/../lib/gcc/arm-none-eabi/7.2.1/../../../../arm-none-eabi/lib/thumb/v7e-m/libnosys.a(_exit.o)
 .text          0x0000000000000828        0x0 /home/anirban/ti/ccs1020/ccs/tools/compiler/gcc-arm-none-eabi-7-2017-q4-major/bin/../lib/gcc/arm-none-eabi/7.2.1/thumb/v7e-m/crtend.o
 .text          0x0000000000000828        0x0 /home/anirban/ti/ccs1020/ccs/tools/compiler/gcc-arm-none-eabi-7-2017-q4-major/bin/../lib/gcc/arm-none-eabi/7.2.1/thumb/v7e-m/crtn.o
 *(.text.*)
 .text.main     0x0000000000000828       0x30 ./main.o
                0x0000000000000828                main
 .text.servo_rotate_C
                0x0000000000000858       0x50 ./main.o
                0x0000000000000858                servo_rotate_C
 .text.width_cal1
                0x00000000000008a8       0x48 ./main.o
                0x00000000000008a8                width_cal1
 .text.PWM1     0x00000000000008f0       0x84 ./main.o
                0x00000000000008f0                PWM1
 .text.delayMs  0x0000000000000974       0x3c ./main.o
                0x0000000000000974                delayMs
 .text.ResetISR
                0x00000000000009b0       0x6c ./tm4c123gh6pm_startup_ccs_gcc.o
                0x00000000000009b0                ResetISR
 .text.NmiSR    0x0000000000000a1c        0x6 ./tm4c123gh6pm_startup_ccs_gcc.o
 .text.FaultISR
                0x0000000000000a22        0x6 ./tm4c123gh6pm_startup_ccs_gcc.o
 .text.IntDefaultHandler
                0x0000000000000a28        0x6 ./tm4c123gh6pm_startup_ccs_gcc.o
 *fill*         0x0000000000000a2e        0x2 
 .text._GPIOIntNumberGet
                0x0000000000000a30       0x44 /home/anirban/ccs_workspace2/Servo_motor/libdriver.a(gpio.o)
 .text.GPIODirModeSet
                0x0000000000000a74       0x26 /home/anirban/ccs_workspace2/Servo_motor/libdriver.a(gpio.o)
                0x0000000000000a74                GPIODirModeSet
 .text.GPIODirModeGet
                0x0000000000000a9a       0x26 /home/anirban/ccs_workspace2/Servo_motor/libdriver.a(gpio.o)
                0x0000000000000a9a                GPIODirModeGet
 .text.GPIOIntTypeSet
                0x0000000000000ac0       0x4e /home/anirban/ccs_workspace2/Servo_motor/libdriver.a(gpio.o)
                0x0000000000000ac0                GPIOIntTypeSet
 .text.GPIOIntTypeGet
                0x0000000000000b0e       0x40 /home/anirban/ccs_workspace2/Servo_motor/libdriver.a(gpio.o)
                0x0000000000000b0e                GPIOIntTypeGet
 .text.GPIOPadConfigSet
                0x0000000000000b4e      0x106 /home/anirban/ccs_workspace2/Servo_motor/libdriver.a(gpio.o)
                0x0000000000000b4e                GPIOPadConfigSet
 .text.GPIOPadConfigGet
                0x0000000000000c54       0xd0 /home/anirban/ccs_workspace2/Servo_motor/libdriver.a(gpio.o)
                0x0000000000000c54                GPIOPadConfigGet
 .text.GPIOIntEnable
                0x0000000000000d24        0xc /home/anirban/ccs_workspace2/Servo_motor/libdriver.a(gpio.o)
                0x0000000000000d24                GPIOIntEnable
 .text.GPIOIntDisable
                0x0000000000000d30        0xe /home/anirban/ccs_workspace2/Servo_motor/libdriver.a(gpio.o)
                0x0000000000000d30                GPIOIntDisable
 .text.GPIOIntStatus
                0x0000000000000d3e        0xe /home/anirban/ccs_workspace2/Servo_motor/libdriver.a(gpio.o)
                0x0000000000000d3e                GPIOIntStatus
 .text.GPIOIntClear
                0x0000000000000d4c        0x6 /home/anirban/ccs_workspace2/Servo_motor/libdriver.a(gpio.o)
                0x0000000000000d4c                GPIOIntClear
 .text.GPIOIntRegister
                0x0000000000000d52       0x1c /home/anirban/ccs_workspace2/Servo_motor/libdriver.a(gpio.o)
                0x0000000000000d52                GPIOIntRegister
 .text.GPIOIntUnregister
                0x0000000000000d6e       0x16 /home/anirban/ccs_workspace2/Servo_motor/libdriver.a(gpio.o)
                0x0000000000000d6e                GPIOIntUnregister
 .text.GPIOPinRead
                0x0000000000000d84        0x6 /home/anirban/ccs_workspace2/Servo_motor/libdriver.a(gpio.o)
                0x0000000000000d84                GPIOPinRead
 .text.GPIOPinWrite
                0x0000000000000d8a        0x6 /home/anirban/ccs_workspace2/Servo_motor/libdriver.a(gpio.o)
                0x0000000000000d8a                GPIOPinWrite
 .text.GPIOPinTypeADC
                0x0000000000000d90       0x18 /home/anirban/ccs_workspace2/Servo_motor/libdriver.a(gpio.o)
                0x0000000000000d90                GPIOPinTypeADC
 .text.GPIOPinTypeCAN
                0x0000000000000da8       0x18 /home/anirban/ccs_workspace2/Servo_motor/libdriver.a(gpio.o)
                0x0000000000000da8                GPIOPinTypeCAN
 .text.GPIOPinTypeComparator
                0x0000000000000dc0        0x4 /home/anirban/ccs_workspace2/Servo_motor/libdriver.a(gpio.o)
                0x0000000000000dc0                GPIOPinTypeComparator
 .text.GPIOPinTypeEPI
                0x0000000000000dc4        0x4 /home/anirban/ccs_workspace2/Servo_motor/libdriver.a(gpio.o)
                0x0000000000000dc4                GPIOPinTypeEPI
 .text.GPIOPinTypeEthernetLED
                0x0000000000000dc8        0x4 /home/anirban/ccs_workspace2/Servo_motor/libdriver.a(gpio.o)
                0x0000000000000dc8                GPIOPinTypeEthernetLED
 .text.GPIOPinTypeEthernetMII
                0x0000000000000dcc        0x4 /home/anirban/ccs_workspace2/Servo_motor/libdriver.a(gpio.o)
                0x0000000000000dcc                GPIOPinTypeEthernetMII
 .text.GPIOPinTypeGPIOInput
                0x0000000000000dd0       0x18 /home/anirban/ccs_workspace2/Servo_motor/libdriver.a(gpio.o)
                0x0000000000000dd0                GPIOPinTypeGPIOInput
 .text.GPIOPinTypeGPIOOutput
                0x0000000000000de8       0x18 /home/anirban/ccs_workspace2/Servo_motor/libdriver.a(gpio.o)
                0x0000000000000de8                GPIOPinTypeGPIOOutput
 .text.GPIOPinTypeGPIOOutputOD
                0x0000000000000e00       0x18 /home/anirban/ccs_workspace2/Servo_motor/libdriver.a(gpio.o)
                0x0000000000000e00                GPIOPinTypeGPIOOutputOD
 .text.GPIOPinTypeI2C
                0x0000000000000e18       0x18 /home/anirban/ccs_workspace2/Servo_motor/libdriver.a(gpio.o)
                0x0000000000000e18                GPIOPinTypeI2C
 .text.GPIOPinTypeI2CSCL
                0x0000000000000e30       0x18 /home/anirban/ccs_workspace2/Servo_motor/libdriver.a(gpio.o)
                0x0000000000000e30                GPIOPinTypeI2CSCL
 .text.GPIOPinTypeLCD
                0x0000000000000e48        0x4 /home/anirban/ccs_workspace2/Servo_motor/libdriver.a(gpio.o)
                0x0000000000000e48                GPIOPinTypeLCD
 .text.GPIOPinTypeLPC
                0x0000000000000e4c        0x4 /home/anirban/ccs_workspace2/Servo_motor/libdriver.a(gpio.o)
                0x0000000000000e4c                GPIOPinTypeLPC
 .text.GPIOPinTypePECIRx
                0x0000000000000e50        0x4 /home/anirban/ccs_workspace2/Servo_motor/libdriver.a(gpio.o)
                0x0000000000000e50                GPIOPinTypePECIRx
 .text.GPIOPinTypePECITx
                0x0000000000000e54        0x4 /home/anirban/ccs_workspace2/Servo_motor/libdriver.a(gpio.o)
                0x0000000000000e54                GPIOPinTypePECITx
 .text.GPIOPinTypePWM
                0x0000000000000e58        0x4 /home/anirban/ccs_workspace2/Servo_motor/libdriver.a(gpio.o)
                0x0000000000000e58                GPIOPinTypePWM
 .text.GPIOPinTypeQEI
                0x0000000000000e5c       0x18 /home/anirban/ccs_workspace2/Servo_motor/libdriver.a(gpio.o)
                0x0000000000000e5c                GPIOPinTypeQEI
 .text.GPIOPinTypeSSI
                0x0000000000000e74        0x4 /home/anirban/ccs_workspace2/Servo_motor/libdriver.a(gpio.o)
                0x0000000000000e74                GPIOPinTypeSSI
 .text.GPIOPinTypeTimer
                0x0000000000000e78        0x4 /home/anirban/ccs_workspace2/Servo_motor/libdriver.a(gpio.o)
                0x0000000000000e78                GPIOPinTypeTimer
 .text.GPIOPinTypeUART
                0x0000000000000e7c        0x4 /home/anirban/ccs_workspace2/Servo_motor/libdriver.a(gpio.o)
                0x0000000000000e7c                GPIOPinTypeUART
 .text.GPIOPinTypeUSBAnalog
                0x0000000000000e80        0x4 /home/anirban/ccs_workspace2/Servo_motor/libdriver.a(gpio.o)
                0x0000000000000e80                GPIOPinTypeUSBAnalog
 .text.GPIOPinTypeUSBDigital
                0x0000000000000e84        0x4 /home/anirban/ccs_workspace2/Servo_motor/libdriver.a(gpio.o)
                0x0000000000000e84                GPIOPinTypeUSBDigital
 .text.GPIOPinTypeWakeHigh
                0x0000000000000e88       0x1a /home/anirban/ccs_workspace2/Servo_motor/libdriver.a(gpio.o)
                0x0000000000000e88                GPIOPinTypeWakeHigh
 .text.GPIOPinTypeWakeLow
                0x0000000000000ea2       0x1a /home/anirban/ccs_workspace2/Servo_motor/libdriver.a(gpio.o)
                0x0000000000000ea2                GPIOPinTypeWakeLow
 .text.GPIOPinTypeKBRow
                0x0000000000000ebc        0x4 /home/anirban/ccs_workspace2/Servo_motor/libdriver.a(gpio.o)
                0x0000000000000ebc                GPIOPinTypeKBRow
 .text.GPIOPinTypeKBColumn
                0x0000000000000ec0        0x4 /home/anirban/ccs_workspace2/Servo_motor/libdriver.a(gpio.o)
                0x0000000000000ec0                GPIOPinTypeKBColumn
 .text.GPIOPinTypeLEDSeq
                0x0000000000000ec4        0x4 /home/anirban/ccs_workspace2/Servo_motor/libdriver.a(gpio.o)
                0x0000000000000ec4                GPIOPinTypeLEDSeq
 .text.GPIOPinTypeCIR
                0x0000000000000ec8        0x4 /home/anirban/ccs_workspace2/Servo_motor/libdriver.a(gpio.o)
                0x0000000000000ec8                GPIOPinTypeCIR
 .text.GPIOPinWakeStatus
                0x0000000000000ecc        0x6 /home/anirban/ccs_workspace2/Servo_motor/libdriver.a(gpio.o)
                0x0000000000000ecc                GPIOPinWakeStatus
 *fill*         0x0000000000000ed2        0x2 
 .text.GPIOPinConfigure
                0x0000000000000ed4       0x44 /home/anirban/ccs_workspace2/Servo_motor/libdriver.a(gpio.o)
                0x0000000000000ed4                GPIOPinConfigure
 .text.GPIODMATriggerEnable
                0x0000000000000f18        0xc /home/anirban/ccs_workspace2/Servo_motor/libdriver.a(gpio.o)
                0x0000000000000f18                GPIODMATriggerEnable
 .text.GPIODMATriggerDisable
                0x0000000000000f24        0xe /home/anirban/ccs_workspace2/Servo_motor/libdriver.a(gpio.o)
                0x0000000000000f24                GPIODMATriggerDisable
 .text.GPIOADCTriggerEnable
                0x0000000000000f32        0xc /home/anirban/ccs_workspace2/Servo_motor/libdriver.a(gpio.o)
                0x0000000000000f32                GPIOADCTriggerEnable
 .text.GPIOADCTriggerDisable
                0x0000000000000f3e        0xe /home/anirban/ccs_workspace2/Servo_motor/libdriver.a(gpio.o)
                0x0000000000000f3e                GPIOADCTriggerDisable
 .text._IntDefaultHandler
                0x0000000000000f4c        0x2 /home/anirban/ccs_workspace2/Servo_motor/libdriver.a(interrupt.o)
 .text.IntMasterEnable
                0x0000000000000f4e        0xe /home/anirban/ccs_workspace2/Servo_motor/libdriver.a(interrupt.o)
                0x0000000000000f4e                IntMasterEnable
 .text.IntMasterDisable
                0x0000000000000f5c        0xe /home/anirban/ccs_workspace2/Servo_motor/libdriver.a(interrupt.o)
                0x0000000000000f5c                IntMasterDisable
 *fill*         0x0000000000000f6a        0x2 
 .text.IntRegister
                0x0000000000000f6c       0x38 /home/anirban/ccs_workspace2/Servo_motor/libdriver.a(interrupt.o)
                0x0000000000000f6c                IntRegister
 .text.IntUnregister
                0x0000000000000fa4       0x14 /home/anirban/ccs_workspace2/Servo_motor/libdriver.a(interrupt.o)
                0x0000000000000fa4                IntUnregister
 .text.IntPriorityGroupingSet
                0x0000000000000fb8       0x1c /home/anirban/ccs_workspace2/Servo_motor/libdriver.a(interrupt.o)
                0x0000000000000fb8                IntPriorityGroupingSet
 .text.IntPriorityGroupingGet
                0x0000000000000fd4       0x24 /home/anirban/ccs_workspace2/Servo_motor/libdriver.a(interrupt.o)
                0x0000000000000fd4                IntPriorityGroupingGet
 .text.IntPrioritySet
                0x0000000000000ff8       0x28 /home/anirban/ccs_workspace2/Servo_motor/libdriver.a(interrupt.o)
                0x0000000000000ff8                IntPrioritySet
 .text.IntPriorityGet
                0x0000000000001020       0x1c /home/anirban/ccs_workspace2/Servo_motor/libdriver.a(interrupt.o)
                0x0000000000001020                IntPriorityGet
 .text.IntEnable
                0x000000000000103c       0x60 /home/anirban/ccs_workspace2/Servo_motor/libdriver.a(interrupt.o)
                0x000000000000103c                IntEnable
 .text.IntDisable
                0x000000000000109c       0x60 /home/anirban/ccs_workspace2/Servo_motor/libdriver.a(interrupt.o)
                0x000000000000109c                IntDisable
 .text.IntIsEnabled
                0x00000000000010fc       0x64 /home/anirban/ccs_workspace2/Servo_motor/libdriver.a(interrupt.o)
                0x00000000000010fc                IntIsEnabled
 .text.IntPendSet
                0x0000000000001160       0x50 /home/anirban/ccs_workspace2/Servo_motor/libdriver.a(interrupt.o)
                0x0000000000001160                IntPendSet
 .text.IntPendClear
                0x00000000000011b0       0x40 /home/anirban/ccs_workspace2/Servo_motor/libdriver.a(interrupt.o)
                0x00000000000011b0                IntPendClear
 .text.IntPriorityMaskSet
                0x00000000000011f0        0x4 /home/anirban/ccs_workspace2/Servo_motor/libdriver.a(interrupt.o)
                0x00000000000011f0                IntPriorityMaskSet
 .text.IntPriorityMaskGet
                0x00000000000011f4        0x4 /home/anirban/ccs_workspace2/Servo_motor/libdriver.a(interrupt.o)
                0x00000000000011f4                IntPriorityMaskGet
 .text.IntTrigger
                0x00000000000011f8        0xc /home/anirban/ccs_workspace2/Servo_motor/libdriver.a(interrupt.o)
                0x00000000000011f8                IntTrigger
 .text._PWMGenIntNumberGet
                0x0000000000001204      0x108 /home/anirban/ccs_workspace2/Servo_motor/libdriver.a(pwm.o)
 .text._PWMFaultIntNumberGet
                0x000000000000130c       0x4c /home/anirban/ccs_workspace2/Servo_motor/libdriver.a(pwm.o)
 .text.PWMGenConfigure
                0x0000000000001358       0x2c /home/anirban/ccs_workspace2/Servo_motor/libdriver.a(pwm.o)
                0x0000000000001358                PWMGenConfigure
 .text.PWMGenPeriodSet
                0x0000000000001384       0x12 /home/anirban/ccs_workspace2/Servo_motor/libdriver.a(pwm.o)
                0x0000000000001384                PWMGenPeriodSet
 .text.PWMGenPeriodGet
                0x0000000000001396       0x10 /home/anirban/ccs_workspace2/Servo_motor/libdriver.a(pwm.o)
                0x0000000000001396                PWMGenPeriodGet
 .text.PWMGenEnable
                0x00000000000013a6        0xa /home/anirban/ccs_workspace2/Servo_motor/libdriver.a(pwm.o)
                0x00000000000013a6                PWMGenEnable
 .text.PWMGenDisable
                0x00000000000013b0        0xa /home/anirban/ccs_workspace2/Servo_motor/libdriver.a(pwm.o)
                0x00000000000013b0                PWMGenDisable
 .text.PWMPulseWidthSet
                0x00000000000013ba       0x1e /home/anirban/ccs_workspace2/Servo_motor/libdriver.a(pwm.o)
                0x00000000000013ba                PWMPulseWidthSet
 .text.PWMPulseWidthGet
                0x00000000000013d8       0x20 /home/anirban/ccs_workspace2/Servo_motor/libdriver.a(pwm.o)
                0x00000000000013d8                PWMPulseWidthGet
 .text.PWMDeadBandEnable
                0x00000000000013f8       0x10 /home/anirban/ccs_workspace2/Servo_motor/libdriver.a(pwm.o)
                0x00000000000013f8                PWMDeadBandEnable
 .text.PWMDeadBandDisable
                0x0000000000001408        0xc /home/anirban/ccs_workspace2/Servo_motor/libdriver.a(pwm.o)
                0x0000000000001408                PWMDeadBandDisable
 .text.PWMSyncUpdate
                0x0000000000001414        0x4 /home/anirban/ccs_workspace2/Servo_motor/libdriver.a(pwm.o)
                0x0000000000001414                PWMSyncUpdate
 .text.PWMSyncTimeBase
                0x0000000000001418        0x4 /home/anirban/ccs_workspace2/Servo_motor/libdriver.a(pwm.o)
                0x0000000000001418                PWMSyncTimeBase
 .text.PWMOutputState
                0x000000000000141c       0x10 /home/anirban/ccs_workspace2/Servo_motor/libdriver.a(pwm.o)
                0x000000000000141c                PWMOutputState
 .text.PWMOutputInvert
                0x000000000000142c       0x10 /home/anirban/ccs_workspace2/Servo_motor/libdriver.a(pwm.o)
                0x000000000000142c                PWMOutputInvert
 .text.PWMOutputFaultLevel
                0x000000000000143c       0x10 /home/anirban/ccs_workspace2/Servo_motor/libdriver.a(pwm.o)
                0x000000000000143c                PWMOutputFaultLevel
 .text.PWMOutputFault
                0x000000000000144c       0x10 /home/anirban/ccs_workspace2/Servo_motor/libdriver.a(pwm.o)
                0x000000000000144c                PWMOutputFault
 .text.PWMGenIntRegister
                0x000000000000145c       0x1a /home/anirban/ccs_workspace2/Servo_motor/libdriver.a(pwm.o)
                0x000000000000145c                PWMGenIntRegister
 .text.PWMGenIntUnregister
                0x0000000000001476       0x16 /home/anirban/ccs_workspace2/Servo_motor/libdriver.a(pwm.o)
                0x0000000000001476                PWMGenIntUnregister
 .text.PWMFaultIntRegister
                0x000000000000148c       0x1c /home/anirban/ccs_workspace2/Servo_motor/libdriver.a(pwm.o)
                0x000000000000148c                PWMFaultIntRegister
 .text.PWMFaultIntUnregister
                0x00000000000014a8       0x16 /home/anirban/ccs_workspace2/Servo_motor/libdriver.a(pwm.o)
                0x00000000000014a8                PWMFaultIntUnregister
 .text.PWMGenIntTrigEnable
                0x00000000000014be        0xa /home/anirban/ccs_workspace2/Servo_motor/libdriver.a(pwm.o)
                0x00000000000014be                PWMGenIntTrigEnable
 .text.PWMGenIntTrigDisable
                0x00000000000014c8        0xc /home/anirban/ccs_workspace2/Servo_motor/libdriver.a(pwm.o)
                0x00000000000014c8                PWMGenIntTrigDisable
 .text.PWMGenIntStatus
                0x00000000000014d4        0xc /home/anirban/ccs_workspace2/Servo_motor/libdriver.a(pwm.o)
                0x00000000000014d4                PWMGenIntStatus
 .text.PWMGenIntClear
                0x00000000000014e0        0x6 /home/anirban/ccs_workspace2/Servo_motor/libdriver.a(pwm.o)
                0x00000000000014e0                PWMGenIntClear
 .text.PWMIntEnable
                0x00000000000014e6        0x8 /home/anirban/ccs_workspace2/Servo_motor/libdriver.a(pwm.o)
                0x00000000000014e6                PWMIntEnable
 .text.PWMIntDisable
                0x00000000000014ee        0xa /home/anirban/ccs_workspace2/Servo_motor/libdriver.a(pwm.o)
                0x00000000000014ee                PWMIntDisable
 .text.PWMFaultIntClear
                0x00000000000014f8        0x8 /home/anirban/ccs_workspace2/Servo_motor/libdriver.a(pwm.o)
                0x00000000000014f8                PWMFaultIntClear
 .text.PWMIntStatus
                0x0000000000001500        0xa /home/anirban/ccs_workspace2/Servo_motor/libdriver.a(pwm.o)
                0x0000000000001500                PWMIntStatus
 .text.PWMFaultIntClearExt
                0x000000000000150a        0x4 /home/anirban/ccs_workspace2/Servo_motor/libdriver.a(pwm.o)
                0x000000000000150a                PWMFaultIntClearExt
 .text.PWMGenFaultConfigure
                0x000000000000150e       0x14 /home/anirban/ccs_workspace2/Servo_motor/libdriver.a(pwm.o)
                0x000000000000150e                PWMGenFaultConfigure
 .text.PWMGenFaultTriggerSet
                0x0000000000001522        0xc /home/anirban/ccs_workspace2/Servo_motor/libdriver.a(pwm.o)
                0x0000000000001522                PWMGenFaultTriggerSet
 .text.PWMGenFaultTriggerGet
                0x000000000000152e        0xc /home/anirban/ccs_workspace2/Servo_motor/libdriver.a(pwm.o)
                0x000000000000152e                PWMGenFaultTriggerGet
 .text.PWMGenFaultStatus
                0x000000000000153a       0x14 /home/anirban/ccs_workspace2/Servo_motor/libdriver.a(pwm.o)
                0x000000000000153a                PWMGenFaultStatus
 .text.PWMGenFaultClear
                0x000000000000154e       0x14 /home/anirban/ccs_workspace2/Servo_motor/libdriver.a(pwm.o)
                0x000000000000154e                PWMGenFaultClear
 .text.PWMClockSet
                0x0000000000001562       0x14 /home/anirban/ccs_workspace2/Servo_motor/libdriver.a(pwm.o)
                0x0000000000001562                PWMClockSet
 .text.PWMClockGet
                0x0000000000001576       0x1a /home/anirban/ccs_workspace2/Servo_motor/libdriver.a(pwm.o)
                0x0000000000001576                PWMClockGet
 .text.PWMOutputUpdateMode
                0x0000000000001590       0x38 /home/anirban/ccs_workspace2/Servo_motor/libdriver.a(pwm.o)
                0x0000000000001590                PWMOutputUpdateMode
 .text._SysCtlMemTimingGet
                0x00000000000015c8       0x64 /home/anirban/ccs_workspace2/Servo_motor/libdriver.a(sysctl.o)
 .text.SysCtlSRAMSizeGet
                0x000000000000162c       0x10 /home/anirban/ccs_workspace2/Servo_motor/libdriver.a(sysctl.o)
                0x000000000000162c                SysCtlSRAMSizeGet
 .text.SysCtlFlashSizeGet
                0x000000000000163c       0x44 /home/anirban/ccs_workspace2/Servo_motor/libdriver.a(sysctl.o)
                0x000000000000163c                SysCtlFlashSizeGet
 .text.SysCtlFlashSectorSizeGet
                0x0000000000001680       0x38 /home/anirban/ccs_workspace2/Servo_motor/libdriver.a(sysctl.o)
                0x0000000000001680                SysCtlFlashSectorSizeGet
 .text.SysCtlPeripheralPresent
                0x00000000000016b8       0x24 /home/anirban/ccs_workspace2/Servo_motor/libdriver.a(sysctl.o)
                0x00000000000016b8                SysCtlPeripheralPresent
 .text.SysCtlPeripheralReady
                0x00000000000016dc       0x24 /home/anirban/ccs_workspace2/Servo_motor/libdriver.a(sysctl.o)
                0x00000000000016dc                SysCtlPeripheralReady
 .text.SysCtlPeripheralPowerOn
                0x0000000000001700       0x20 /home/anirban/ccs_workspace2/Servo_motor/libdriver.a(sysctl.o)
                0x0000000000001700                SysCtlPeripheralPowerOn
 .text.SysCtlPeripheralPowerOff
                0x0000000000001720       0x20 /home/anirban/ccs_workspace2/Servo_motor/libdriver.a(sysctl.o)
                0x0000000000001720                SysCtlPeripheralPowerOff
 .text.SysCtlPeripheralReset
                0x0000000000001740       0x38 /home/anirban/ccs_workspace2/Servo_motor/libdriver.a(sysctl.o)
                0x0000000000001740                SysCtlPeripheralReset
 .text.SysCtlPeripheralEnable
                0x0000000000001778       0x20 /home/anirban/ccs_workspace2/Servo_motor/libdriver.a(sysctl.o)
                0x0000000000001778                SysCtlPeripheralEnable
 .text.SysCtlPeripheralDisable
                0x0000000000001798       0x20 /home/anirban/ccs_workspace2/Servo_motor/libdriver.a(sysctl.o)
                0x0000000000001798                SysCtlPeripheralDisable
 .text.SysCtlPeripheralSleepEnable
                0x00000000000017b8       0x20 /home/anirban/ccs_workspace2/Servo_motor/libdriver.a(sysctl.o)
                0x00000000000017b8                SysCtlPeripheralSleepEnable
 .text.SysCtlPeripheralSleepDisable
                0x00000000000017d8       0x20 /home/anirban/ccs_workspace2/Servo_motor/libdriver.a(sysctl.o)
                0x00000000000017d8                SysCtlPeripheralSleepDisable
 .text.SysCtlPeripheralDeepSleepEnable
                0x00000000000017f8       0x20 /home/anirban/ccs_workspace2/Servo_motor/libdriver.a(sysctl.o)
                0x00000000000017f8                SysCtlPeripheralDeepSleepEnable
 .text.SysCtlPeripheralDeepSleepDisable
                0x0000000000001818       0x20 /home/anirban/ccs_workspace2/Servo_motor/libdriver.a(sysctl.o)
                0x0000000000001818                SysCtlPeripheralDeepSleepDisable
 .text.SysCtlPeripheralClockGating
                0x0000000000001838       0x48 /home/anirban/ccs_workspace2/Servo_motor/libdriver.a(sysctl.o)
                0x0000000000001838                SysCtlPeripheralClockGating
 .text.SysCtlIntRegister
                0x0000000000001880       0x14 /home/anirban/ccs_workspace2/Servo_motor/libdriver.a(sysctl.o)
                0x0000000000001880                SysCtlIntRegister
 .text.SysCtlIntUnregister
                0x0000000000001894       0x12 /home/anirban/ccs_workspace2/Servo_motor/libdriver.a(sysctl.o)
                0x0000000000001894                SysCtlIntUnregister
 *fill*         0x00000000000018a6        0x2 
 .text.SysCtlIntEnable
                0x00000000000018a8       0x10 /home/anirban/ccs_workspace2/Servo_motor/libdriver.a(sysctl.o)
                0x00000000000018a8                SysCtlIntEnable
 .text.SysCtlIntDisable
                0x00000000000018b8       0x10 /home/anirban/ccs_workspace2/Servo_motor/libdriver.a(sysctl.o)
                0x00000000000018b8                SysCtlIntDisable
 .text.SysCtlIntClear
                0x00000000000018c8        0xc /home/anirban/ccs_workspace2/Servo_motor/libdriver.a(sysctl.o)
                0x00000000000018c8                SysCtlIntClear
 .text.SysCtlIntStatus
                0x00000000000018d4       0x14 /home/anirban/ccs_workspace2/Servo_motor/libdriver.a(sysctl.o)
                0x00000000000018d4                SysCtlIntStatus
 .text.SysCtlLDOSleepSet
                0x00000000000018e8        0xc /home/anirban/ccs_workspace2/Servo_motor/libdriver.a(sysctl.o)
                0x00000000000018e8                SysCtlLDOSleepSet
 .text.SysCtlLDOSleepGet
                0x00000000000018f4        0xc /home/anirban/ccs_workspace2/Servo_motor/libdriver.a(sysctl.o)
                0x00000000000018f4                SysCtlLDOSleepGet
 .text.SysCtlLDODeepSleepSet
                0x0000000000001900        0xc /home/anirban/ccs_workspace2/Servo_motor/libdriver.a(sysctl.o)
                0x0000000000001900                SysCtlLDODeepSleepSet
 .text.SysCtlLDODeepSleepGet
                0x000000000000190c        0xc /home/anirban/ccs_workspace2/Servo_motor/libdriver.a(sysctl.o)
                0x000000000000190c                SysCtlLDODeepSleepGet
 .text.SysCtlSleepPowerSet
                0x0000000000001918        0xc /home/anirban/ccs_workspace2/Servo_motor/libdriver.a(sysctl.o)
                0x0000000000001918                SysCtlSleepPowerSet
 .text.SysCtlDeepSleepPowerSet
                0x0000000000001924        0xc /home/anirban/ccs_workspace2/Servo_motor/libdriver.a(sysctl.o)
                0x0000000000001924                SysCtlDeepSleepPowerSet
 .text.SysCtlReset
                0x0000000000001930       0x10 /home/anirban/ccs_workspace2/Servo_motor/libdriver.a(sysctl.o)
                0x0000000000001930                SysCtlReset
 .text.SysCtlSleep
                0x0000000000001940        0x4 /home/anirban/ccs_workspace2/Servo_motor/libdriver.a(sysctl.o)
                0x0000000000001940                SysCtlSleep
 .text.SysCtlDeepSleep
                0x0000000000001944       0x20 /home/anirban/ccs_workspace2/Servo_motor/libdriver.a(sysctl.o)
                0x0000000000001944                SysCtlDeepSleep
 .text.SysCtlResetCauseGet
                0x0000000000001964        0xc /home/anirban/ccs_workspace2/Servo_motor/libdriver.a(sysctl.o)
                0x0000000000001964                SysCtlResetCauseGet
 .text.SysCtlResetCauseClear
                0x0000000000001970       0x10 /home/anirban/ccs_workspace2/Servo_motor/libdriver.a(sysctl.o)
                0x0000000000001970                SysCtlResetCauseClear
 .text.SysCtlDelay
                0x0000000000001980        0x8 /home/anirban/ccs_workspace2/Servo_motor/libdriver.a(sysctl.o)
                0x0000000000001980                SysCtlDelay
 .text.SysCtlMOSCConfigSet
                0x0000000000001988        0xc /home/anirban/ccs_workspace2/Servo_motor/libdriver.a(sysctl.o)
                0x0000000000001988                SysCtlMOSCConfigSet
 .text.SysCtlPIOSCCalibrate
                0x0000000000001994       0x48 /home/anirban/ccs_workspace2/Servo_motor/libdriver.a(sysctl.o)
                0x0000000000001994                SysCtlPIOSCCalibrate
 .text.SysCtlResetBehaviorSet
                0x00000000000019dc        0xc /home/anirban/ccs_workspace2/Servo_motor/libdriver.a(sysctl.o)
                0x00000000000019dc                SysCtlResetBehaviorSet
 .text.SysCtlResetBehaviorGet
                0x00000000000019e8        0xc /home/anirban/ccs_workspace2/Servo_motor/libdriver.a(sysctl.o)
                0x00000000000019e8                SysCtlResetBehaviorGet
 .text.SysCtlClockFreqSet
                0x00000000000019f4      0x234 /home/anirban/ccs_workspace2/Servo_motor/libdriver.a(sysctl.o)
                0x00000000000019f4                SysCtlClockFreqSet
 .text.SysCtlClockSet
                0x0000000000001c28      0x114 /home/anirban/ccs_workspace2/Servo_motor/libdriver.a(sysctl.o)
                0x0000000000001c28                SysCtlClockSet
 .text.SysCtlClockGet
                0x0000000000001d3c      0x160 /home/anirban/ccs_workspace2/Servo_motor/libdriver.a(sysctl.o)
                0x0000000000001d3c                SysCtlClockGet
 .text.SysCtlDeepSleepClockSet
                0x0000000000001e9c        0xc /home/anirban/ccs_workspace2/Servo_motor/libdriver.a(sysctl.o)
                0x0000000000001e9c                SysCtlDeepSleepClockSet
 .text.SysCtlDeepSleepClockConfigSet
                0x0000000000001ea8       0x60 /home/anirban/ccs_workspace2/Servo_motor/libdriver.a(sysctl.o)
                0x0000000000001ea8                SysCtlDeepSleepClockConfigSet
 .text.SysCtlPWMClockSet
                0x0000000000001f08       0x14 /home/anirban/ccs_workspace2/Servo_motor/libdriver.a(sysctl.o)
                0x0000000000001f08                SysCtlPWMClockSet
 .text.SysCtlPWMClockGet
                0x0000000000001f1c       0x18 /home/anirban/ccs_workspace2/Servo_motor/libdriver.a(sysctl.o)
                0x0000000000001f1c                SysCtlPWMClockGet
 .text.SysCtlGPIOAHBEnable
                0x0000000000001f34       0x18 /home/anirban/ccs_workspace2/Servo_motor/libdriver.a(sysctl.o)
                0x0000000000001f34                SysCtlGPIOAHBEnable
 .text.SysCtlGPIOAHBDisable
                0x0000000000001f4c       0x1c /home/anirban/ccs_workspace2/Servo_motor/libdriver.a(sysctl.o)
                0x0000000000001f4c                SysCtlGPIOAHBDisable
 .text.SysCtlUSBPLLEnable
                0x0000000000001f68       0x10 /home/anirban/ccs_workspace2/Servo_motor/libdriver.a(sysctl.o)
                0x0000000000001f68                SysCtlUSBPLLEnable
 .text.SysCtlUSBPLLDisable
                0x0000000000001f78       0x10 /home/anirban/ccs_workspace2/Servo_motor/libdriver.a(sysctl.o)
                0x0000000000001f78                SysCtlUSBPLLDisable
 .text.SysCtlVoltageEventConfig
                0x0000000000001f88        0xc /home/anirban/ccs_workspace2/Servo_motor/libdriver.a(sysctl.o)
                0x0000000000001f88                SysCtlVoltageEventConfig
 .text.SysCtlVoltageEventStatus
                0x0000000000001f94        0xc /home/anirban/ccs_workspace2/Servo_motor/libdriver.a(sysctl.o)
                0x0000000000001f94                SysCtlVoltageEventStatus
 .text.SysCtlVoltageEventClear
                0x0000000000001fa0       0x10 /home/anirban/ccs_workspace2/Servo_motor/libdriver.a(sysctl.o)
                0x0000000000001fa0                SysCtlVoltageEventClear
 .text.SysCtlNMIStatus
                0x0000000000001fb0        0xc /home/anirban/ccs_workspace2/Servo_motor/libdriver.a(sysctl.o)
                0x0000000000001fb0                SysCtlNMIStatus
 .text.SysCtlNMIClear
                0x0000000000001fbc       0x10 /home/anirban/ccs_workspace2/Servo_motor/libdriver.a(sysctl.o)
                0x0000000000001fbc                SysCtlNMIClear
 .text.SysCtlClockOutConfig
                0x0000000000001fcc       0x10 /home/anirban/ccs_workspace2/Servo_motor/libdriver.a(sysctl.o)
                0x0000000000001fcc                SysCtlClockOutConfig
 .text.SysCtlAltClkConfig
                0x0000000000001fdc        0xc /home/anirban/ccs_workspace2/Servo_motor/libdriver.a(sysctl.o)
                0x0000000000001fdc                SysCtlAltClkConfig
 .text.CPUcpsid
                0x0000000000001fe8        0x8 /home/anirban/ccs_workspace2/Servo_motor/libdriver.a(cpu.o)
                0x0000000000001fe8                CPUcpsid
 .text.CPUprimask
                0x0000000000001ff0        0x6 /home/anirban/ccs_workspace2/Servo_motor/libdriver.a(cpu.o)
                0x0000000000001ff0                CPUprimask
 .text.CPUcpsie
                0x0000000000001ff6        0x8 /home/anirban/ccs_workspace2/Servo_motor/libdriver.a(cpu.o)
                0x0000000000001ff6                CPUcpsie
 .text.CPUwfi   0x0000000000001ffe        0x4 /home/anirban/ccs_workspace2/Servo_motor/libdriver.a(cpu.o)
                0x0000000000001ffe                CPUwfi
 .text.CPUbasepriSet
                0x0000000000002002        0x6 /home/anirban/ccs_workspace2/Servo_motor/libdriver.a(cpu.o)
                0x0000000000002002                CPUbasepriSet
 .text.CPUbasepriGet
                0x0000000000002008        0x6 /home/anirban/ccs_workspace2/Servo_motor/libdriver.a(cpu.o)
                0x0000000000002008                CPUbasepriGet
 *fill*         0x000000000000200e        0x2 
 .text.exit     0x0000000000002010       0x20 /home/anirban/ti/ccs1020/ccs/tools/compiler/gcc-arm-none-eabi-7-2017-q4-major/bin/../lib/gcc/arm-none-eabi/7.2.1/../../../../arm-none-eabi/lib/thumb/v7e-m/libg.a(lib_a-exit.o)
                0x0000000000002010                exit
 .text.__libc_init_array
                0x0000000000002030       0x48 /home/anirban/ti/ccs1020/ccs/tools/compiler/gcc-arm-none-eabi-7-2017-q4-major/bin/../lib/gcc/arm-none-eabi/7.2.1/../../../../arm-none-eabi/lib/thumb/v7e-m/libg.a(lib_a-init.o)
                0x0000000000002030                __libc_init_array
 .text.memset   0x0000000000002078       0x94 /home/anirban/ti/ccs1020/ccs/tools/compiler/gcc-arm-none-eabi-7-2017-q4-major/bin/../lib/gcc/arm-none-eabi/7.2.1/../../../../arm-none-eabi/lib/thumb/v7e-m/libg.a(lib_a-memset.o)
                0x0000000000002078                memset
 .text.startup.register_fini
                0x000000000000210c       0x14 /home/anirban/ti/ccs1020/ccs/tools/compiler/gcc-arm-none-eabi-7-2017-q4-major/bin/../lib/gcc/arm-none-eabi/7.2.1/../../../../arm-none-eabi/lib/thumb/v7e-m/libg.a(lib_a-__call_atexit.o)
 .text.__call_exitprocs
                0x0000000000002120       0xe8 /home/anirban/ti/ccs1020/ccs/tools/compiler/gcc-arm-none-eabi-7-2017-q4-major/bin/../lib/gcc/arm-none-eabi/7.2.1/../../../../arm-none-eabi/lib/thumb/v7e-m/libg.a(lib_a-__call_atexit.o)
                0x0000000000002120                __call_exitprocs
 .text.atexit   0x0000000000002208        0xc /home/anirban/ti/ccs1020/ccs/tools/compiler/gcc-arm-none-eabi-7-2017-q4-major/bin/../lib/gcc/arm-none-eabi/7.2.1/../../../../arm-none-eabi/lib/thumb/v7e-m/libg.a(lib_a-atexit.o)
                0x0000000000002208                atexit
 .text.__libc_fini_array
                0x0000000000002214       0x34 /home/anirban/ti/ccs1020/ccs/tools/compiler/gcc-arm-none-eabi-7-2017-q4-major/bin/../lib/gcc/arm-none-eabi/7.2.1/../../../../arm-none-eabi/lib/thumb/v7e-m/libg.a(lib_a-fini.o)
                0x0000000000002214                __libc_fini_array
 .text.__retarget_lock_init
                0x0000000000002248        0x4 /home/anirban/ti/ccs1020/ccs/tools/compiler/gcc-arm-none-eabi-7-2017-q4-major/bin/../lib/gcc/arm-none-eabi/7.2.1/../../../../arm-none-eabi/lib/thumb/v7e-m/libg.a(lib_a-lock.o)
                0x0000000000002248                __retarget_lock_init
 .text.__retarget_lock_init_recursive
                0x000000000000224c        0x4 /home/anirban/ti/ccs1020/ccs/tools/compiler/gcc-arm-none-eabi-7-2017-q4-major/bin/../lib/gcc/arm-none-eabi/7.2.1/../../../../arm-none-eabi/lib/thumb/v7e-m/libg.a(lib_a-lock.o)
                0x000000000000224c                __retarget_lock_init_recursive
 .text.__retarget_lock_close
                0x0000000000002250        0x4 /home/anirban/ti/ccs1020/ccs/tools/compiler/gcc-arm-none-eabi-7-2017-q4-major/bin/../lib/gcc/arm-none-eabi/7.2.1/../../../../arm-none-eabi/lib/thumb/v7e-m/libg.a(lib_a-lock.o)
                0x0000000000002250                __retarget_lock_close
 .text.__retarget_lock_close_recursive
                0x0000000000002254        0x4 /home/anirban/ti/ccs1020/ccs/tools/compiler/gcc-arm-none-eabi-7-2017-q4-major/bin/../lib/gcc/arm-none-eabi/7.2.1/../../../../arm-none-eabi/lib/thumb/v7e-m/libg.a(lib_a-lock.o)
                0x0000000000002254                __retarget_lock_close_recursive
 .text.__retarget_lock_acquire
                0x0000000000002258        0x4 /home/anirban/ti/ccs1020/ccs/tools/compiler/gcc-arm-none-eabi-7-2017-q4-major/bin/../lib/gcc/arm-none-eabi/7.2.1/../../../../arm-none-eabi/lib/thumb/v7e-m/libg.a(lib_a-lock.o)
                0x0000000000002258                __retarget_lock_acquire
 .text.__retarget_lock_acquire_recursive
                0x000000000000225c        0x4 /home/anirban/ti/ccs1020/ccs/tools/compiler/gcc-arm-none-eabi-7-2017-q4-major/bin/../lib/gcc/arm-none-eabi/7.2.1/../../../../arm-none-eabi/lib/thumb/v7e-m/libg.a(lib_a-lock.o)
                0x000000000000225c                __retarget_lock_acquire_recursive
 .text.__retarget_lock_try_acquire
                0x0000000000002260        0x4 /home/anirban/ti/ccs1020/ccs/tools/compiler/gcc-arm-none-eabi-7-2017-q4-major/bin/../lib/gcc/arm-none-eabi/7.2.1/../../../../arm-none-eabi/lib/thumb/v7e-m/libg.a(lib_a-lock.o)
                0x0000000000002260                __retarget_lock_try_acquire
 .text.__retarget_lock_try_acquire_recursive
                0x0000000000002264        0x4 /home/anirban/ti/ccs1020/ccs/tools/compiler/gcc-arm-none-eabi-7-2017-q4-major/bin/../lib/gcc/arm-none-eabi/7.2.1/../../../../arm-none-eabi/lib/thumb/v7e-m/libg.a(lib_a-lock.o)
                0x0000000000002264                __retarget_lock_try_acquire_recursive
 .text.__retarget_lock_release
                0x0000000000002268        0x4 /home/anirban/ti/ccs1020/ccs/tools/compiler/gcc-arm-none-eabi-7-2017-q4-major/bin/../lib/gcc/arm-none-eabi/7.2.1/../../../../arm-none-eabi/lib/thumb/v7e-m/libg.a(lib_a-lock.o)
                0x0000000000002268                __retarget_lock_release
 .text.__retarget_lock_release_recursive
                0x000000000000226c        0x4 /home/anirban/ti/ccs1020/ccs/tools/compiler/gcc-arm-none-eabi-7-2017-q4-major/bin/../lib/gcc/arm-none-eabi/7.2.1/../../../../arm-none-eabi/lib/thumb/v7e-m/libg.a(lib_a-lock.o)
                0x000000000000226c                __retarget_lock_release_recursive
 .text.__register_exitproc
                0x0000000000002270       0xc0 /home/anirban/ti/ccs1020/ccs/tools/compiler/gcc-arm-none-eabi-7-2017-q4-major/bin/../lib/gcc/arm-none-eabi/7.2.1/../../../../arm-none-eabi/lib/thumb/v7e-m/libg.a(lib_a-__atexit.o)
                0x0000000000002270                __register_exitproc
 .text._exit    0x0000000000002330        0x4 /home/anirban/ti/ccs1020/ccs/tools/compiler/gcc-arm-none-eabi-7-2017-q4-major/bin/../lib/gcc/arm-none-eabi/7.2.1/../../../../arm-none-eabi/lib/thumb/v7e-m/libnosys.a(_exit.o)
                0x0000000000002330                _exit
                0x0000000000002334                . = ALIGN (0x4)
 *(.ctors)
                0x0000000000002334                . = ALIGN (0x4)
 *(.dtors)
                0x0000000000002334                . = ALIGN (0x4)
                0x0000000000002334                __init_array_start = .
 *(.init_array*)
 .init_array    0x0000000000002334        0x4 /home/anirban/ti/ccs1020/ccs/tools/compiler/gcc-arm-none-eabi-7-2017-q4-major/bin/../lib/gcc/arm-none-eabi/7.2.1/thumb/v7e-m/crtbegin.o
 .init_array.00000
                0x0000000000002338        0x4 /home/anirban/ti/ccs1020/ccs/tools/compiler/gcc-arm-none-eabi-7-2017-q4-major/bin/../lib/gcc/arm-none-eabi/7.2.1/../../../../arm-none-eabi/lib/thumb/v7e-m/libg.a(lib_a-__call_atexit.o)
                0x000000000000233c                __init_array_end = .
 *(.init)
 .init          0x000000000000233c        0x4 /home/anirban/ti/ccs1020/ccs/tools/compiler/gcc-arm-none-eabi-7-2017-q4-major/bin/../lib/gcc/arm-none-eabi/7.2.1/thumb/v7e-m/crti.o
                0x000000000000233c                _init
 .init          0x0000000000002340        0x8 /home/anirban/ti/ccs1020/ccs/tools/compiler/gcc-arm-none-eabi-7-2017-q4-major/bin/../lib/gcc/arm-none-eabi/7.2.1/thumb/v7e-m/crtn.o
 *(.fini*)
 .fini          0x0000000000002348        0x4 /home/anirban/ti/ccs1020/ccs/tools/compiler/gcc-arm-none-eabi-7-2017-q4-major/bin/../lib/gcc/arm-none-eabi/7.2.1/thumb/v7e-m/crti.o
                0x0000000000002348                _fini
 .fini_array    0x000000000000234c        0x4 /home/anirban/ti/ccs1020/ccs/tools/compiler/gcc-arm-none-eabi-7-2017-q4-major/bin/../lib/gcc/arm-none-eabi/7.2.1/thumb/v7e-m/crtbegin.o
 .fini          0x0000000000002350        0x8 /home/anirban/ti/ccs1020/ccs/tools/compiler/gcc-arm-none-eabi-7-2017-q4-major/bin/../lib/gcc/arm-none-eabi/7.2.1/thumb/v7e-m/crtn.o
                [!provide]                        PROVIDE (__etext, .)
                [!provide]                        PROVIDE (_etext, .)
                [!provide]                        PROVIDE (etext, .)

.glue_7         0x0000000000002358        0x0
 .glue_7        0x0000000000002358        0x0 linker stubs

.glue_7t        0x0000000000002358        0x0
 .glue_7t       0x0000000000002358        0x0 linker stubs

.vfp11_veneer   0x0000000000002358        0x0
 .vfp11_veneer  0x0000000000002358        0x0 linker stubs

.v4_bx          0x0000000000002358        0x0
 .v4_bx         0x0000000000002358        0x0 linker stubs

.iplt           0x0000000000002358        0x0
 .iplt          0x0000000000002358        0x0 /home/anirban/ti/ccs1020/ccs/tools/compiler/gcc-arm-none-eabi-7-2017-q4-major/bin/../lib/gcc/arm-none-eabi/7.2.1/thumb/v7e-m/crtbegin.o

.rodata         0x0000000000002358      0x4e4
 *(.rodata)
 *(.rodata*)
 .rodata.g_ppui32GPIOIntMapBlizzard
                0x0000000000002358       0xc0 /home/anirban/ccs_workspace2/Servo_motor/libdriver.a(gpio.o)
 .rodata.g_ppui32GPIOIntMapSnowflake
                0x0000000000002418       0xc0 /home/anirban/ccs_workspace2/Servo_motor/libdriver.a(gpio.o)
 .rodata.g_pui32GPIOBaseAddrs
                0x00000000000024d8       0x90 /home/anirban/ccs_workspace2/Servo_motor/libdriver.a(gpio.o)
 .rodata.g_pui32Dii16Regs
                0x0000000000002568       0x14 /home/anirban/ccs_workspace2/Servo_motor/libdriver.a(interrupt.o)
 .rodata.g_pui32EnRegs
                0x000000000000257c       0x14 /home/anirban/ccs_workspace2/Servo_motor/libdriver.a(interrupt.o)
 .rodata.g_pui32PendRegs
                0x0000000000002590       0x14 /home/anirban/ccs_workspace2/Servo_motor/libdriver.a(interrupt.o)
 .rodata.g_pui32Priority
                0x00000000000025a4       0x20 /home/anirban/ccs_workspace2/Servo_motor/libdriver.a(interrupt.o)
 .rodata.g_pui32Regs
                0x00000000000025c4       0x9c /home/anirban/ccs_workspace2/Servo_motor/libdriver.a(interrupt.o)
 .rodata.g_pui32UnpendRegs
                0x0000000000002660       0x14 /home/anirban/ccs_workspace2/Servo_motor/libdriver.a(interrupt.o)
 .rodata.g_pppui32XTALtoVCO
                0x0000000000002674      0x120 /home/anirban/ccs_workspace2/Servo_motor/libdriver.a(sysctl.o)
 .rodata.g_pui32VCOFrequencies
                0x0000000000002794        0x8 /home/anirban/ccs_workspace2/Servo_motor/libdriver.a(sysctl.o)
 .rodata.g_pui32Xtals
                0x000000000000279c       0x6c /home/anirban/ccs_workspace2/Servo_motor/libdriver.a(sysctl.o)
 .rodata.g_sXTALtoMEMTIM
                0x0000000000002808       0x30 /home/anirban/ccs_workspace2/Servo_motor/libdriver.a(sysctl.o)
 .rodata._global_impure_ptr
                0x0000000000002838        0x4 /home/anirban/ti/ccs1020/ccs/tools/compiler/gcc-arm-none-eabi-7-2017-q4-major/bin/../lib/gcc/arm-none-eabi/7.2.1/../../../../arm-none-eabi/lib/thumb/v7e-m/libg.a(lib_a-impure.o)
                0x0000000000002838                _global_impure_ptr

.eh_frame       0x000000000000283c        0x4
 .eh_frame      0x000000000000283c        0x0 /home/anirban/ti/ccs1020/ccs/tools/compiler/gcc-arm-none-eabi-7-2017-q4-major/bin/../lib/gcc/arm-none-eabi/7.2.1/thumb/v7e-m/crtbegin.o
 .eh_frame      0x000000000000283c        0x4 /home/anirban/ti/ccs1020/ccs/tools/compiler/gcc-arm-none-eabi-7-2017-q4-major/bin/../lib/gcc/arm-none-eabi/7.2.1/thumb/v7e-m/crtend.o

.data           0x0000000020000000      0x434 load address 0x0000000000002840
                0x0000000000002840                __data_load__ = LOADADDR (.data)
                0x0000000020000000                __data_start__ = .
 *(.data)
 .data          0x0000000020000000        0x0 /home/anirban/ti/ccs1020/ccs/tools/compiler/gcc-arm-none-eabi-7-2017-q4-major/bin/../lib/gcc/arm-none-eabi/7.2.1/thumb/v7e-m/crti.o
 .data          0x0000000020000000        0x4 /home/anirban/ti/ccs1020/ccs/tools/compiler/gcc-arm-none-eabi-7-2017-q4-major/bin/../lib/gcc/arm-none-eabi/7.2.1/thumb/v7e-m/crtbegin.o
                0x0000000020000000                __dso_handle
 .data          0x0000000020000004        0x0 /home/anirban/ti/ccs1020/ccs/tools/compiler/gcc-arm-none-eabi-7-2017-q4-major/bin/../lib/gcc/arm-none-eabi/7.2.1/../../../../arm-none-eabi/lib/thumb/v7e-m/crt0.o
 .data          0x0000000020000004        0x0 ./main.o
 .data          0x0000000020000004        0x0 ./tm4c123gh6pm_startup_ccs_gcc.o
 .data          0x0000000020000004        0x0 /home/anirban/ccs_workspace2/Servo_motor/libdriver.a(gpio.o)
 .data          0x0000000020000004        0x0 /home/anirban/ccs_workspace2/Servo_motor/libdriver.a(interrupt.o)
 .data          0x0000000020000004        0x0 /home/anirban/ccs_workspace2/Servo_motor/libdriver.a(pwm.o)
 .data          0x0000000020000004        0x0 /home/anirban/ccs_workspace2/Servo_motor/libdriver.a(sysctl.o)
 .data          0x0000000020000004        0x0 /home/anirban/ccs_workspace2/Servo_motor/libdriver.a(cpu.o)
 .data          0x0000000020000004        0x0 /home/anirban/ti/ccs1020/ccs/tools/compiler/gcc-arm-none-eabi-7-2017-q4-major/bin/../lib/gcc/arm-none-eabi/7.2.1/thumb/v7e-m/libgcc.a(_arm_addsubsf3.o)
 .data          0x0000000020000004        0x0 /home/anirban/ti/ccs1020/ccs/tools/compiler/gcc-arm-none-eabi-7-2017-q4-major/bin/../lib/gcc/arm-none-eabi/7.2.1/thumb/v7e-m/libgcc.a(_arm_muldivsf3.o)
 .data          0x0000000020000004        0x0 /home/anirban/ti/ccs1020/ccs/tools/compiler/gcc-arm-none-eabi-7-2017-q4-major/bin/../lib/gcc/arm-none-eabi/7.2.1/thumb/v7e-m/libgcc.a(_arm_fixsfsi.o)
 .data          0x0000000020000004        0x0 /home/anirban/ti/ccs1020/ccs/tools/compiler/gcc-arm-none-eabi-7-2017-q4-major/bin/../lib/gcc/arm-none-eabi/7.2.1/../../../../arm-none-eabi/lib/thumb/v7e-m/libg.a(lib_a-exit.o)
 .data          0x0000000020000004        0x0 /home/anirban/ti/ccs1020/ccs/tools/compiler/gcc-arm-none-eabi-7-2017-q4-major/bin/../lib/gcc/arm-none-eabi/7.2.1/../../../../arm-none-eabi/lib/thumb/v7e-m/libg.a(lib_a-impure.o)
 .data          0x0000000020000004        0x0 /home/anirban/ti/ccs1020/ccs/tools/compiler/gcc-arm-none-eabi-7-2017-q4-major/bin/../lib/gcc/arm-none-eabi/7.2.1/../../../../arm-none-eabi/lib/thumb/v7e-m/libg.a(lib_a-init.o)
 .data          0x0000000020000004        0x0 /home/anirban/ti/ccs1020/ccs/tools/compiler/gcc-arm-none-eabi-7-2017-q4-major/bin/../lib/gcc/arm-none-eabi/7.2.1/../../../../arm-none-eabi/lib/thumb/v7e-m/libg.a(lib_a-memset.o)
 .data          0x0000000020000004        0x0 /home/anirban/ti/ccs1020/ccs/tools/compiler/gcc-arm-none-eabi-7-2017-q4-major/bin/../lib/gcc/arm-none-eabi/7.2.1/../../../../arm-none-eabi/lib/thumb/v7e-m/libg.a(lib_a-__call_atexit.o)
 .data          0x0000000020000004        0x0 /home/anirban/ti/ccs1020/ccs/tools/compiler/gcc-arm-none-eabi-7-2017-q4-major/bin/../lib/gcc/arm-none-eabi/7.2.1/../../../../arm-none-eabi/lib/thumb/v7e-m/libg.a(lib_a-atexit.o)
 .data          0x0000000020000004        0x0 /home/anirban/ti/ccs1020/ccs/tools/compiler/gcc-arm-none-eabi-7-2017-q4-major/bin/../lib/gcc/arm-none-eabi/7.2.1/../../../../arm-none-eabi/lib/thumb/v7e-m/libg.a(lib_a-fini.o)
 .data          0x0000000020000004        0x0 /home/anirban/ti/ccs1020/ccs/tools/compiler/gcc-arm-none-eabi-7-2017-q4-major/bin/../lib/gcc/arm-none-eabi/7.2.1/../../../../arm-none-eabi/lib/thumb/v7e-m/libg.a(lib_a-lock.o)
 .data          0x0000000020000004        0x0 /home/anirban/ti/ccs1020/ccs/tools/compiler/gcc-arm-none-eabi-7-2017-q4-major/bin/../lib/gcc/arm-none-eabi/7.2.1/../../../../arm-none-eabi/lib/thumb/v7e-m/libg.a(lib_a-__atexit.o)
 .data          0x0000000020000004        0x0 /home/anirban/ti/ccs1020/ccs/tools/compiler/gcc-arm-none-eabi-7-2017-q4-major/bin/../lib/gcc/arm-none-eabi/7.2.1/../../../../arm-none-eabi/lib/thumb/v7e-m/libnosys.a(_exit.o)
 .data          0x0000000020000004        0x0 /home/anirban/ti/ccs1020/ccs/tools/compiler/gcc-arm-none-eabi-7-2017-q4-major/bin/../lib/gcc/arm-none-eabi/7.2.1/thumb/v7e-m/crtend.o
 .data          0x0000000020000004        0x0 /home/anirban/ti/ccs1020/ccs/tools/compiler/gcc-arm-none-eabi-7-2017-q4-major/bin/../lib/gcc/arm-none-eabi/7.2.1/thumb/v7e-m/crtn.o
 *(.data*)
 .data._impure_ptr
                0x0000000020000004        0x4 /home/anirban/ti/ccs1020/ccs/tools/compiler/gcc-arm-none-eabi-7-2017-q4-major/bin/../lib/gcc/arm-none-eabi/7.2.1/../../../../arm-none-eabi/lib/thumb/v7e-m/libg.a(lib_a-impure.o)
                0x0000000020000004                _impure_ptr
 .data.impure_data
                0x0000000020000008      0x428 /home/anirban/ti/ccs1020/ccs/tools/compiler/gcc-arm-none-eabi-7-2017-q4-major/bin/../lib/gcc/arm-none-eabi/7.2.1/../../../../arm-none-eabi/lib/thumb/v7e-m/libg.a(lib_a-impure.o)
 .data.__atexit_recursive_mutex
                0x0000000020000430        0x4 /home/anirban/ti/ccs1020/ccs/tools/compiler/gcc-arm-none-eabi-7-2017-q4-major/bin/../lib/gcc/arm-none-eabi/7.2.1/../../../../arm-none-eabi/lib/thumb/v7e-m/libg.a(lib_a-__call_atexit.o)
                0x0000000020000430                __atexit_recursive_mutex
                0x0000000020000434                . = ALIGN (0x4)
                0x0000000020000434                __data_end__ = .

.igot.plt       0x0000000020000434        0x0 load address 0x0000000000002c74
 .igot.plt      0x0000000020000434        0x0 /home/anirban/ti/ccs1020/ccs/tools/compiler/gcc-arm-none-eabi-7-2017-q4-major/bin/../lib/gcc/arm-none-eabi/7.2.1/thumb/v7e-m/crtbegin.o

vtable          0x0000000020000800      0x26c load address 0x0000000000002c74
 vtable         0x0000000020000800      0x26c /home/anirban/ccs_workspace2/Servo_motor/libdriver.a(interrupt.o)

.ARM.exidx      0x0000000000002ee0        0x8
                0x0000000000002ee0                __exidx_start = .
 *(.ARM.exidx* .gnu.linkonce.armexidx.*)
 .ARM.exidx     0x0000000000002ee0        0x8 /home/anirban/ti/ccs1020/ccs/tools/compiler/gcc-arm-none-eabi-7-2017-q4-major/bin/../lib/gcc/arm-none-eabi/7.2.1/../../../../arm-none-eabi/lib/thumb/v7e-m/crt0.o
                0x0000000000002ee8                __exidx_end = .

.ARM.extab      0x0000000000002ee8        0x0
 *(.ARM.extab* .gnu.linkonce.armextab.*)
 .ARM.extab     0x0000000000002ee8        0x0 /home/anirban/ti/ccs1020/ccs/tools/compiler/gcc-arm-none-eabi-7-2017-q4-major/bin/../lib/gcc/arm-none-eabi/7.2.1/../../../../arm-none-eabi/lib/thumb/v7e-m/crt0.o

.rel.dyn        0x0000000000002ee8        0x0
 .rel.iplt      0x0000000000002ee8        0x0 /home/anirban/ti/ccs1020/ccs/tools/compiler/gcc-arm-none-eabi-7-2017-q4-major/bin/../lib/gcc/arm-none-eabi/7.2.1/thumb/v7e-m/crtbegin.o

.bss            0x0000000020000a6c      0x240
                0x0000000020000a6c                __bss_start__ = .
 *(.shbss)
 *(.bss)
 .bss           0x0000000020000a6c        0x0 /home/anirban/ti/ccs1020/ccs/tools/compiler/gcc-arm-none-eabi-7-2017-q4-major/bin/../lib/gcc/arm-none-eabi/7.2.1/thumb/v7e-m/crti.o
 .bss           0x0000000020000a6c       0x1c /home/anirban/ti/ccs1020/ccs/tools/compiler/gcc-arm-none-eabi-7-2017-q4-major/bin/../lib/gcc/arm-none-eabi/7.2.1/thumb/v7e-m/crtbegin.o
 .bss           0x0000000020000a88        0x0 /home/anirban/ti/ccs1020/ccs/tools/compiler/gcc-arm-none-eabi-7-2017-q4-major/bin/../lib/gcc/arm-none-eabi/7.2.1/../../../../arm-none-eabi/lib/thumb/v7e-m/crt0.o
 .bss           0x0000000020000a88        0x0 ./main.o
 .bss           0x0000000020000a88        0x0 ./tm4c123gh6pm_startup_ccs_gcc.o
 .bss           0x0000000020000a88        0x0 /home/anirban/ccs_workspace2/Servo_motor/libdriver.a(gpio.o)
 .bss           0x0000000020000a88        0x0 /home/anirban/ccs_workspace2/Servo_motor/libdriver.a(interrupt.o)
 .bss           0x0000000020000a88        0x0 /home/anirban/ccs_workspace2/Servo_motor/libdriver.a(pwm.o)
 .bss           0x0000000020000a88        0x0 /home/anirban/ccs_workspace2/Servo_motor/libdriver.a(sysctl.o)
 .bss           0x0000000020000a88        0x0 /home/anirban/ccs_workspace2/Servo_motor/libdriver.a(cpu.o)
 .bss           0x0000000020000a88        0x0 /home/anirban/ti/ccs1020/ccs/tools/compiler/gcc-arm-none-eabi-7-2017-q4-major/bin/../lib/gcc/arm-none-eabi/7.2.1/thumb/v7e-m/libgcc.a(_arm_addsubsf3.o)
 .bss           0x0000000020000a88        0x0 /home/anirban/ti/ccs1020/ccs/tools/compiler/gcc-arm-none-eabi-7-2017-q4-major/bin/../lib/gcc/arm-none-eabi/7.2.1/thumb/v7e-m/libgcc.a(_arm_muldivsf3.o)
 .bss           0x0000000020000a88        0x0 /home/anirban/ti/ccs1020/ccs/tools/compiler/gcc-arm-none-eabi-7-2017-q4-major/bin/../lib/gcc/arm-none-eabi/7.2.1/thumb/v7e-m/libgcc.a(_arm_fixsfsi.o)
 .bss           0x0000000020000a88        0x0 /home/anirban/ti/ccs1020/ccs/tools/compiler/gcc-arm-none-eabi-7-2017-q4-major/bin/../lib/gcc/arm-none-eabi/7.2.1/../../../../arm-none-eabi/lib/thumb/v7e-m/libg.a(lib_a-exit.o)
 .bss           0x0000000020000a88        0x0 /home/anirban/ti/ccs1020/ccs/tools/compiler/gcc-arm-none-eabi-7-2017-q4-major/bin/../lib/gcc/arm-none-eabi/7.2.1/../../../../arm-none-eabi/lib/thumb/v7e-m/libg.a(lib_a-impure.o)
 .bss           0x0000000020000a88        0x0 /home/anirban/ti/ccs1020/ccs/tools/compiler/gcc-arm-none-eabi-7-2017-q4-major/bin/../lib/gcc/arm-none-eabi/7.2.1/../../../../arm-none-eabi/lib/thumb/v7e-m/libg.a(lib_a-init.o)
 .bss           0x0000000020000a88        0x0 /home/anirban/ti/ccs1020/ccs/tools/compiler/gcc-arm-none-eabi-7-2017-q4-major/bin/../lib/gcc/arm-none-eabi/7.2.1/../../../../arm-none-eabi/lib/thumb/v7e-m/libg.a(lib_a-memset.o)
 .bss           0x0000000020000a88        0x0 /home/anirban/ti/ccs1020/ccs/tools/compiler/gcc-arm-none-eabi-7-2017-q4-major/bin/../lib/gcc/arm-none-eabi/7.2.1/../../../../arm-none-eabi/lib/thumb/v7e-m/libg.a(lib_a-__call_atexit.o)
 .bss           0x0000000020000a88        0x0 /home/anirban/ti/ccs1020/ccs/tools/compiler/gcc-arm-none-eabi-7-2017-q4-major/bin/../lib/gcc/arm-none-eabi/7.2.1/../../../../arm-none-eabi/lib/thumb/v7e-m/libg.a(lib_a-atexit.o)
 .bss           0x0000000020000a88        0x0 /home/anirban/ti/ccs1020/ccs/tools/compiler/gcc-arm-none-eabi-7-2017-q4-major/bin/../lib/gcc/arm-none-eabi/7.2.1/../../../../arm-none-eabi/lib/thumb/v7e-m/libg.a(lib_a-fini.o)
 .bss           0x0000000020000a88        0x0 /home/anirban/ti/ccs1020/ccs/tools/compiler/gcc-arm-none-eabi-7-2017-q4-major/bin/../lib/gcc/arm-none-eabi/7.2.1/../../../../arm-none-eabi/lib/thumb/v7e-m/libg.a(lib_a-lock.o)
 .bss           0x0000000020000a88        0x0 /home/anirban/ti/ccs1020/ccs/tools/compiler/gcc-arm-none-eabi-7-2017-q4-major/bin/../lib/gcc/arm-none-eabi/7.2.1/../../../../arm-none-eabi/lib/thumb/v7e-m/libg.a(lib_a-__atexit.o)
 .bss           0x0000000020000a88        0x0 /home/anirban/ti/ccs1020/ccs/tools/compiler/gcc-arm-none-eabi-7-2017-q4-major/bin/../lib/gcc/arm-none-eabi/7.2.1/../../../../arm-none-eabi/lib/thumb/v7e-m/libnosys.a(_exit.o)
 .bss           0x0000000020000a88        0x0 /home/anirban/ti/ccs1020/ccs/tools/compiler/gcc-arm-none-eabi-7-2017-q4-major/bin/../lib/gcc/arm-none-eabi/7.2.1/thumb/v7e-m/crtend.o
 .bss           0x0000000020000a88        0x0 /home/anirban/ti/ccs1020/ccs/tools/compiler/gcc-arm-none-eabi-7-2017-q4-major/bin/../lib/gcc/arm-none-eabi/7.2.1/thumb/v7e-m/crtn.o
 *(.bss.*)
 .bss.pui32Stack
                0x0000000020000a88      0x200 ./tm4c123gh6pm_startup_ccs_gcc.o
 *(COMMON)
 COMMON         0x0000000020000c88       0x21 /home/anirban/ti/ccs1020/ccs/tools/compiler/gcc-arm-none-eabi-7-2017-q4-major/bin/../lib/gcc/arm-none-eabi/7.2.1/../../../../arm-none-eabi/lib/thumb/v7e-m/libg.a(lib_a-lock.o)
                0x0000000020000c88                __lock___atexit_recursive_mutex
                0x0000000020000c8c                __lock___arc4random_mutex
                0x0000000020000c90                __lock___env_recursive_mutex
                0x0000000020000c94                __lock___sinit_recursive_mutex
                0x0000000020000c98                __lock___malloc_recursive_mutex
                0x0000000020000c9c                __lock___at_quick_exit_mutex
                0x0000000020000ca0                __lock___dd_hash_mutex
                0x0000000020000ca4                __lock___tz_mutex
                0x0000000020000ca8                __lock___sfp_recursive_mutex
                0x0000000020000cac                . = ALIGN (0x4)
 *fill*         0x0000000020000ca9        0x3 
                0x0000000020000cac                __bss_end__ = .

.heap           0x0000000020000cac        0x0
                0x0000000020000cac                __heap_start__ = .
                0x0000000020000cac                end = __heap_start__
                0x0000000020000cac                _end = end
                0x0000000020000cac                __end = end
 *(.heap)
                0x0000000020000cac                __heap_end__ = .
                0x0000000020000cac                __HeapLimit = __heap_end__

.stack          0x0000000020000cb0        0x0
                0x0000000020000cb0                _stack = .
                0x0000000020000cb0                __stack = .
 *(.stack)
START GROUP
LOAD /home/anirban/ccs_workspace2/Servo_motor/libdriver.a
END GROUP
LOAD ../libdriver.a
START GROUP
LOAD /home/anirban/ti/ccs1020/ccs/tools/compiler/gcc-arm-none-eabi-7-2017-q4-major/bin/../lib/gcc/arm-none-eabi/7.2.1/thumb/v7e-m/libgcc.a
LOAD /home/anirban/ti/ccs1020/ccs/tools/compiler/gcc-arm-none-eabi-7-2017-q4-major/bin/../lib/gcc/arm-none-eabi/7.2.1/../../../../arm-none-eabi/lib/thumb/v7e-m/libg.a
LOAD /home/anirban/ti/ccs1020/ccs/tools/compiler/gcc-arm-none-eabi-7-2017-q4-major/bin/../lib/gcc/arm-none-eabi/7.2.1/../../../../arm-none-eabi/lib/thumb/v7e-m/libc.a
END GROUP
START GROUP
LOAD /home/anirban/ti/ccs1020/ccs/tools/compiler/gcc-arm-none-eabi-7-2017-q4-major/bin/../lib/gcc/arm-none-eabi/7.2.1/thumb/v7e-m/libgcc.a
LOAD /home/anirban/ti/ccs1020/ccs/tools/compiler/gcc-arm-none-eabi-7-2017-q4-major/bin/../lib/gcc/arm-none-eabi/7.2.1/../../../../arm-none-eabi/lib/thumb/v7e-m/libc.a
LOAD /home/anirban/ti/ccs1020/ccs/tools/compiler/gcc-arm-none-eabi-7-2017-q4-major/bin/../lib/gcc/arm-none-eabi/7.2.1/../../../../arm-none-eabi/lib/thumb/v7e-m/libnosys.a
END GROUP
LOAD /home/anirban/ti/ccs1020/ccs/tools/compiler/gcc-arm-none-eabi-7-2017-q4-major/bin/../lib/gcc/arm-none-eabi/7.2.1/thumb/v7e-m/crtend.o
LOAD /home/anirban/ti/ccs1020/ccs/tools/compiler/gcc-arm-none-eabi-7-2017-q4-major/bin/../lib/gcc/arm-none-eabi/7.2.1/thumb/v7e-m/crtn.o
OUTPUT(Servo_motor2.out elf32-littlearm)

.ARM.attributes
                0x0000000000000000       0x2e
 .ARM.attributes
                0x0000000000000000       0x1e /home/anirban/ti/ccs1020/ccs/tools/compiler/gcc-arm-none-eabi-7-2017-q4-major/bin/../lib/gcc/arm-none-eabi/7.2.1/thumb/v7e-m/crti.o
 .ARM.attributes
                0x000000000000001e       0x2e /home/anirban/ti/ccs1020/ccs/tools/compiler/gcc-arm-none-eabi-7-2017-q4-major/bin/../lib/gcc/arm-none-eabi/7.2.1/thumb/v7e-m/crtbegin.o
 .ARM.attributes
                0x000000000000004c       0x1c /home/anirban/ti/ccs1020/ccs/tools/compiler/gcc-arm-none-eabi-7-2017-q4-major/bin/../lib/gcc/arm-none-eabi/7.2.1/../../../../arm-none-eabi/lib/thumb/v7e-m/crt0.o
 .ARM.attributes
                0x0000000000000068       0x33 ./main.o
 .ARM.attributes
                0x000000000000009b       0x33 ./tm4c123gh6pm_startup_ccs_gcc.o
 .ARM.attributes
                0x00000000000000ce       0x32 /home/anirban/ccs_workspace2/Servo_motor/libdriver.a(gpio.o)
 .ARM.attributes
                0x0000000000000100       0x32 /home/anirban/ccs_workspace2/Servo_motor/libdriver.a(interrupt.o)
 .ARM.attributes
                0x0000000000000132       0x32 /home/anirban/ccs_workspace2/Servo_motor/libdriver.a(pwm.o)
 .ARM.attributes
                0x0000000000000164       0x32 /home/anirban/ccs_workspace2/Servo_motor/libdriver.a(sysctl.o)
 .ARM.attributes
                0x0000000000000196       0x32 /home/anirban/ccs_workspace2/Servo_motor/libdriver.a(cpu.o)
 .ARM.attributes
                0x00000000000001c8       0x1e /home/anirban/ti/ccs1020/ccs/tools/compiler/gcc-arm-none-eabi-7-2017-q4-major/bin/../lib/gcc/arm-none-eabi/7.2.1/thumb/v7e-m/libgcc.a(_arm_addsubsf3.o)
 .ARM.attributes
                0x00000000000001e6       0x1e /home/anirban/ti/ccs1020/ccs/tools/compiler/gcc-arm-none-eabi-7-2017-q4-major/bin/../lib/gcc/arm-none-eabi/7.2.1/thumb/v7e-m/libgcc.a(_arm_muldivsf3.o)
 .ARM.attributes
                0x0000000000000204       0x1e /home/anirban/ti/ccs1020/ccs/tools/compiler/gcc-arm-none-eabi-7-2017-q4-major/bin/../lib/gcc/arm-none-eabi/7.2.1/thumb/v7e-m/libgcc.a(_arm_fixsfsi.o)
 .ARM.attributes
                0x0000000000000222       0x2e /home/anirban/ti/ccs1020/ccs/tools/compiler/gcc-arm-none-eabi-7-2017-q4-major/bin/../lib/gcc/arm-none-eabi/7.2.1/../../../../arm-none-eabi/lib/thumb/v7e-m/libg.a(lib_a-exit.o)
 .ARM.attributes
                0x0000000000000250       0x2e /home/anirban/ti/ccs1020/ccs/tools/compiler/gcc-arm-none-eabi-7-2017-q4-major/bin/../lib/gcc/arm-none-eabi/7.2.1/../../../../arm-none-eabi/lib/thumb/v7e-m/libg.a(lib_a-impure.o)
 .ARM.attributes
                0x000000000000027e       0x2e /home/anirban/ti/ccs1020/ccs/tools/compiler/gcc-arm-none-eabi-7-2017-q4-major/bin/../lib/gcc/arm-none-eabi/7.2.1/../../../../arm-none-eabi/lib/thumb/v7e-m/libg.a(lib_a-init.o)
 .ARM.attributes
                0x00000000000002ac       0x2e /home/anirban/ti/ccs1020/ccs/tools/compiler/gcc-arm-none-eabi-7-2017-q4-major/bin/../lib/gcc/arm-none-eabi/7.2.1/../../../../arm-none-eabi/lib/thumb/v7e-m/libg.a(lib_a-memset.o)
 .ARM.attributes
                0x00000000000002da       0x2e /home/anirban/ti/ccs1020/ccs/tools/compiler/gcc-arm-none-eabi-7-2017-q4-major/bin/../lib/gcc/arm-none-eabi/7.2.1/../../../../arm-none-eabi/lib/thumb/v7e-m/libg.a(lib_a-__call_atexit.o)
 .ARM.attributes
                0x0000000000000308       0x2e /home/anirban/ti/ccs1020/ccs/tools/compiler/gcc-arm-none-eabi-7-2017-q4-major/bin/../lib/gcc/arm-none-eabi/7.2.1/../../../../arm-none-eabi/lib/thumb/v7e-m/libg.a(lib_a-atexit.o)
 .ARM.attributes
                0x0000000000000336       0x2e /home/anirban/ti/ccs1020/ccs/tools/compiler/gcc-arm-none-eabi-7-2017-q4-major/bin/../lib/gcc/arm-none-eabi/7.2.1/../../../../arm-none-eabi/lib/thumb/v7e-m/libg.a(lib_a-fini.o)
 .ARM.attributes
                0x0000000000000364       0x2e /home/anirban/ti/ccs1020/ccs/tools/compiler/gcc-arm-none-eabi-7-2017-q4-major/bin/../lib/gcc/arm-none-eabi/7.2.1/../../../../arm-none-eabi/lib/thumb/v7e-m/libg.a(lib_a-lock.o)
 .ARM.attributes
                0x0000000000000392       0x2e /home/anirban/ti/ccs1020/ccs/tools/compiler/gcc-arm-none-eabi-7-2017-q4-major/bin/../lib/gcc/arm-none-eabi/7.2.1/../../../../arm-none-eabi/lib/thumb/v7e-m/libg.a(lib_a-__atexit.o)
 .ARM.attributes
                0x00000000000003c0       0x2e /home/anirban/ti/ccs1020/ccs/tools/compiler/gcc-arm-none-eabi-7-2017-q4-major/bin/../lib/gcc/arm-none-eabi/7.2.1/../../../../arm-none-eabi/lib/thumb/v7e-m/libnosys.a(_exit.o)
 .ARM.attributes
                0x00000000000003ee       0x2e /home/anirban/ti/ccs1020/ccs/tools/compiler/gcc-arm-none-eabi-7-2017-q4-major/bin/../lib/gcc/arm-none-eabi/7.2.1/thumb/v7e-m/crtend.o
 .ARM.attributes
                0x000000000000041c       0x1e /home/anirban/ti/ccs1020/ccs/tools/compiler/gcc-arm-none-eabi-7-2017-q4-major/bin/../lib/gcc/arm-none-eabi/7.2.1/thumb/v7e-m/crtn.o

.comment        0x0000000000000000       0xf7
 .comment       0x0000000000000000       0x7e ./main.o
                                         0x7f (size before relaxing)
 .comment       0x000000000000007e       0x7f ./tm4c123gh6pm_startup_ccs_gcc.o
 .comment       0x000000000000007e       0x79 /home/anirban/ccs_workspace2/Servo_motor/libdriver.a(gpio.o)
                                         0x7a (size before relaxing)
 .comment       0x00000000000000f7       0x7a /home/anirban/ccs_workspace2/Servo_motor/libdriver.a(interrupt.o)
 .comment       0x00000000000000f7       0x7a /home/anirban/ccs_workspace2/Servo_motor/libdriver.a(pwm.o)
 .comment       0x00000000000000f7       0x7a /home/anirban/ccs_workspace2/Servo_motor/libdriver.a(sysctl.o)
 .comment       0x00000000000000f7       0x7a /home/anirban/ccs_workspace2/Servo_motor/libdriver.a(cpu.o)

.debug_info     0x0000000000000000      0x2e8
 .debug_info    0x0000000000000000      0x15b ./main.o
 .debug_info    0x000000000000015b      0x18d ./tm4c123gh6pm_startup_ccs_gcc.o

.debug_abbrev   0x0000000000000000      0x1a4
 .debug_abbrev  0x0000000000000000       0xda ./main.o
 .debug_abbrev  0x00000000000000da       0xca ./tm4c123gh6pm_startup_ccs_gcc.o

.debug_aranges  0x0000000000000000       0x78
 .debug_aranges
                0x0000000000000000       0x40 ./main.o
 .debug_aranges
                0x0000000000000040       0x38 ./tm4c123gh6pm_startup_ccs_gcc.o

.debug_ranges   0x0000000000000000       0x58
 .debug_ranges  0x0000000000000000       0x30 ./main.o
 .debug_ranges  0x0000000000000030       0x28 ./tm4c123gh6pm_startup_ccs_gcc.o

.debug_line     0x0000000000000000      0x226
 .debug_line    0x0000000000000000       0xa3 ./main.o
 .debug_line    0x00000000000000a3      0x183 ./tm4c123gh6pm_startup_ccs_gcc.o

.debug_str      0x0000000000000000      0x25f
 .debug_str     0x0000000000000000      0x199 ./main.o
                                        0x1d3 (size before relaxing)
 .debug_str     0x0000000000000199       0xc6 ./tm4c123gh6pm_startup_ccs_gcc.o
                                        0x24a (size before relaxing)

.debug_frame    0x0000000000000000      0x418
 .debug_frame   0x0000000000000000       0xb4 ./main.o
 .debug_frame   0x00000000000000b4       0x7c ./tm4c123gh6pm_startup_ccs_gcc.o
 .debug_frame   0x0000000000000130       0x4c /home/anirban/ti/ccs1020/ccs/tools/compiler/gcc-arm-none-eabi-7-2017-q4-major/bin/../lib/gcc/arm-none-eabi/7.2.1/thumb/v7e-m/libgcc.a(_arm_addsubsf3.o)
 .debug_frame   0x000000000000017c       0x38 /home/anirban/ti/ccs1020/ccs/tools/compiler/gcc-arm-none-eabi-7-2017-q4-major/bin/../lib/gcc/arm-none-eabi/7.2.1/thumb/v7e-m/libgcc.a(_arm_muldivsf3.o)
 .debug_frame   0x00000000000001b4       0x24 /home/anirban/ti/ccs1020/ccs/tools/compiler/gcc-arm-none-eabi-7-2017-q4-major/bin/../lib/gcc/arm-none-eabi/7.2.1/thumb/v7e-m/libgcc.a(_arm_fixsfsi.o)
 .debug_frame   0x00000000000001d8       0x28 /home/anirban/ti/ccs1020/ccs/tools/compiler/gcc-arm-none-eabi-7-2017-q4-major/bin/../lib/gcc/arm-none-eabi/7.2.1/../../../../arm-none-eabi/lib/thumb/v7e-m/libg.a(lib_a-exit.o)
 .debug_frame   0x0000000000000200       0x2c /home/anirban/ti/ccs1020/ccs/tools/compiler/gcc-arm-none-eabi-7-2017-q4-major/bin/../lib/gcc/arm-none-eabi/7.2.1/../../../../arm-none-eabi/lib/thumb/v7e-m/libg.a(lib_a-init.o)
 .debug_frame   0x000000000000022c       0x38 /home/anirban/ti/ccs1020/ccs/tools/compiler/gcc-arm-none-eabi-7-2017-q4-major/bin/../lib/gcc/arm-none-eabi/7.2.1/../../../../arm-none-eabi/lib/thumb/v7e-m/libg.a(lib_a-memset.o)
 .debug_frame   0x0000000000000264       0x5c /home/anirban/ti/ccs1020/ccs/tools/compiler/gcc-arm-none-eabi-7-2017-q4-major/bin/../lib/gcc/arm-none-eabi/7.2.1/../../../../arm-none-eabi/lib/thumb/v7e-m/libg.a(lib_a-__call_atexit.o)
 .debug_frame   0x00000000000002c0       0x20 /home/anirban/ti/ccs1020/ccs/tools/compiler/gcc-arm-none-eabi-7-2017-q4-major/bin/../lib/gcc/arm-none-eabi/7.2.1/../../../../arm-none-eabi/lib/thumb/v7e-m/libg.a(lib_a-atexit.o)
 .debug_frame   0x00000000000002e0       0x34 /home/anirban/ti/ccs1020/ccs/tools/compiler/gcc-arm-none-eabi-7-2017-q4-major/bin/../lib/gcc/arm-none-eabi/7.2.1/../../../../arm-none-eabi/lib/thumb/v7e-m/libg.a(lib_a-fini.o)
 .debug_frame   0x0000000000000314       0xb0 /home/anirban/ti/ccs1020/ccs/tools/compiler/gcc-arm-none-eabi-7-2017-q4-major/bin/../lib/gcc/arm-none-eabi/7.2.1/../../../../arm-none-eabi/lib/thumb/v7e-m/libg.a(lib_a-lock.o)
 .debug_frame   0x00000000000003c4       0x34 /home/anirban/ti/ccs1020/ccs/tools/compiler/gcc-arm-none-eabi-7-2017-q4-major/bin/../lib/gcc/arm-none-eabi/7.2.1/../../../../arm-none-eabi/lib/thumb/v7e-m/libg.a(lib_a-__atexit.o)
 .debug_frame   0x00000000000003f8       0x20 /home/anirban/ti/ccs1020/ccs/tools/compiler/gcc-arm-none-eabi-7-2017-q4-major/bin/../lib/gcc/arm-none-eabi/7.2.1/../../../../arm-none-eabi/lib/thumb/v7e-m/libnosys.a(_exit.o)
